<html>
<body>
<pre>
<h1>�Vision Build Log</h1>
<h2>Tool Versions:</h2>
IDE-Version: ��Vision V5.42.0.0
Copyright (C) 2025 ARM Ltd and ARM Germany GmbH. All rights reserved.
License Information: 1 1, 1, LIC=PE7DL-0SZMZ-016P1-C81TA-QL62A-TMCDT
 
Tool Versions:
Toolchain:       MDK-ARM Plus  Version: 5.42.0.0
Toolchain Path:  C:\Keil_v5\ARM\ARMCC\Bin
C Compiler:      Armcc.exe V5.06 update 6 (build 750)
Assembler:       Armasm.exe V5.06 update 6 (build 750)
Linker/Locator:  ArmLink.exe V5.06 update 6 (build 750)
Library Manager: ArmAr.exe V5.06 update 6 (build 750)
Hex Converter:   FromElf.exe V5.06 update 6 (build 750)
CPU DLL:         SARMCM3.DLL V5.42.0.0
Dialog DLL:      DCM.DLL V1.17.5.0
Target DLL:      STLink\ST-LINKIII-KEIL_SWO.dll V3.3.0.0
Dialog DLL:      TCM.DLL V1.56.6.0
 
<h2>Project:</h2>
D:\GitHub\dwLaser_Application\MCU_Bootloader\targetBoard_G5_TRI_A1\MDK-ARM\targetBoard_G5_TRI_A1.uvprojx
Project File Date:  10/14/2025

<h2>Output:</h2>
*** Using Compiler 'V5.06 update 6 (build 750)', folder: 'C:\Keil_v5\ARM\ARMCC\Bin'
Build target 'G5_DUAL_A1_20250910'
assembling startup_stm32f407xx.s...
compiling dac.c...
compiling usbh_conf.c...
compiling adc.c...
compiling stm32f4xx_hal_hcd.c...
compiling stm32f4xx_hal_tim_ex.c...
compiling tim.c...
compiling stm32f4xx_it.c...
compiling stm32f4xx_hal_timebase_tim.c...
compiling stm32f4xx_ll_usb.c...
compiling crc.c...
compiling stm32f4xx_hal_rcc.c...
compiling usbh_diskio.c...
compiling usart.c...
compiling fatfs.c...
compiling rng.c...
compiling i2c.c...
compiling usbh_platform.c...
compiling stm32f4xx_hal_tim.c...
compiling gpio.c...
compiling usb_host.c...
compiling stm32f4xx_hal_msp.c...
compiling stm32f4xx_ll_adc.c...
compiling spi.c...
compiling main.c...
compiling stm32f4xx_hal_flash_ramfunc.c...
compiling stm32f4xx_hal_dma.c...
compiling stm32f4xx_hal_pwr_ex.c...
compiling stm32f4xx_hal.c...
compiling stm32f4xx_hal_dac_ex.c...
compiling stm32f4xx_hal_spi.c...
compiling stm32f4xx_hal_rng.c...
compiling system_stm32f4xx.c...
compiling stm32f4xx_hal_exti.c...
compiling stm32f4xx_hal_uart.c...
compiling stm32f4xx_hal_dac.c...
compiling stm32f4xx_hal_rcc_ex.c...
compiling stm32f4xx_hal_i2c_ex.c...
compiling stm32f4xx_hal_flash_ex.c...
compiling stm32f4xx_hal_dma_ex.c...
compiling stm32f4xx_hal_flash.c...
compiling stm32f4xx_hal_gpio.c...
compiling stm32f4xx_hal_pwr.c...
compiling stm32f4xx_hal_cortex.c...
compiling stm32f4xx_hal_crc.c...
compiling stm32f4xx_hal_adc.c...
compiling stm32f4xx_hal_adc_ex.c...
compiling stm32f4xx_hal_i2c.c...
compiling diskio.c...
compiling ff_gen_drv.c...
compiling syscall.c...
compiling usbh_msc_scsi.c...
compiling flash_if.c...
compiling usbh_msc_bot.c...
compiling ff.c...
compiling libcrc.c...
compiling usbh_ioreq.c...
compiling ccsbcs.c...
compiling libcpu.c...
compiling usbh_ctlreq.c...
compiling usbh_core.c...
compiling usbh_pipes.c...
compiling libdbg.c...
compiling usbh_msc.c...
compiling bootLoader.c...
..\..\Bootloader\bootLoader.c(1186): warning:  #177-D: function "epromReadByte"  was declared but never referenced
  static HAL_StatusTypeDef epromReadByte(uint16_t ReadAddr, uint8_t *rdat){//在指定地址读出8位数�?
..\..\Bootloader\bootLoader.c(1207): warning:  #177-D: function "epromReadHword"  was declared but never referenced
  static HAL_StatusTypeDef epromReadHword(uint16_t ReadAddr, uint16_t *rdat){//在指定地址开始读�?16位数
..\..\Bootloader\bootLoader.c(1272): warning:  #177-D: function "epromWriteHword"  was declared but never referenced
  static HAL_StatusTypeDef epromWriteHword(uint16_t WriteAddr, uint16_t *wdat){//在的指定地址开始写�?16位数
..\..\Bootloader\bootLoader.c(1085): warning:  #177-D: function "dp_display_array"  was declared but never referenced
  static void dp_display_array(uint8_t *value, int bytes, int descriptive){
..\..\Bootloader\bootLoader.c: 4 warnings, 0 errors
linking...
Program Size: Code=56888 RO-data=8140 RW-data=224 ZI-data=45800  
FromELF: creating hex file...
After Build - User command #1: D:\GitHub\dwLaser_Application\MCU_Bootloader\targetBoard_G5_TRI_A1\MDK-ARM\convert.bat
D:\GitHub\dwLaser_Application\MCU_Bootloader\targetBoard_G5_TRI_A1\MDK-ARM>del ld_mcu.bin 
�Ҳ��� D:\GitHub\dwLaser_Application\MCU_Bootloader\targetBoard_G5_TRI_A1\MDK-ARM\ld_mcu.bin
D:\GitHub\dwLaser_Application\MCU_Bootloader\targetBoard_G5_TRI_A1\MDK-ARM>C:\Keil_v5\ARM\ARMCC\bin\fromelf   --bin --output   .\bootload.bin   .\targetBoard_G5_TRI_A1\dwLaser_Bootloader.axf 
"targetBoard_G5_TRI_A1\dwLaser_Bootloader.axf" - 0 Error(s), 4 Warning(s).

<h2>Software Packages used:</h2>

Package Vendor: ARM
                https://www.keil.com/pack/ARM.CMSIS.6.2.0.pack
                ARM::CMSIS@6.2.0
                CMSIS (Common Microcontroller Software Interface Standard)
   * Component: CORE Version: 6.1.1

Package Vendor: Keil
                https://www.keil.com/pack/Keil.STM32F4xx_DFP.3.0.0.pack
                Keil::STM32F4xx_DFP@3.0.0
                STMicroelectronics STM32F4 Series Device Support

<h2>Collection of Component include folders:</h2>
  ./RTE/_G5_DUAL_A1_20250910
  C:/Users/linqi/AppData/Local/Arm/Packs/ARM/CMSIS/6.2.0/CMSIS/Core/Include

<h2>Collection of Component Files used:</h2>

   * Component: ARM::CMSIS:CORE@6.1.1
      Include file:  CMSIS/Core/Include/tz_context.h
Build Time Elapsed:  00:00:08
</pre>
</body>
</html>
