Component: ARM Compiler 5.06 update 6 (build 750) Tool: armlink [4d35ed]

==============================================================================

Section Cross References

    startup_stm32f407xx.o(RESET) refers to startup_stm32f407xx.o(STACK) for __initial_sp
    startup_stm32f407xx.o(RESET) refers to startup_stm32f407xx.o(.text) for Reset_Handler
    startup_stm32f407xx.o(RESET) refers to stm32f4xx_it.o(i.NMI_Handler) for NMI_Handler
    startup_stm32f407xx.o(RESET) refers to stm32f4xx_it.o(i.HardFault_Handler) for HardFault_Handler
    startup_stm32f407xx.o(RESET) refers to stm32f4xx_it.o(i.MemManage_Handler) for MemManage_Handler
    startup_stm32f407xx.o(RESET) refers to stm32f4xx_it.o(i.BusFault_Handler) for BusFault_Handler
    startup_stm32f407xx.o(RESET) refers to stm32f4xx_it.o(i.UsageFault_Handler) for UsageFault_Handler
    startup_stm32f407xx.o(RESET) refers to stm32f4xx_it.o(i.SVC_Handler) for SVC_Handler
    startup_stm32f407xx.o(RESET) refers to stm32f4xx_it.o(i.DebugMon_Handler) for DebugMon_Handler
    startup_stm32f407xx.o(RESET) refers to stm32f4xx_it.o(i.PendSV_Handler) for PendSV_Handler
    startup_stm32f407xx.o(RESET) refers to stm32f4xx_it.o(i.SysTick_Handler) for SysTick_Handler
    startup_stm32f407xx.o(RESET) refers to stm32f4xx_it.o(i.TIM6_DAC_IRQHandler) for TIM6_DAC_IRQHandler
    startup_stm32f407xx.o(RESET) refers to stm32f4xx_it.o(i.OTG_FS_IRQHandler) for OTG_FS_IRQHandler
    startup_stm32f407xx.o(.text) refers to system_stm32f4xx.o(i.SystemInit) for SystemInit
    startup_stm32f407xx.o(.text) refers to __main.o(!!!main) for __main
    main.o(i.HAL_TIM_PeriodElapsedCallback) refers to stm32f4xx_hal.o(i.HAL_IncTick) for HAL_IncTick
    main.o(i.SystemClock_Config) refers to rt_memclr_w.o(.text) for __aeabi_memclr4
    main.o(i.SystemClock_Config) refers to stm32f4xx_hal_rcc.o(i.HAL_RCC_OscConfig) for HAL_RCC_OscConfig
    main.o(i.SystemClock_Config) refers to main.o(i.Error_Handler) for Error_Handler
    main.o(i.SystemClock_Config) refers to stm32f4xx_hal_rcc.o(i.HAL_RCC_ClockConfig) for HAL_RCC_ClockConfig
    main.o(i.main) refers to libcpu.o(i.resetInit) for resetInit
    main.o(i.main) refers to stm32f4xx_hal.o(i.HAL_Init) for HAL_Init
    main.o(i.main) refers to main.o(i.SystemClock_Config) for SystemClock_Config
    main.o(i.main) refers to gpio.o(i.MX_GPIO_Init) for MX_GPIO_Init
    main.o(i.main) refers to dac.o(i.MX_DAC_Init) for MX_DAC_Init
    main.o(i.main) refers to spi.o(i.MX_SPI3_Init) for MX_SPI3_Init
    main.o(i.main) refers to adc.o(i.MX_ADC1_Init) for MX_ADC1_Init
    main.o(i.main) refers to crc.o(i.MX_CRC_Init) for MX_CRC_Init
    main.o(i.main) refers to i2c.o(i.MX_I2C2_Init) for MX_I2C2_Init
    main.o(i.main) refers to rng.o(i.MX_RNG_Init) for MX_RNG_Init
    main.o(i.main) refers to tim.o(i.MX_TIM3_Init) for MX_TIM3_Init
    main.o(i.main) refers to tim.o(i.MX_TIM4_Init) for MX_TIM4_Init
    main.o(i.main) refers to tim.o(i.MX_TIM8_Init) for MX_TIM8_Init
    main.o(i.main) refers to usart.o(i.MX_USART1_UART_Init) for MX_USART1_UART_Init
    main.o(i.main) refers to usart.o(i.MX_USART2_UART_Init) for MX_USART2_UART_Init
    main.o(i.main) refers to usart.o(i.MX_USART3_UART_Init) for MX_USART3_UART_Init
    main.o(i.main) refers to i2c.o(i.MX_I2C1_Init) for MX_I2C1_Init
    main.o(i.main) refers to tim.o(i.MX_TIM10_Init) for MX_TIM10_Init
    main.o(i.main) refers to usart.o(i.MX_USART6_UART_Init) for MX_USART6_UART_Init
    main.o(i.main) refers to fatfs.o(i.MX_FATFS_Init) for MX_FATFS_Init
    main.o(i.main) refers to usb_host.o(i.MX_USB_HOST_Init) for MX_USB_HOST_Init
    main.o(i.main) refers to tim.o(i.MX_TIM14_Init) for MX_TIM14_Init
    main.o(i.main) refers to tim.o(i.MX_TIM7_Init) for MX_TIM7_Init
    main.o(i.main) refers to bootloader.o(i.bootLoadInit) for bootLoadInit
    main.o(i.main) refers to stm32f4xx_hal_flash.o(i.HAL_FLASH_Unlock) for HAL_FLASH_Unlock
    main.o(i.main) refers to stm32f4xx_hal_gpio.o(i.HAL_GPIO_WritePin) for HAL_GPIO_WritePin
    main.o(i.main) refers to usb_host.o(i.MX_USB_HOST_Process) for MX_USB_HOST_Process
    main.o(i.main) refers to bootloader.o(i.bootLoadProcess) for bootLoadProcess
    gpio.o(i.MX_GPIO_Init) refers to rt_memclr_w.o(.text) for __aeabi_memclr4
    gpio.o(i.MX_GPIO_Init) refers to stm32f4xx_hal_gpio.o(i.HAL_GPIO_WritePin) for HAL_GPIO_WritePin
    gpio.o(i.MX_GPIO_Init) refers to stm32f4xx_hal_gpio.o(i.HAL_GPIO_Init) for HAL_GPIO_Init
    adc.o(i.HAL_ADC_MspDeInit) refers to stm32f4xx_hal_gpio.o(i.HAL_GPIO_DeInit) for HAL_GPIO_DeInit
    adc.o(i.HAL_ADC_MspInit) refers to rt_memclr_w.o(.text) for __aeabi_memclr4
    adc.o(i.HAL_ADC_MspInit) refers to stm32f4xx_hal_gpio.o(i.HAL_GPIO_Init) for HAL_GPIO_Init
    adc.o(i.MX_ADC1_Init) refers to stm32f4xx_hal_adc.o(i.HAL_ADC_Init) for HAL_ADC_Init
    adc.o(i.MX_ADC1_Init) refers to main.o(i.Error_Handler) for Error_Handler
    adc.o(i.MX_ADC1_Init) refers to stm32f4xx_hal_adc.o(i.HAL_ADC_ConfigChannel) for HAL_ADC_ConfigChannel
[...]
    SystemClock_Config                       0x080053dd   Thumb Code   142  main.o(i.SystemClock_Config)
    SystemClock_Reset                        0x08005475   Thumb Code   140  libcpu.o(i.SystemClock_Reset)
    SystemInit                               0x08005511   Thumb Code    12  system_stm32f4xx.o(i.SystemInit)
    TIM6_DAC_IRQHandler                      0x08005521   Thumb Code    26  stm32f4xx_it.o(i.TIM6_DAC_IRQHandler)
    TIM_Base_SetConfig                       0x08005545   Thumb Code   168  stm32f4xx_hal_tim.o(i.TIM_Base_SetConfig)
    TIM_CCxChannelCmd                        0x08005619   Thumb Code    26  stm32f4xx_hal_tim.o(i.TIM_CCxChannelCmd)
    TIM_ETR_SetConfig                        0x08005633   Thumb Code    20  stm32f4xx_hal_tim.o(i.TIM_ETR_SetConfig)
    TIM_OC2_SetConfig                        0x080056c1   Thumb Code   106  stm32f4xx_hal_tim.o(i.TIM_OC2_SetConfig)
    TIM_TI1_SetConfig                        0x0800581d   Thumb Code   100  stm32f4xx_hal_tim.o(i.TIM_TI1_SetConfig)
    USBH_AllocPipe                           0x08005b39   Thumb Code    40  usbh_pipes.o(i.USBH_AllocPipe)
    USBH_BulkReceiveData                     0x08005b61   Thumb Code    32  usbh_ioreq.o(i.USBH_BulkReceiveData)
    USBH_BulkSendData                        0x08005b81   Thumb Code    44  usbh_ioreq.o(i.USBH_BulkSendData)
    USBH_ClosePipe                           0x08005bad   Thumb Code    10  usbh_pipes.o(i.USBH_ClosePipe)
    USBH_ClrFeature                          0x08005bb7   Thumb Code    30  usbh_ctlreq.o(i.USBH_ClrFeature)
    USBH_CtlReceiveData                      0x08005bd5   Thumb Code    32  usbh_ioreq.o(i.USBH_CtlReceiveData)
    USBH_CtlReq                              0x08005bf5   Thumb Code    58  usbh_ctlreq.o(i.USBH_CtlReq)
    USBH_CtlSendData                         0x08005c2f   Thumb Code    44  usbh_ioreq.o(i.USBH_CtlSendData)
    USBH_CtlSendSetup                        0x08005c5b   Thumb Code    30  usbh_ioreq.o(i.USBH_CtlSendSetup)
    USBH_Delay                               0x08005c79   Thumb Code     4  usbh_conf.o(i.USBH_Delay)
    USBH_FindInterface                       0x08005c7d   Thumb Code    68  usbh_core.o(i.USBH_FindInterface)
    USBH_FreePipe                            0x08005cc1   Thumb Code    24  usbh_pipes.o(i.USBH_FreePipe)
    USBH_GetDescriptor                       0x08005cd9   Thumb Code    56  usbh_ctlreq.o(i.USBH_GetDescriptor)
    USBH_GetNextDesc                         0x08005d2f   Thumb Code    14  usbh_ctlreq.o(i.USBH_GetNextDesc)
    USBH_Get_CfgDesc                         0x08005d3d   Thumb Code    72  usbh_ctlreq.o(i.USBH_Get_CfgDesc)
    USBH_Get_DevDesc                         0x08005d95   Thumb Code    72  usbh_ctlreq.o(i.USBH_Get_DevDesc)
    USBH_Get_StringDesc                      0x08005ded   Thumb Code    74  usbh_ctlreq.o(i.USBH_Get_StringDesc)
    USBH_Get_USB_Status                      0x08005e49   Thumb Code    36  usbh_conf.o(i.USBH_Get_USB_Status)
    USBH_Init                                0x0800658d   Thumb Code    84  usbh_core.o(i.USBH_Init)
    USBH_LL_ClosePipe                        0x08006601   Thumb Code     4  usbh_conf.o(i.USBH_LL_ClosePipe)
    USBH_LL_Connect                          0x08006605   Thumb Code    18  usbh_core.o(i.USBH_LL_Connect)
    USBH_LL_Disconnect                       0x08006617   Thumb Code    46  usbh_core.o(i.USBH_LL_Disconnect)
    USBH_LL_DriverVBUS                       0x08006645   Thumb Code    26  usbh_conf.o(i.USBH_LL_DriverVBUS)
    USBH_LL_GetLastXferSize                  0x0800665f   Thumb Code     8  usbh_conf.o(i.USBH_LL_GetLastXferSize)
    USBH_LL_GetSpeed                         0x08006667   Thumb Code    34  usbh_conf.o(i.USBH_LL_GetSpeed)
    USBH_LL_GetToggle                        0x08006689   Thumb Code    30  usbh_conf.o(i.USBH_LL_GetToggle)
    USBH_LL_GetURBState                      0x080066a7   Thumb Code     8  usbh_conf.o(i.USBH_LL_GetURBState)
    USBH_LL_IncTimer                         0x080066af   Thumb Code    14  usbh_core.o(i.USBH_LL_IncTimer)
    USBH_LL_Init                             0x080066bd   Thumb Code    74  usbh_conf.o(i.USBH_LL_Init)
    USBH_LL_OpenPipe                         0x0800670d   Thumb Code    30  usbh_conf.o(i.USBH_LL_OpenPipe)
    USBH_LL_PortDisabled                     0x0800672b   Thumb Code    14  usbh_core.o(i.USBH_LL_PortDisabled)
    USBH_LL_PortEnabled                      0x08006739   Thumb Code     8  usbh_core.o(i.USBH_LL_PortEnabled)
    USBH_LL_ResetPort                        0x08006741   Thumb Code    18  usbh_conf.o(i.USBH_LL_ResetPort)
    USBH_LL_SetTimer                         0x08006753   Thumb Code     6  usbh_core.o(i.USBH_LL_SetTimer)
    USBH_LL_SetToggle                        0x08006759   Thumb Code    32  usbh_conf.o(i.USBH_LL_SetToggle)
    USBH_LL_Start                            0x08006779   Thumb Code    18  usbh_conf.o(i.USBH_LL_Start)
    USBH_LL_Stop                             0x0800678b   Thumb Code    18  usbh_conf.o(i.USBH_LL_Stop)
    USBH_LL_SubmitURB                        0x0800679d   Thumb Code    38  usbh_conf.o(i.USBH_LL_SubmitURB)
    USBH_MSC_BOT_Init                        0x080067e9   Thumb Code    26  usbh_msc_bot.o(i.USBH_MSC_BOT_Init)
    USBH_MSC_BOT_Process                     0x0800680d   Thumb Code   550  usbh_msc_bot.o(i.USBH_MSC_BOT_Process)
    USBH_MSC_BOT_REQ_GetMaxLUN               0x08006a33   Thumb Code    22  usbh_msc_bot.o(i.USBH_MSC_BOT_REQ_GetMaxLUN)
    USBH_MSC_BOT_REQ_Reset                   0x08006a49   Thumb Code    24  usbh_msc_bot.o(i.USBH_MSC_BOT_REQ_Reset)
    USBH_MSC_GetLUNInfo                      0x08006b55   Thumb Code    52  usbh_msc.o(i.USBH_MSC_GetLUNInfo)
    USBH_MSC_Read                            0x080074e5   Thumb Code   122  usbh_msc.o(i.USBH_MSC_Read)
    USBH_MSC_SCSI_Inquiry                    0x0800755f   Thumb Code   200  usbh_msc_scsi.o(i.USBH_MSC_SCSI_Inquiry)
    USBH_MSC_SCSI_Read                       0x08007627   Thumb Code   140  usbh_msc_scsi.o(i.USBH_MSC_SCSI_Read)
    USBH_MSC_SCSI_ReadCapacity               0x080076b3   Thumb Code   134  usbh_msc_scsi.o(i.USBH_MSC_SCSI_ReadCapacity)
    USBH_MSC_SCSI_RequestSense               0x08007739   Thumb Code   152  usbh_msc_scsi.o(i.USBH_MSC_SCSI_RequestSense)
    USBH_MSC_SCSI_TestUnitReady              0x080077f5   Thumb Code    74  usbh_msc_scsi.o(i.USBH_MSC_SCSI_TestUnitReady)
    USBH_MSC_SCSI_Write                      0x0800783f   Thumb Code   140  usbh_msc_scsi.o(i.USBH_MSC_SCSI_Write)
    USBH_MSC_UnitIsReady                     0x080078cf   Thumb Code    42  usbh_msc.o(i.USBH_MSC_UnitIsReady)
    USBH_MSC_Write                           0x080078f9   Thumb Code   122  usbh_msc.o(i.USBH_MSC_Write)
    USBH_OpenPipe                            0x08007973   Thumb Code    22  usbh_pipes.o(i.USBH_OpenPipe)
    USBH_Process                             0x08007c81   Thumb Code   818  usbh_core.o(i.USBH_Process)
    USBH_RegisterClass                       0x08008199   Thumb Code    72  usbh_core.o(i.USBH_RegisterClass)
    USBH_SelectInterface                     0x08008221   Thumb Code   118  usbh_core.o(i.USBH_SelectInterface)
    USBH_SetAddress                          0x08008315   Thumb Code    28  usbh_ctlreq.o(i.USBH_SetAddress)
    USBH_SetCfg                              0x08008331   Thumb Code    28  usbh_ctlreq.o(i.USBH_SetCfg)
    USBH_SetFeature                          0x0800834d   Thumb Code    28  usbh_ctlreq.o(i.USBH_SetFeature)
    USBH_Start                               0x08008369   Thumb Code    22  usbh_core.o(i.USBH_Start)
    USBH_initialize                          0x080083a9   Thumb Code     4  usbh_diskio.o(i.USBH_initialize)
    USBH_ioctl                               0x080083ad   Thumb Code   108  usbh_diskio.o(i.USBH_ioctl)
    USBH_read                                0x0800841d   Thumb Code    80  usbh_diskio.o(i.USBH_read)
    USBH_status                              0x08008495   Thumb Code    20  usbh_diskio.o(i.USBH_status)
    USBH_write                               0x080084ad   Thumb Code   106  usbh_diskio.o(i.USBH_write)
    USB_CoreInit                             0x08008561   Thumb Code   130  stm32f4xx_ll_usb.o(i.USB_CoreInit)
    USB_DisableGlobalInt                     0x0800863d   Thumb Code    12  stm32f4xx_ll_usb.o(i.USB_DisableGlobalInt)
    USB_DoPing                               0x08008649   Thumb Code    28  stm32f4xx_ll_usb.o(i.USB_DoPing)
    USB_DriveVbus                            0x08008669   Thumb Code    58  stm32f4xx_ll_usb.o(i.USB_DriveVbus)
    USB_EnableGlobalInt                      0x080086a3   Thumb Code    12  stm32f4xx_ll_usb.o(i.USB_EnableGlobalInt)
    USB_FlushRxFifo                          0x080086af   Thumb Code    64  stm32f4xx_ll_usb.o(i.USB_FlushRxFifo)
    USB_FlushTxFifo                          0x080086ef   Thumb Code    68  stm32f4xx_ll_usb.o(i.USB_FlushTxFifo)
    USB_GetCurrentFrame                      0x08008733   Thumb Code     8  stm32f4xx_ll_usb.o(i.USB_GetCurrentFrame)
    USB_GetHostSpeed                         0x0800873b   Thumb Code    16  stm32f4xx_ll_usb.o(i.USB_GetHostSpeed)
    USB_GetMode                              0x0800874b   Thumb Code     8  stm32f4xx_ll_usb.o(i.USB_GetMode)
    USB_HC_Halt                              0x08008753   Thumb Code   246  stm32f4xx_ll_usb.o(i.USB_HC_Halt)
    USB_HC_Init                              0x08008849   Thumb Code   296  stm32f4xx_ll_usb.o(i.USB_HC_Init)
    USB_HC_ReadInterrupt                     0x08008975   Thumb Code     8  stm32f4xx_ll_usb.o(i.USB_HC_ReadInterrupt)
    USB_HC_StartXfer                         0x0800897d   Thumb Code   652  stm32f4xx_ll_usb.o(i.USB_HC_StartXfer)
    USB_HostInit                             0x08008c0d   Thumb Code   212  stm32f4xx_ll_usb.o(i.USB_HostInit)
    USB_InitFSLSPClkSel                      0x08008cf9   Thumb Code    60  stm32f4xx_ll_usb.o(i.USB_InitFSLSPClkSel)
    USB_ReadChInterrupts                     0x08008d35   Thumb Code    16  stm32f4xx_ll_usb.o(i.USB_ReadChInterrupts)
    USB_ReadInterrupts                       0x08008d45   Thumb Code     8  stm32f4xx_ll_usb.o(i.USB_ReadInterrupts)
    USB_ReadPacket                           0x08008d4d   Thumb Code    62  stm32f4xx_ll_usb.o(i.USB_ReadPacket)
    USB_ResetPort                            0x08008d8b   Thumb Code    52  stm32f4xx_ll_usb.o(i.USB_ResetPort)
    USB_SetCurrentMode                       0x08008dbf   Thumb Code    96  stm32f4xx_ll_usb.o(i.USB_SetCurrentMode)
    USB_StopHost                             0x08008e1f   Thumb Code   146  stm32f4xx_ll_usb.o(i.USB_StopHost)
    USB_WritePacket                          0x08008eb1   Thumb Code    40  stm32f4xx_ll_usb.o(i.USB_WritePacket)
    UsageFault_Handler                       0x08008ed9   Thumb Code     2  stm32f4xx_it.o(i.UsageFault_Handler)
    UsbGpioReset                             0x08008edd   Thumb Code   212  libcpu.o(i.UsbGpioReset)
    _is_digit                                0x08008fdd   Thumb Code    14  __printf_wp.o(i._is_digit)
    _sys_exit                                0x08008feb   Thumb Code     2  libdbg.o(i._sys_exit)
    _ttywrch                                 0x08008fed   Thumb Code     2  libdbg.o(i._ttywrch)
    bootLoadInit                             0x0800941d   Thumb Code   496  bootloader.o(i.bootLoadInit)
    bootLoadProcess                          0x0800997d   Thumb Code  3780  bootloader.o(i.bootLoadProcess)
    checkBlank                               0x0800a8e1   Thumb Code    24  splceprom.o(i.checkBlank)
    clearEprom                               0x0800a9f9   Thumb Code   246  splceprom.o(i.clearEprom)
    cpuGetFlashSize                          0x0800ac11   Thumb Code     6  libcpu.o(i.cpuGetFlashSize)
    crc32Calculate                           0x0800ac1d   Thumb Code    40  libcrc.o(i.crc32Calculate)
    crc32CalculateAdd                        0x0800ac4d   Thumb Code    24  libcrc.o(i.crc32CalculateAdd)
    crc32Clear                               0x0800ac6d   Thumb Code    10  libcrc.o(i.crc32Clear)
    disk_initialize                          0x0800b741   Thumb Code    38  diskio.o(i.disk_initialize)
    disk_ioctl                               0x0800b76d   Thumb Code    22  diskio.o(i.disk_ioctl)
    disk_read                                0x0800b789   Thumb Code    24  diskio.o(i.disk_read)
    disk_status                              0x0800b7a5   Thumb Code    18  diskio.o(i.disk_status)
    disk_write                               0x0800b7bd   Thumb Code    24  diskio.o(i.disk_write)
    epromRead                                0x0800b861   Thumb Code   238  splceprom.o(i.epromRead)
    epromReadDword                           0x0800b95d   Thumb Code    90  splceprom.o(i.epromReadDword)
    epromWrite                               0x0800b9c5   Thumb Code   210  splceprom.o(i.epromWrite)
    epromWriteByte                           0x0800baa5   Thumb Code    88  splceprom.o(i.epromWriteByte)
    epromWriteDword                          0x0800bb09   Thumb Code    92  splceprom.o(i.epromWriteDword)
    f_close                                  0x0800bb71   Thumb Code    42  ff.o(i.f_close)
    f_closedir                               0x0800bb9b   Thumb Code    36  ff.o(i.f_closedir)
    f_lseek                                  0x0800bbbf   Thumb Code   572  ff.o(i.f_lseek)
    f_mount                                  0x0800bdfd   Thumb Code    90  ff.o(i.f_mount)
    f_open                                   0x0800be5d   Thumb Code   826  ff.o(i.f_open)
    f_opendir                                0x0800c197   Thumb Code   238  ff.o(i.f_opendir)
    f_read                                   0x0800c285   Thumb Code   404  ff.o(i.f_read)
    f_readdir                                0x0800c419   Thumb Code   112  ff.o(i.f_readdir)
    f_sync                                   0x0800c489   Thumb Code   370  ff.o(i.f_sync)
    f_write                                  0x0800c5fb   Thumb Code   516  ff.o(i.f_write)
    ff_convert                               0x0800c801   Thumb Code    48  ccsbcs.o(i.ff_convert)
    ff_memalloc                              0x0800c835   Thumb Code     4  syscall.o(i.ff_memalloc)
    ff_memfree                               0x0800c839   Thumb Code     4  syscall.o(i.ff_memfree)
    ff_wtoupper                              0x0800c83d   Thumb Code   132  ccsbcs.o(i.ff_wtoupper)
    fputc                                    0x0800ce19   Thumb Code    24  libdbg.o(i.fputc)
    get_fattime                              0x0800d16b   Thumb Code     4  fatfs.o(i.get_fattime)
    listEpromTable                           0x0800d469   Thumb Code   144  splceprom.o(i.listEpromTable)
    main                                     0x0800d771   Thumb Code   120  main.o(i.main)
    readStm32UniqueID                        0x0800db05   Thumb Code    26  libcpu.o(i.readStm32UniqueID)
    resetInit                                0x0800dc21   Thumb Code    18  libcpu.o(i.resetInit)
    softDelayMs                              0x0800dc33   Thumb Code    26  libcpu.o(i.softDelayMs)
    _fp_init                                 0x0800e5a7   Thumb Code    10  fpinit.o(x$fpl$fpinit)
    __fplib_config_fpu_vfp                   0x0800e5af   Thumb Code     0  fpinit.o(x$fpl$fpinit)
    __fplib_config_pureend_doubles           0x0800e5af   Thumb Code     0  fpinit.o(x$fpl$fpinit)
    USBH_Driver                              0x0800e5b0   Data          20  usbh_diskio.o(.constdata)
    AHBPrescTable                            0x0800e5c4   Data          16  system_stm32f4xx.o(.constdata)
    APBPrescTable                            0x0800e5d4   Data           8  system_stm32f4xx.o(.constdata)
    crc16Tab                                 0x0800ea18   Data         512  libcrc.o(.constdata)
    crc32Tab                                 0x0800ec18   Data        1024  libcrc.o(.constdata)
    Region$$Table$$Base                      0x0800f1b8   Number         0  anon$$obj.o(Region$$Table)
    Region$$Table$$Limit                     0x0800f1d8   Number         0  anon$$obj.o(Region$$Table)
    BootLoadMainVer                          0x0800fe00   Data           1  bootloader.o(.ARM.__AT_0x0800FE00)
    BootLoadMinorVer                         0x0800fe01   Data           1  bootloader.o(.ARM.__AT_0x0800FE01)
    hcrc                                     0x20000000   Data           8  crc.o(.data)
    retUSBH                                  0x20000008   Data           1  fatfs.o(.data)
    USBHPath                                 0x20000009   Data           4  fatfs.o(.data)
    Appli_state                              0x2000000d   Data           1  usb_host.o(.data)
    uwTickFreq                               0x20000010   Data           1  stm32f4xx_hal.o(.data)
    uwTickPrio                               0x20000014   Data           4  stm32f4xx_hal.o(.data)
    uwTick                                   0x20000018   Data           4  stm32f4xx_hal.o(.data)
    SystemCoreClock                          0x2000001c   Data           4  system_stm32f4xx.o(.data)
    USBH_msc                                 0x20000028   Data          32  usbh_msc.o(.data)
    retUsbH                                  0x20000048   Data           1  bootloader.o(.data)
    gddcRxIndex                              0x2000004c   Data           2  bootloader.o(.data)
    TmpReadSize                              0x20000050   Data           4  bootloader.o(.data)
    RamAddress                               0x20000054   Data           4  bootloader.o(.data)
    crcEpromMcu                              0x2000005c   Data           4  bootloader.o(.data)
    crcEpromLcd                              0x20000060   Data           4  bootloader.o(.data)
    releaseTime0                             0x2000006c   Data           4  bootloader.o(.data)
    releaseTime1                             0x20000070   Data           4  bootloader.o(.data)
    overTime                                 0x20000074   Data           4  bootloader.o(.data)
    JumpAddress                              0x20000078   Data           4  bootloader.o(.data)
    Jump_To_Application                      0x2000007c   Data           4  bootloader.o(.data)
    cmdShakeHandOp                           0x20000080   Data           6  bootloader.o(.data)
    cmdShakeHandRespondOp                    0x20000086   Data           6  bootloader.o(.data)
    cmdResetOp                               0x2000008c   Data          26  bootloader.o(.data)
    cmdFormatOp                              0x200000a6   Data          11  bootloader.o(.data)
    cmdResetHmiOp                            0x200000b1   Data          10  bootloader.o(.data)
    __stdout                                 0x200000cc   Data           4  libdbg.o(.data)
    hadc1                                    0x200000dc   Data          72  adc.o(.bss)
    hdac                                     0x20000124   Data          20  dac.o(.bss)
    hi2c1                                    0x20000138   Data          84  i2c.o(.bss)
    hi2c2                                    0x2000018c   Data          84  i2c.o(.bss)
    hrng                                     0x200001e0   Data          16  rng.o(.bss)
    hspi3                                    0x200001f0   Data          88  spi.o(.bss)
    htim3                                    0x20000248   Data          72  tim.o(.bss)
    htim4                                    0x20000290   Data          72  tim.o(.bss)
    htim7                                    0x200002d8   Data          72  tim.o(.bss)
    htim8                                    0x20000320   Data          72  tim.o(.bss)
    htim10                                   0x20000368   Data          72  tim.o(.bss)
    htim14                                   0x200003b0   Data          72  tim.o(.bss)
    huart1                                   0x200003f8   Data          72  usart.o(.bss)
    huart2                                   0x20000440   Data          72  usart.o(.bss)
    huart3                                   0x20000488   Data          72  usart.o(.bss)
    huart6                                   0x200004d0   Data          72  usart.o(.bss)
    htim6                                    0x20000518   Data          72  stm32f4xx_hal_timebase_tim.o(.bss)
    hUsbHostFS                               0x20000560   Data         984  usb_host.o(.bss)
    hhcd_USB_OTG_FS                          0x20000938   Data         992  usbh_conf.o(.bss)
    pFlash                                   0x20000d18   Data          32  stm32f4xx_hal_flash.o(.bss)
    disk                                     0x20001d28   Data          12  ff_gen_drv.o(.bss)
    RAM_Buf                                  0x20001d38   Data       16384  bootloader.o(.bss)
    gddcRxBuf                                0x20005d38   Data         128  bootloader.o(.bss)
    gddcTxBuf                                0x20005db8   Data        2052  bootloader.o(.bss)
    USBH_fatfs                               0x200065bc   Data         568  bootloader.o(.bss)
    CfgFile                                  0x200067f8   Data         592  bootloader.o(.bss)
    McuFile                                  0x20006a48   Data         592  bootloader.o(.bss)
    LcdFile                                  0x20006c98   Data         592  bootloader.o(.bss)
    SepromFile                               0x20006ee8   Data         592  bootloader.o(.bss)
    LepromFile                               0x20007138   Data         592  bootloader.o(.bss)
    UniqueId                                 0x200073b8   Data          12  libcpu.o(.bss)
    __libspace_start                         0x200073c4   Data          96  libspace.o(.bss)
    __temporary_stack_top$libspace           0x20007424   Data           0  libspace.o(.bss)
    __heap_base                              0x20007428   Data           0  startup_stm32f407xx.o(HEAP)
    __heap_limit                             0x20009428   Data           0  startup_stm32f407xx.o(HEAP)
    __initial_sp                             0x2000b428   Data           0  startup_stm32f407xx.o(STACK)



==============================================================================

Memory Map of the image

  Image Entry point : 0x08000189

  Load Region LR_IROM1 (Base: 0x08000000, Size: 0x0000fee0, Max: 0x00010000, ABSOLUTE)

    Execution Region ER_IROM1 (Exec base: 0x08000000, Load base: 0x08000000, Size: 0x0000fe04, Max: 0x00010000, ABSOLUTE)

    Exec Addr    Load Addr    Size         Type   Attr      Idx    E Section Name        Object

    0x08000000   0x08000000   0x00000188   Data   RO            3    RESET               startup_stm32f407xx.o
    0x08000188   0x08000188   0x00000008   Code   RO         7667  * !!!main             c_w.l(__main.o)
    0x08000190   0x08000190   0x00000034   Code   RO         7902    !!!scatter          c_w.l(__scatter.o)
    0x080001c4   0x080001c4   0x0000001a   Code   RO         7904    !!handler_copy      c_w.l(__scatter_copy.o)
    0x080001de   0x080001de   0x00000002   PAD
    0x080001e0   0x080001e0   0x0000001c   Code   RO         7906    !!handler_zi        c_w.l(__scatter_zi.o)
    0x080001fc   0x080001fc   0x00000000   Code   RO         7645    .ARM.Collect$$_printf_percent$$00000000  c_w.l(_printf_percent.o)
    0x080001fc   0x080001fc   0x00000006   Code   RO         7643    .ARM.Collect$$_printf_percent$$00000009  c_w.l(_printf_d.o)
    0x08000202   0x08000202   0x00000006   Code   RO         7644    .ARM.Collect$$_printf_percent$$0000000A  c_w.l(_printf_u.o)
    0x08000208   0x08000208   0x00000006   Code   RO         7642    .ARM.Collect$$_printf_percent$$0000000C  c_w.l(_printf_x.o)
    0x0800020e   0x0800020e   0x00000006   Code   RO         7640    .ARM.Collect$$_printf_percent$$00000013  c_w.l(_printf_c.o)
    0x08000214   0x08000214   0x00000006   Code   RO         7641    .ARM.Collect$$_printf_percent$$00000014  c_w.l(_printf_s.o)
    0x0800021a   0x0800021a   0x00000004   Code   RO         7711    .ARM.Collect$$_printf_percent$$00000017  c_w.l(_printf_percent_end.o)
    0x0800021e   0x0800021e   0x00000002   Code   RO         7839    .ARM.Collect$$libinit$$00000000  c_w.l(libinit.o)
    0x08000220   0x08000220   0x00000004   Code   RO         7714    .ARM.Collect$$libinit$$00000001  c_w.l(libinit2.o)
    0x08000224   0x08000224   0x00000000   Code   RO         7717    .ARM.Collect$$libinit$$00000004  c_w.l(libinit2.o)
    0x08000224   0x08000224   0x00000008   Code   RO         7854    .ARM.Collect$$libinit$$00000006  c_w.l(libinit3.o)
    0x0800022c   0x0800022c   0x00000000   Code   RO         7720    .ARM.Collect$$libinit$$0000000A  c_w.l(libinit2.o)
    0x0800022c   0x0800022c   0x00000000   Code   RO         7722    .ARM.Collect$$libinit$$0000000C  c_w.l(libinit2.o)
    0x0800022c   0x0800022c   0x00000000   Code   RO         7724    .ARM.Collect$$libinit$$0000000E  c_w.l(libinit2.o)
    0x0800022c   0x0800022c   0x00000000   Code   RO         7727    .ARM.Collect$$libinit$$00000011  c_w.l(libinit2.o)
    0x0800022c   0x0800022c   0x00000000   Code   RO         7729    .ARM.Collect$$libinit$$00000013  c_w.l(libinit2.o)
    0x0800022c   0x0800022c   0x00000000   Code   RO         7731    .ARM.Collect$$libinit$$00000015  c_w.l(libinit2.o)
    0x0800022c   0x0800022c   0x00000000   Code   RO         7733    .ARM.Collect$$libinit$$00000017  c_w.l(libinit2.o)
    0x0800022c   0x0800022c   0x00000000   Code   RO         7735    .ARM.Collect$$libinit$$00000019  c_w.l(libinit2.o)
    0x0800022c   0x0800022c   0x00000000   Code   RO         7737    .ARM.Collect$$libinit$$0000001B  c_w.l(libinit2.o)
    0x0800022c   0x0800022c   0x00000000   Code   RO         7739    .ARM.Collect$$libinit$$0000001D  c_w.l(libinit2.o)
    0x0800022c   0x0800022c   0x00000000   Code   RO         7741    .ARM.Collect$$libinit$$0000001F  c_w.l(libinit2.o)
    0x0800022c   0x0800022c   0x00000000   Code   RO         7743    .ARM.Collect$$libinit$$00000021  c_w.l(libinit2.o)
    0x0800022c   0x0800022c   0x00000000   Code   RO         7745    .ARM.Collect$$libinit$$00000023  c_w.l(libinit2.o)
    0x0800022c   0x0800022c   0x00000000   Code   RO         7747    .ARM.Collect$$libinit$$00000025  c_w.l(libinit2.o)
    0x0800022c   0x0800022c   0x00000000   Code   RO         7751    .ARM.Collect$$libinit$$0000002C  c_w.l(libinit2.o)
    0x0800022c   0x0800022c   0x00000000   Code   RO         7753    .ARM.Collect$$libinit$$0000002E  c_w.l(libinit2.o)
    0x0800022c   0x0800022c   0x00000000   Code   RO         7755    .ARM.Collect$$libinit$$00000030  c_w.l(libinit2.o)
    0x0800022c   0x0800022c   0x00000000   Code   RO         7757    .ARM.Collect$$libinit$$00000032  c_w.l(libinit2.o)
    0x0800022c   0x0800022c   0x00000002   Code   RO         7758    .ARM.Collect$$libinit$$00000033  c_w.l(libinit2.o)
    0x0800022e   0x0800022e   0x00000002   PAD
    0x08000230   0x08000230   0x00000008   Code   RO         7855    .ARM.Collect$$libinit$$00002717  c_w.l(libinit3.o)
    0x08000238   0x08000238   0x00000002   Code   RO         7899    .ARM.Collect$$libshutdown$$00000000  c_w.l(libshutdown.o)
    0x0800023a   0x0800023a   0x00000000   Code   RO         7859    .ARM.Collect$$libshutdown$$00000002  c_w.l(libshutdown2.o)
    0x0800023a   0x0800023a   0x00000000   Code   RO         7861    .ARM.Collect$$libshutdown$$00000004  c_w.l(libshutdown2.o)
    0x0800023a   0x0800023a   0x00000000   Code   RO         7864    .ARM.Collect$$libshutdown$$00000007  c_w.l(libshutdown2.o)
    0x0800023a   0x0800023a   0x00000000   Code   RO         7867    .ARM.Collect$$libshutdown$$0000000A  c_w.l(libshutdown2.o)
    0x0800023a   0x0800023a   0x00000000   Code   RO         7869    .ARM.Collect$$libshutdown$$0000000C  c_w.l(libshutdown2.o)
    0x0800023a   0x0800023a   0x00000000   Code   RO         7872    .ARM.Collect$$libshutdown$$0000000F  c_w.l(libshutdown2.o)
    0x0800023a   0x0800023a   0x00000002   Code   RO         7873    .ARM.Collect$$libshutdown$$00000010  c_w.l(libshutdown2.o)
    0x0800023c   0x0800023c   0x00000000   Code   RO         7671    .ARM.Collect$$rtentry$$00000000  c_w.l(__rtentry.o)
    0x0800023c   0x0800023c   0x00000000   Code   RO         7765    .ARM.Collect$$rtentry$$00000002  c_w.l(__rtentry2.o)
    0x0800023c   0x0800023c   0x00000004   Code   RO         7779    .ARM.Collect$$rtentry$$00000005  c_w.l(__rtentry5.o)
    0x08000240   0x08000240   0x00000000   Code   RO         7767    .ARM.Collect$$rtentry$$00000009  c_w.l(__rtentry2.o)
    0x08000240   0x08000240   0x00000004   Code   RO         7768    .ARM.Collect$$rtentry$$0000000A  c_w.l(__rtentry2.o)
    0x08000244   0x08000244   0x00000000   Code   RO         7770    .ARM.Collect$$rtentry$$0000000C  c_w.l(__rtentry2.o)
    0x08000244   0x08000244   0x00000008   Code   RO         7771    .ARM.Collect$$rtentry$$0000000D  c_w.l(__rtentry2.o)
    0x0800024c   0x0800024c   0x00000004   Code   RO         7780    .ARM.Collect$$rtentry$$00002716  c_w.l(__rtentry5.o)
    0x08000250   0x08000250   0x00000002   Code   RO         7842    .ARM.Collect$$rtexit$$00000000  c_w.l(rtexit.o)
    0x08000252   0x08000252   0x00000000   Code   RO         7875    .ARM.Collect$$rtexit$$00000002  c_w.l(rtexit2.o)
    0x08000252   0x08000252   0x00000004   Code   RO         7876    .ARM.Collect$$rtexit$$00000003  c_w.l(rtexit2.o)
    0x08000256   0x08000256   0x00000006   Code   RO         7877    .ARM.Collect$$rtexit$$00000004  c_w.l(rtexit2.o)
    0x0800025c   0x0800025c   0x00000000   Code   RO         7788    .emb_text           c_w.l(maybetermalloc1.o)
    0x0800025c   0x0800025c   0x00000024   Code   RO            4    .text               startup_stm32f407xx.o
    0x08000280   0x08000280   0x00000002   Code   RO         7517    .text               c_w.l(use_no_semi.o)
    0x08000282   0x08000282   0x0000005e   Code   RO         7523    .text               c_w.l(h1_alloc.o)
    0x080002e0   0x080002e0   0x0000004e   Code   RO         7525    .text               c_w.l(h1_free.o)
    0x0800032e   0x0800032e   0x000000ee   Code   RO         7581    .text               c_w.l(lludivv7m.o)
    0x0800041c   0x0800041c   0x00000018   Code   RO         7587    .text               c_w.l(noretval__2printf.o)
    0x08000434   0x08000434   0x00000028   Code   RO         7589    .text               c_w.l(noretval__2sprintf.o)
    0x0800045c   0x0800045c   0x0000004e   Code   RO         7593    .text               c_w.l(_printf_pad.o)
    0x080004aa   0x080004aa   0x00000052   Code   RO         7595    .text               c_w.l(_printf_str.o)
    0x080004fc   0x080004fc   0x00000078   Code   RO         7597    .text               c_w.l(_printf_dec.o)
    0x08000574   0x08000574   0x00000058   Code   RO         7602    .text               c_w.l(_printf_hex_int.o)
    0x080005cc   0x080005cc   0x00000138   Code   RO         7632    .text               c_w.l(__printf_flags_wp.o)
    0x08000704   0x08000704   0x00000014   Code   RO         7651    .text               c_w.l(strchr.o)
    0x08000718   0x08000718   0x00000048   Code   RO         7653    .text               c_w.l(strcpy.o)
    0x08000760   0x08000760   0x0000003e   Code   RO         7655    .text               c_w.l(strlen.o)
    0x0800079e   0x0800079e   0x0000008a   Code   RO         7657    .text               c_w.l(rt_memcpy_v6.o)
    0x08000828   0x08000828   0x00000064   Code   RO         7659    .text               c_w.l(rt_memcpy_w.o)
    0x0800088c   0x0800088c   0x00000044   Code   RO         7663    .text               c_w.l(rt_memclr.o)
    0x080008d0   0x080008d0   0x0000004e   Code   RO         7665    .text               c_w.l(rt_memclr_w.o)
    0x0800091e   0x0800091e   0x00000002   PAD
    0x08000920   0x08000920   0x00000008   Code   RO         7679    .text               c_w.l(rt_heap_descriptor_intlibspace.o)
    0x08000928   0x08000928   0x00000004   Code   RO         7681    .text               c_w.l(hguard.o)
    0x0800092c   0x0800092c   0x0000008a   Code   RO         7683    .text               c_w.l(init_alloc.o)
    0x080009b6   0x080009b6   0x0000000e   Code   RO         7687    .text               c_w.l(h1_init.o)
    0x080009c4   0x080009c4   0x000000b2   Code   RO         7701    .text               c_w.l(_printf_intcommon.o)
    0x08000a76   0x08000a76   0x00000002   PAD
    0x08000a78   0x08000a78   0x00000030   Code   RO         7703    .text               c_w.l(_printf_char_common.o)
    0x08000aa8   0x08000aa8   0x0000000a   Code   RO         7705    .text               c_w.l(_sputc.o)
    0x08000ab2   0x08000ab2   0x0000002c   Code   RO         7707    .text               c_w.l(_printf_char.o)
    0x08000ade   0x08000ade   0x00000002   PAD
    0x08000ae0   0x08000ae0   0x00000024   Code   RO         7709    .text               c_w.l(_printf_char_file.o)
    0x08000b04   0x08000b04   0x00000034   Code   RO         7790    .text               c_w.l(h1_extend.o)
    0x08000b38   0x08000b38   0x00000008   Code   RO         7796    .text               c_w.l(ferror.o)
    0x08000b40   0x08000b40   0x0000000e   Code   RO         7800    .text               c_w.l(defsig_rtmem_outer.o)
    0x08000b4e   0x08000b4e   0x00000002   PAD
    0x08000b50   0x08000b50   0x00000050   Code   RO         7804    .text               c_w.l(heapauxa.o)
    0x08000ba0   0x08000ba0   0x00000012   Code   RO         7820    .text               c_w.l(exit.o)
    0x08000bb2   0x08000bb2   0x0000000a   Code   RO         7822    .text               c_w.l(defsig_exit.o)
    0x08000bbc   0x08000bbc   0x00000050   Code   RO         7828    .text               c_w.l(defsig_rtmem_inner.o)
    0x08000c0c   0x08000c0c   0x00000032   Code   RO         7850    .text               c_w.l(defsig_general.o)
    0x08000c3e   0x08000c3e   0x00000002   PAD
    0x08000c40   0x08000c40   0x00000130   Code   RO         3924    i.ADC_Init          stm32f4xx_hal_adc.o
    0x08000d70   0x08000d70   0x00000002   Code   RO          746    i.BusFault_Handler  stm32f4xx_it.o
    0x08000d72   0x08000d72   0x00000002   PAD
    0x08000d74   0x08000d74   0x00000014   Code   RO         6989    i.DBGU_Printk_num   bootloader.o
    0x08000d88   0x08000d88   0x00000078   Code   RO         6416    i.DeInitStateMachine  usbh_core.o
    0x08000e00   0x08000e00   0x00000002   Code   RO          747    i.DebugMon_Handler  stm32f4xx_it.o
    0x08000e02   0x08000e02   0x00000004   Code   RO           13    i.Error_Handler     main.o
    0x08000e06   0x08000e06   0x00000006   Code   RO         6298    i.FATFS_LinkDriver  ff_gen_drv.o
    0x08000e0c   0x08000e0c   0x00000040   Code   RO         6299    i.FATFS_LinkDriverEx  ff_gen_drv.o
    0x08000e4c   0x08000e4c   0x00000050   Code   RO         3000    i.FLASH_Erase_Sector  stm32f4xx_hal_flash_ex.o
    0x08000e9c   0x08000e9c   0x00000054   Code   RO         3001    i.FLASH_FlushCaches  stm32f4xx_hal_flash_ex.o
    0x08000ef0   0x08000ef0   0x0000004c   Code   RO         7140    i.FLASH_If_EraseApplication  flash_if.o
    0x08000f3c   0x08000f3c   0x000000bc   Code   RO         7143    i.FLASH_If_GetSectorNumber  flash_if.o
    0x08000ff8   0x08000ff8   0x00000028   Code   RO         7145    i.FLASH_If_Write    flash_if.o
    0x08001020   0x08001020   0x00000028   Code   RO         3002    i.FLASH_MassErase   stm32f4xx_hal_flash_ex.o
    0x08001048   0x08001048   0x00000020   Code   RO         2882    i.FLASH_Program_Byte  stm32f4xx_hal_flash.o
    0x08001068   0x08001068   0x0000002c   Code   RO         2883    i.FLASH_Program_DoubleWord  stm32f4xx_hal_flash.o
    0x08001094   0x08001094   0x00000024   Code   RO         2884    i.FLASH_Program_HalfWord  stm32f4xx_hal_flash.o
    0x080010b8   0x080010b8   0x00000024   Code   RO         2885    i.FLASH_Program_Word  stm32f4xx_hal_flash.o
    0x080010dc   0x080010dc   0x00000068   Code   RO         2886    i.FLASH_SetErrorCode  stm32f4xx_hal_flash.o
    0x08001144   0x08001144   0x00000054   Code   RO         2887    i.FLASH_WaitForLastOperation  stm32f4xx_hal_flash.o
    0x08001198   0x08001198   0x00000158   Code   RO         3926    i.HAL_ADC_ConfigChannel  stm32f4xx_hal_adc.o
    0x080012f0   0x080012f0   0x00000054   Code   RO         3935    i.HAL_ADC_Init      stm32f4xx_hal_adc.o
    0x08001344   0x08001344   0x000000a8   Code   RO          351    i.HAL_ADC_MspInit   adc.o
    0x080013ec   0x080013ec   0x00000024   Code   RO         4203    i.HAL_CRC_Init      stm32f4xx_hal_crc.o
    0x08001410   0x08001410   0x00000028   Code   RO          393    i.HAL_CRC_MspInit   crc.o
    0x08001438   0x08001438   0x00000002   Code   RO         4408    i.HAL_DACEx_DMAUnderrunCallbackCh2  stm32f4xx_hal_dac_ex.o
    0x0800143a   0x0800143a   0x00000050   Code   RO         4262    i.HAL_DAC_ConfigChannel  stm32f4xx_hal_dac.o
    0x0800148a   0x0800148a   0x00000002   Code   RO         4265    i.HAL_DAC_DMAUnderrunCallbackCh1  stm32f4xx_hal_dac.o
    0x0800148c   0x0800148c   0x00000068   Code   RO         4271    i.HAL_DAC_IRQHandler  stm32f4xx_hal_dac.o
    0x080014f4   0x080014f4   0x0000002a   Code   RO         4272    i.HAL_DAC_Init      stm32f4xx_hal_dac.o
    0x0800151e   0x0800151e   0x00000002   PAD
    0x08001520   0x08001520   0x00000070   Code   RO          435    i.HAL_DAC_MspInit   dac.o
    0x08001590   0x08001590   0x00000048   Code   RO         3669    i.HAL_DeInit        stm32f4xx_hal.o
    0x080015d8   0x080015d8   0x00000024   Code   RO         3670    i.HAL_Delay         stm32f4xx_hal.o
    0x080015fc   0x080015fc   0x000000a0   Code   RO         3012    i.HAL_FLASHEx_Erase  stm32f4xx_hal_flash_ex.o
    0x0800169c   0x0800169c   0x00000014   Code   RO         2891    i.HAL_FLASH_Lock    stm32f4xx_hal_flash.o
    0x080016b0   0x080016b0   0x0000007c   Code   RO         2896    i.HAL_FLASH_Program  stm32f4xx_hal_flash.o
    0x0800172c   0x0800172c   0x0000002c   Code   RO         2898    i.HAL_FLASH_Unlock  stm32f4xx_hal_flash.o
    0x08001758   0x08001758   0x0000013c   Code   RO         3123    i.HAL_GPIO_DeInit   stm32f4xx_hal_gpio.o
    0x08001894   0x08001894   0x000001d0   Code   RO         3126    i.HAL_GPIO_Init     stm32f4xx_hal_gpio.o
    0x08001a64   0x08001a64   0x0000000e   Code   RO         3128    i.HAL_GPIO_ReadPin  stm32f4xx_hal_gpio.o
    0x08001a72   0x08001a72   0x0000000e   Code   RO         3130    i.HAL_GPIO_WritePin  stm32f4xx_hal_gpio.o
    0x08001a80   0x08001a80   0x0000000c   Code   RO         3676    i.HAL_GetTick       stm32f4xx_hal.o
    0x08001a8c   0x08001a8c   0x00000008   Code   RO         1029    i.HAL_HCD_Connect_Callback  usbh_conf.o
    0x08001a94   0x08001a94   0x00000008   Code   RO         1030    i.HAL_HCD_Disconnect_Callback  usbh_conf.o
    0x08001a9c   0x08001a9c   0x00000006   Code   RO         2224    i.HAL_HCD_GetCurrentFrame  stm32f4xx_hal_hcd.o
    0x08001aa2   0x08001aa2   0x00000006   Code   RO         2225    i.HAL_HCD_GetCurrentSpeed  stm32f4xx_hal_hcd.o
    0x08001aa8   0x08001aa8   0x00000018   Code   RO         2227    i.HAL_HCD_HC_ClearHubInfo  stm32f4xx_hal_hcd.o
    0x08001ac0   0x08001ac0   0x0000000e   Code   RO         2229    i.HAL_HCD_HC_GetURBState  stm32f4xx_hal_hcd.o
    0x08001ace   0x08001ace   0x0000000c   Code   RO         2230    i.HAL_HCD_HC_GetXferCount  stm32f4xx_hal_hcd.o
    0x08001ada   0x08001ada   0x00000096   Code   RO         2232    i.HAL_HCD_HC_Init   stm32f4xx_hal_hcd.o
    0x08001b70   0x08001b70   0x00000002   Code   RO         1031    i.HAL_HCD_HC_NotifyURBChange_Callback  usbh_conf.o
    0x08001b72   0x08001b72   0x000000f4   Code   RO         2235    i.HAL_HCD_HC_SubmitRequest  stm32f4xx_hal_hcd.o
    0x08001c66   0x08001c66   0x00000144   Code   RO         2236    i.HAL_HCD_IRQHandler  stm32f4xx_hal_hcd.o
    0x08001daa   0x08001daa   0x00000084   Code   RO         2237    i.HAL_HCD_Init      stm32f4xx_hal_hcd.o
    0x08001e2e   0x08001e2e   0x00000002   PAD
    0x08001e30   0x08001e30   0x00000084   Code   RO         1033    i.HAL_HCD_MspInit   usbh_conf.o
    0x08001eb4   0x08001eb4   0x00000008   Code   RO         1034    i.HAL_HCD_PortDisabled_Callback  usbh_conf.o
    0x08001ebc   0x08001ebc   0x00000008   Code   RO         1035    i.HAL_HCD_PortEnabled_Callback  usbh_conf.o
    0x08001ec4   0x08001ec4   0x00000006   Code   RO         2242    i.HAL_HCD_ResetPort  stm32f4xx_hal_hcd.o
    0x08001eca   0x08001eca   0x00000008   Code   RO         1036    i.HAL_HCD_SOF_Callback  usbh_conf.o
    0x08001ed2   0x08001ed2   0x0000002c   Code   RO         2244    i.HAL_HCD_Start     stm32f4xx_hal_hcd.o
    0x08001efe   0x08001efe   0x00000024   Code   RO         2245    i.HAL_HCD_Stop      stm32f4xx_hal_hcd.o
    0x08001f22   0x08001f22   0x00000032   Code   RO         4501    i.HAL_I2C_DeInit    stm32f4xx_hal_i2c.o
    0x08001f54   0x08001f54   0x00000198   Code   RO         4510    i.HAL_I2C_Init      stm32f4xx_hal_i2c.o
    0x080020ec   0x080020ec   0x0000029c   Code   RO         4528    i.HAL_I2C_Mem_Read  stm32f4xx_hal_i2c.o
    0x08002388   0x08002388   0x00000144   Code   RO         4531    i.HAL_I2C_Mem_Write  stm32f4xx_hal_i2c.o
    0x080024cc   0x080024cc   0x00000060   Code   RO          476    i.HAL_I2C_MspDeInit  i2c.o
    0x0800252c   0x0800252c   0x000000ac   Code   RO          477    i.HAL_I2C_MspInit   i2c.o
    0x080025d8   0x080025d8   0x00000010   Code   RO         3682    i.HAL_IncTick       stm32f4xx_hal.o
    0x080025e8   0x080025e8   0x00000034   Code   RO         3683    i.HAL_Init          stm32f4xx_hal.o
    0x0800261c   0x0800261c   0x00000098   Code   RO          858    i.HAL_InitTick      stm32f4xx_hal_timebase_tim.o
    0x080026b4   0x080026b4   0x00000002   Code   RO         3685    i.HAL_MspDeInit     stm32f4xx_hal.o
    0x080026b6   0x080026b6   0x00000002   PAD
    0x080026b8   0x080026b8   0x00000030   Code   RO          834    i.HAL_MspInit       stm32f4xx_hal_msp.o
    0x080026e8   0x080026e8   0x0000001a   Code   RO         3516    i.HAL_NVIC_ClearPendingIRQ  stm32f4xx_hal_cortex.o
    0x08002702   0x08002702   0x00000022   Code   RO         3517    i.HAL_NVIC_DisableIRQ  stm32f4xx_hal_cortex.o
    0x08002724   0x08002724   0x0000001a   Code   RO         3518    i.HAL_NVIC_EnableIRQ  stm32f4xx_hal_cortex.o
    0x0800273e   0x0800273e   0x00000002   PAD
    0x08002740   0x08002740   0x00000040   Code   RO         3524    i.HAL_NVIC_SetPriority  stm32f4xx_hal_cortex.o
    0x08002780   0x08002780   0x00000024   Code   RO         3525    i.HAL_NVIC_SetPriorityGrouping  stm32f4xx_hal_cortex.o
    0x080027a4   0x080027a4   0x0000014c   Code   RO         2727    i.HAL_RCC_ClockConfig  stm32f4xx_hal_rcc.o
    0x080028f0   0x080028f0   0x0000003c   Code   RO         2731    i.HAL_RCC_GetClockConfig  stm32f4xx_hal_rcc.o
    0x0800292c   0x0800292c   0x0000000c   Code   RO         2732    i.HAL_RCC_GetHCLKFreq  stm32f4xx_hal_rcc.o
    0x08002938   0x08002938   0x00000020   Code   RO         2734    i.HAL_RCC_GetPCLK1Freq  stm32f4xx_hal_rcc.o
    0x08002958   0x08002958   0x00000020   Code   RO         2735    i.HAL_RCC_GetPCLK2Freq  stm32f4xx_hal_rcc.o
    0x08002978   0x08002978   0x0000006c   Code   RO         2736    i.HAL_RCC_GetSysClockFreq  stm32f4xx_hal_rcc.o
    0x080029e4   0x080029e4   0x000003c0   Code   RO         2739    i.HAL_RCC_OscConfig  stm32f4xx_hal_rcc.o
    0x08002da4   0x08002da4   0x00000034   Code   RO         5003    i.HAL_RNG_Init      stm32f4xx_hal_rng.o
    0x08002dd8   0x08002dd8   0x00000028   Code   RO          525    i.HAL_RNG_MspInit   rng.o
    0x08002e00   0x08002e00   0x000000ce   Code   RO         5107    i.HAL_SPI_Init      stm32f4xx_hal_spi.o
    0x08002ece   0x08002ece   0x00000002   PAD
    0x08002ed0   0x08002ed0   0x00000094   Code   RO          567    i.HAL_SPI_MspInit   spi.o
    0x08002f64   0x08002f64   0x00000002   Code   RO         1954    i.HAL_TIMEx_BreakCallback  stm32f4xx_hal_tim_ex.o
    0x08002f66   0x08002f66   0x00000002   Code   RO         1955    i.HAL_TIMEx_CommutCallback  stm32f4xx_hal_tim_ex.o
    0x08002f68   0x08002f68   0x00000054   Code   RO         1957    i.HAL_TIMEx_ConfigBreakDeadTime  stm32f4xx_hal_tim_ex.o
    0x08002fbc   0x08002fbc   0x00000090   Code   RO         1973    i.HAL_TIMEx_MasterConfigSynchronization  stm32f4xx_hal_tim_ex.o
    0x0800304c   0x0800304c   0x0000004a   Code   RO         1239    i.HAL_TIM_Base_Init  stm32f4xx_hal_tim.o
    0x08003096   0x08003096   0x00000002   PAD
    0x08003098   0x08003098   0x000000f4   Code   RO          609    i.HAL_TIM_Base_MspInit  tim.o
    0x0800318c   0x0800318c   0x0000008c   Code   RO         1244    i.HAL_TIM_Base_Start_IT  stm32f4xx_hal_tim.o
    0x08003218   0x08003218   0x000000e8   Code   RO         1248    i.HAL_TIM_ConfigClockSource  stm32f4xx_hal_tim.o
    0x08003300   0x08003300   0x00000002   Code   RO         1273    i.HAL_TIM_IC_CaptureCallback  stm32f4xx_hal_tim.o
    0x08003302   0x08003302   0x000000c0   Code   RO         1275    i.HAL_TIM_IC_ConfigChannel  stm32f4xx_hal_tim.o
    0x080033c2   0x080033c2   0x0000004a   Code   RO         1278    i.HAL_TIM_IC_Init   stm32f4xx_hal_tim.o
    0x0800340c   0x0800340c   0x00000002   Code   RO         1280    i.HAL_TIM_IC_MspInit  stm32f4xx_hal_tim.o
    0x0800340e   0x0800340e   0x00000138   Code   RO         1287    i.HAL_TIM_IRQHandler  stm32f4xx_hal_tim.o
    0x08003546   0x08003546   0x00000002   PAD
    0x08003548   0x08003548   0x000000e8   Code   RO          610    i.HAL_TIM_MspPostInit  tim.o
    0x08003630   0x08003630   0x00000052   Code   RO         1288    i.HAL_TIM_OC_ConfigChannel  stm32f4xx_hal_tim.o
    0x08003682   0x08003682   0x00000002   Code   RO         1290    i.HAL_TIM_OC_DelayElapsedCallback  stm32f4xx_hal_tim.o
    0x08003684   0x08003684   0x0000004a   Code   RO         1292    i.HAL_TIM_OC_Init   stm32f4xx_hal_tim.o
    0x080036ce   0x080036ce   0x00000002   Code   RO         1294    i.HAL_TIM_OC_MspInit  stm32f4xx_hal_tim.o
    0x080036d0   0x080036d0   0x000000d8   Code   RO         1311    i.HAL_TIM_PWM_ConfigChannel  stm32f4xx_hal_tim.o
    0x080037a8   0x080037a8   0x0000004a   Code   RO         1314    i.HAL_TIM_PWM_Init  stm32f4xx_hal_tim.o
    0x080037f2   0x080037f2   0x00000002   Code   RO         1316    i.HAL_TIM_PWM_MspInit  stm32f4xx_hal_tim.o
    0x080037f4   0x080037f4   0x00000002   Code   RO         1317    i.HAL_TIM_PWM_PulseFinishedCallback  stm32f4xx_hal_tim.o
    0x080037f6   0x080037f6   0x00000002   PAD
    0x080037f8   0x080037f8   0x000000dc   Code   RO         1319    i.HAL_TIM_PWM_Start  stm32f4xx_hal_tim.o
    0x080038d4   0x080038d4   0x0000007c   Code   RO         1322    i.HAL_TIM_PWM_Stop  stm32f4xx_hal_tim.o
    0x08003950   0x08003950   0x00000014   Code   RO           14    i.HAL_TIM_PeriodElapsedCallback  main.o
    0x08003964   0x08003964   0x00000002   Code   RO         1330    i.HAL_TIM_TriggerCallback  stm32f4xx_hal_tim.o
    0x08003966   0x08003966   0x00000066   Code   RO         5468    i.HAL_UART_Init     stm32f4xx_hal_uart.o
    0x080039cc   0x080039cc   0x0000013c   Code   RO          687    i.HAL_UART_MspInit  usart.o
    0x08003b08   0x08003b08   0x000000b2   Code   RO         5471    i.HAL_UART_Receive  stm32f4xx_hal_uart.o
    0x08003bba   0x08003bba   0x000000ae   Code   RO         5476    i.HAL_UART_Transmit  stm32f4xx_hal_uart.o
    0x08003c68   0x08003c68   0x0000041a   Code   RO         2247    i.HCD_HC_IN_IRQHandler  stm32f4xx_hal_hcd.o
    0x08004082   0x08004082   0x0000033a   Code   RO         2248    i.HCD_HC_OUT_IRQHandler  stm32f4xx_hal_hcd.o
    0x080043bc   0x080043bc   0x000000a0   Code   RO         2249    i.HCD_Port_IRQHandler  stm32f4xx_hal_hcd.o
    0x0800445c   0x0800445c   0x00000086   Code   RO         2250    i.HCD_RXQLVL_IRQHandler  stm32f4xx_hal_hcd.o
    0x080044e2   0x080044e2   0x00000002   Code   RO          748    i.HardFault_Handler  stm32f4xx_it.o
    0x080044e4   0x080044e4   0x0000002e   Code   RO         4554    i.I2C_IsAcknowledgeFailed  stm32f4xx_hal_i2c.o
    0x08004512   0x08004512   0x0000007c   Code   RO         7407    i.I2C_ReleaseBus    splceprom.o
    0x0800458e   0x0800458e   0x00000002   PAD
    0x08004590   0x08004590   0x00000140   Code   RO         4565    i.I2C_RequestMemoryRead  stm32f4xx_hal_i2c.o
    0x080046d0   0x080046d0   0x000000c4   Code   RO         4566    i.I2C_RequestMemoryWrite  stm32f4xx_hal_i2c.o
    0x08004794   0x08004794   0x0000002c   Code   RO         7408    i.I2C_WaitFlag      splceprom.o
    0x080047c0   0x080047c0   0x00000058   Code   RO         4574    i.I2C_WaitOnBTFFlagUntilTimeout  stm32f4xx_hal_i2c.o
    0x08004818   0x08004818   0x000000ac   Code   RO         4575    i.I2C_WaitOnFlagUntilTimeout  stm32f4xx_hal_i2c.o
    0x080048c4   0x080048c4   0x000000c8   Code   RO         4576    i.I2C_WaitOnMasterAddressFlagUntilTimeout  stm32f4xx_hal_i2c.o
    0x0800498c   0x0800498c   0x00000076   Code   RO         4577    i.I2C_WaitOnRXNEFlagUntilTimeout  stm32f4xx_hal_i2c.o
    0x08004a02   0x08004a02   0x00000058   Code   RO         4580    i.I2C_WaitOnTXEFlagUntilTimeout  stm32f4xx_hal_i2c.o
    0x08004a5a   0x08004a5a   0x00000002   PAD
    0x08004a5c   0x08004a5c   0x00000064   Code   RO          352    i.MX_ADC1_Init      adc.o
    0x08004ac0   0x08004ac0   0x00000024   Code   RO          394    i.MX_CRC_Init       crc.o
    0x08004ae4   0x08004ae4   0x0000004c   Code   RO          436    i.MX_DAC_Init       dac.o
    0x08004b30   0x08004b30   0x00000030   Code   RO         1213    i.MX_DriverVbusFS   usbh_platform.o
    0x08004b60   0x08004b60   0x0000001c   Code   RO          952    i.MX_FATFS_Init     fatfs.o
    0x08004b7c   0x08004b7c   0x000002f4   Code   RO          326    i.MX_GPIO_Init      gpio.o
    0x08004e70   0x08004e70   0x00000040   Code   RO          478    i.MX_I2C1_Init      i2c.o
    0x08004eb0   0x08004eb0   0x00000040   Code   RO          479    i.MX_I2C2_Init      i2c.o
    0x08004ef0   0x08004ef0   0x00000024   Code   RO          526    i.MX_RNG_Init       rng.o
    0x08004f14   0x08004f14   0x00000040   Code   RO          568    i.MX_SPI3_Init      spi.o
    0x08004f54   0x08004f54   0x00000068   Code   RO          611    i.MX_TIM10_Init     tim.o
    0x08004fbc   0x08004fbc   0x00000034   Code   RO          612    i.MX_TIM14_Init     tim.o
    0x08004ff0   0x08004ff0   0x000000bc   Code   RO          613    i.MX_TIM3_Init      tim.o
    0x080050ac   0x080050ac   0x000000c8   Code   RO          614    i.MX_TIM4_Init      tim.o
    0x08005174   0x08005174   0x00000048   Code   RO          615    i.MX_TIM7_Init      tim.o
    0x080051bc   0x080051bc   0x000000dc   Code   RO          616    i.MX_TIM8_Init      tim.o
    0x08005298   0x08005298   0x00000038   Code   RO          688    i.MX_USART1_UART_Init  usart.o
    0x080052d0   0x080052d0   0x00000038   Code   RO          689    i.MX_USART2_UART_Init  usart.o
    0x08005308   0x08005308   0x00000038   Code   RO          690    i.MX_USART3_UART_Init  usart.o
    0x08005340   0x08005340   0x00000038   Code   RO          691    i.MX_USART6_UART_Init  usart.o
    0x08005378   0x08005378   0x00000040   Code   RO          990    i.MX_USB_HOST_Init  usb_host.o
    0x080053b8   0x080053b8   0x0000000c   Code   RO          991    i.MX_USB_HOST_Process  usb_host.o
    0x080053c4   0x080053c4   0x00000002   Code   RO          749    i.MemManage_Handler  stm32f4xx_it.o
    0x080053c6   0x080053c6   0x00000002   Code   RO          750    i.NMI_Handler       stm32f4xx_it.o
    0x080053c8   0x080053c8   0x0000000c   Code   RO          751    i.OTG_FS_IRQHandler  stm32f4xx_it.o
    0x080053d4   0x080053d4   0x00000002   Code   RO          752    i.PendSV_Handler    stm32f4xx_it.o
    0x080053d6   0x080053d6   0x00000002   Code   RO          753    i.SVC_Handler       stm32f4xx_it.o
    0x080053d8   0x080053d8   0x00000002   Code   RO          754    i.SysTick_Handler   stm32f4xx_it.o
    0x080053da   0x080053da   0x00000002   PAD
    0x080053dc   0x080053dc   0x00000098   Code   RO           15    i.SystemClock_Config  main.o
    0x08005474   0x08005474   0x0000009c   Code   RO         7326    i.SystemClock_Reset  libcpu.o
    0x08005510   0x08005510   0x00000010   Code   RO         5812    i.SystemInit        system_stm32f4xx.o
    0x08005520   0x08005520   0x00000024   Code   RO          755    i.TIM6_DAC_IRQHandler  stm32f4xx_it.o
    0x08005544   0x08005544   0x000000d4   Code   RO         1332    i.TIM_Base_SetConfig  stm32f4xx_hal_tim.o
    0x08005618   0x08005618   0x0000001a   Code   RO         1333    i.TIM_CCxChannelCmd  stm32f4xx_hal_tim.o
    0x08005632   0x08005632   0x00000014   Code   RO         1343    i.TIM_ETR_SetConfig  stm32f4xx_hal_tim.o
    0x08005646   0x08005646   0x00000010   Code   RO         1344    i.TIM_ITRx_SetConfig  stm32f4xx_hal_tim.o
    0x08005656   0x08005656   0x00000002   PAD
    0x08005658   0x08005658   0x00000068   Code   RO         1345    i.TIM_OC1_SetConfig  stm32f4xx_hal_tim.o
    0x080056c0   0x080056c0   0x00000074   Code   RO         1346    i.TIM_OC2_SetConfig  stm32f4xx_hal_tim.o
    0x08005734   0x08005734   0x00000070   Code   RO         1347    i.TIM_OC3_SetConfig  stm32f4xx_hal_tim.o
    0x080057a4   0x080057a4   0x00000054   Code   RO         1348    i.TIM_OC4_SetConfig  stm32f4xx_hal_tim.o
    0x080057f8   0x080057f8   0x00000022   Code   RO         1350    i.TIM_TI1_ConfigInputStage  stm32f4xx_hal_tim.o
    0x0800581a   0x0800581a   0x00000002   PAD
    0x0800581c   0x0800581c   0x00000080   Code   RO         1351    i.TIM_TI1_SetConfig  stm32f4xx_hal_tim.o
    0x0800589c   0x0800589c   0x00000024   Code   RO         1352    i.TIM_TI2_ConfigInputStage  stm32f4xx_hal_tim.o
    0x080058c0   0x080058c0   0x00000036   Code   RO         1353    i.TIM_TI2_SetConfig  stm32f4xx_hal_tim.o
    0x080058f6   0x080058f6   0x00000032   Code   RO         1354    i.TIM_TI3_SetConfig  stm32f4xx_hal_tim.o
    0x08005928   0x08005928   0x00000038   Code   RO         1355    i.TIM_TI4_SetConfig  stm32f4xx_hal_tim.o
    0x08005960   0x08005960   0x0000004e   Code   RO         5491    i.UART_EndRxTransfer  stm32f4xx_hal_uart.o
    0x080059ae   0x080059ae   0x00000002   PAD
    0x080059b0   0x080059b0   0x00000114   Code   RO         5495    i.UART_SetConfig    stm32f4xx_hal_uart.o
    0x08005ac4   0x08005ac4   0x00000074   Code   RO         5499    i.UART_WaitOnFlagUntilTimeout  stm32f4xx_hal_uart.o
    0x08005b38   0x08005b38   0x00000028   Code   RO         6745    i.USBH_AllocPipe    usbh_pipes.o
    0x08005b60   0x08005b60   0x00000020   Code   RO         6673    i.USBH_BulkReceiveData  usbh_ioreq.o
    0x08005b80   0x08005b80   0x0000002c   Code   RO         6674    i.USBH_BulkSendData  usbh_ioreq.o
    0x08005bac   0x08005bac   0x0000000a   Code   RO         6746    i.USBH_ClosePipe    usbh_pipes.o
    0x08005bb6   0x08005bb6   0x0000001e   Code   RO         6558    i.USBH_ClrFeature   usbh_ctlreq.o
    0x08005bd4   0x08005bd4   0x00000020   Code   RO         6675    i.USBH_CtlReceiveData  usbh_ioreq.o
    0x08005bf4   0x08005bf4   0x0000003a   Code   RO         6559    i.USBH_CtlReq       usbh_ctlreq.o
    0x08005c2e   0x08005c2e   0x0000002c   Code   RO         6676    i.USBH_CtlSendData  usbh_ioreq.o
    0x08005c5a   0x08005c5a   0x0000001e   Code   RO         6677    i.USBH_CtlSendSetup  usbh_ioreq.o
    0x08005c78   0x08005c78   0x00000004   Code   RO         1037    i.USBH_Delay        usbh_conf.o
    0x08005c7c   0x08005c7c   0x00000044   Code   RO         6418    i.USBH_FindInterface  usbh_core.o
    0x08005cc0   0x08005cc0   0x00000018   Code   RO         6747    i.USBH_FreePipe     usbh_pipes.o
    0x08005cd8   0x08005cd8   0x00000038   Code   RO         6560    i.USBH_GetDescriptor  usbh_ctlreq.o
    0x08005d10   0x08005d10   0x0000001e   Code   RO         6748    i.USBH_GetFreePipe  usbh_pipes.o
    0x08005d2e   0x08005d2e   0x0000000e   Code   RO         6561    i.USBH_GetNextDesc  usbh_ctlreq.o
    0x08005d3c   0x08005d3c   0x00000058   Code   RO         6562    i.USBH_Get_CfgDesc  usbh_ctlreq.o
    0x08005d94   0x08005d94   0x00000058   Code   RO         6563    i.USBH_Get_DevDesc  usbh_ctlreq.o
    0x08005dec   0x08005dec   0x0000005c   Code   RO         6564    i.USBH_Get_StringDesc  usbh_ctlreq.o
    0x08005e48   0x08005e48   0x00000024   Code   RO         1038    i.USBH_Get_USB_Status  usbh_conf.o
    0x08005e6c   0x08005e6c   0x0000020c   Code   RO         6565    i.USBH_HandleControl  usbh_ctlreq.o
    0x08006078   0x08006078   0x00000500   Code   RO         6421    i.USBH_HandleEnum   usbh_core.o
    0x08006578   0x08006578   0x00000014   Code   RO         6422    i.USBH_HandleSof    usbh_core.o
    0x0800658c   0x0800658c   0x00000074   Code   RO         6423    i.USBH_Init         usbh_core.o
    0x08006600   0x08006600   0x00000004   Code   RO         1040    i.USBH_LL_ClosePipe  usbh_conf.o
    0x08006604   0x08006604   0x00000012   Code   RO         6425    i.USBH_LL_Connect   usbh_core.o
    0x08006616   0x08006616   0x0000002e   Code   RO         6426    i.USBH_LL_Disconnect  usbh_core.o
    0x08006644   0x08006644   0x0000001a   Code   RO         1042    i.USBH_LL_DriverVBUS  usbh_conf.o
    0x0800665e   0x0800665e   0x00000008   Code   RO         1043    i.USBH_LL_GetLastXferSize  usbh_conf.o
    0x08006666   0x08006666   0x00000022   Code   RO         1044    i.USBH_LL_GetSpeed  usbh_conf.o
    0x08006688   0x08006688   0x0000001e   Code   RO         1045    i.USBH_LL_GetToggle  usbh_conf.o
    0x080066a6   0x080066a6   0x00000008   Code   RO         1046    i.USBH_LL_GetURBState  usbh_conf.o
    0x080066ae   0x080066ae   0x0000000e   Code   RO         6427    i.USBH_LL_IncTimer  usbh_core.o
    0x080066bc   0x080066bc   0x00000050   Code   RO         1047    i.USBH_LL_Init      usbh_conf.o
    0x0800670c   0x0800670c   0x0000001e   Code   RO         1048    i.USBH_LL_OpenPipe  usbh_conf.o
    0x0800672a   0x0800672a   0x0000000e   Code   RO         6428    i.USBH_LL_PortDisabled  usbh_core.o
    0x08006738   0x08006738   0x00000008   Code   RO         6429    i.USBH_LL_PortEnabled  usbh_core.o
    0x08006740   0x08006740   0x00000012   Code   RO         1049    i.USBH_LL_ResetPort  usbh_conf.o
    0x08006752   0x08006752   0x00000006   Code   RO         6430    i.USBH_LL_SetTimer  usbh_core.o
    0x08006758   0x08006758   0x00000020   Code   RO         1050    i.USBH_LL_SetToggle  usbh_conf.o
    0x08006778   0x08006778   0x00000012   Code   RO         1051    i.USBH_LL_Start     usbh_conf.o
    0x0800678a   0x0800678a   0x00000012   Code   RO         1052    i.USBH_LL_Stop      usbh_conf.o
    0x0800679c   0x0800679c   0x00000026   Code   RO         1053    i.USBH_LL_SubmitURB  usbh_conf.o
    0x080067c2   0x080067c2   0x00000024   Code   RO         6883    i.USBH_MSC_BOT_Abort  usbh_msc_bot.o
    0x080067e6   0x080067e6   0x00000002   PAD
    0x080067e8   0x080067e8   0x00000024   Code   RO         6884    i.USBH_MSC_BOT_Init  usbh_msc_bot.o
    0x0800680c   0x0800680c   0x00000226   Code   RO         6885    i.USBH_MSC_BOT_Process  usbh_msc_bot.o
    0x08006a32   0x08006a32   0x00000016   Code   RO         6886    i.USBH_MSC_BOT_REQ_GetMaxLUN  usbh_msc_bot.o
    0x08006a48   0x08006a48   0x00000018   Code   RO         6887    i.USBH_MSC_BOT_REQ_Reset  usbh_msc_bot.o
    0x08006a60   0x08006a60   0x000000a8   Code   RO         6792    i.USBH_MSC_ClassRequest  usbh_msc.o
    0x08006b08   0x08006b08   0x0000004c   Code   RO         6888    i.USBH_MSC_DecodeCSW  usbh_msc_bot.o
    0x08006b54   0x08006b54   0x00000034   Code   RO         6793    i.USBH_MSC_GetLUNInfo  usbh_msc.o
    0x08006b88   0x08006b88   0x0000004c   Code   RO         6795    i.USBH_MSC_InterfaceDeInit  usbh_msc.o
    0x08006bd4   0x08006bd4   0x0000019c   Code   RO         6796    i.USBH_MSC_InterfaceInit  usbh_msc.o
    0x08006d70   0x08006d70   0x00000616   Code   RO         6798    i.USBH_MSC_Process  usbh_msc.o
    0x08007386   0x08007386   0x00000002   PAD
    0x08007388   0x08007388   0x0000015c   Code   RO         6799    i.USBH_MSC_RdWrProcess  usbh_msc.o
    0x080074e4   0x080074e4   0x0000007a   Code   RO         6800    i.USBH_MSC_Read     usbh_msc.o
    0x0800755e   0x0800755e   0x000000c8   Code   RO         6935    i.USBH_MSC_SCSI_Inquiry  usbh_msc_scsi.o
    0x08007626   0x08007626   0x0000008c   Code   RO         6936    i.USBH_MSC_SCSI_Read  usbh_msc_scsi.o
    0x080076b2   0x080076b2   0x00000086   Code   RO         6937    i.USBH_MSC_SCSI_ReadCapacity  usbh_msc_scsi.o
    0x08007738   0x08007738   0x000000bc   Code   RO         6938    i.USBH_MSC_SCSI_RequestSense  usbh_msc_scsi.o
    0x080077f4   0x080077f4   0x0000004a   Code   RO         6939    i.USBH_MSC_SCSI_TestUnitReady  usbh_msc_scsi.o
    0x0800783e   0x0800783e   0x0000008c   Code   RO         6940    i.USBH_MSC_SCSI_Write  usbh_msc_scsi.o
    0x080078ca   0x080078ca   0x00000004   Code   RO         6801    i.USBH_MSC_SOFProcess  usbh_msc.o
    0x080078ce   0x080078ce   0x0000002a   Code   RO         6802    i.USBH_MSC_UnitIsReady  usbh_msc.o
    0x080078f8   0x080078f8   0x0000007a   Code   RO         6803    i.USBH_MSC_Write    usbh_msc.o
    0x08007972   0x08007972   0x00000016   Code   RO         6749    i.USBH_OpenPipe     usbh_pipes.o
    0x08007988   0x08007988   0x00000132   Code   RO         6566    i.USBH_ParseCfgDesc  usbh_ctlreq.o
    0x08007aba   0x08007aba   0x00000098   Code   RO         6567    i.USBH_ParseDevDesc  usbh_ctlreq.o
    0x08007b52   0x08007b52   0x000000d8   Code   RO         6568    i.USBH_ParseEPDesc  usbh_ctlreq.o
    0x08007c2a   0x08007c2a   0x00000026   Code   RO         6569    i.USBH_ParseInterfaceDesc  usbh_ctlreq.o
    0x08007c50   0x08007c50   0x0000002e   Code   RO         6570    i.USBH_ParseStringDesc  usbh_ctlreq.o
    0x08007c7e   0x08007c7e   0x00000002   PAD
    0x08007c80   0x08007c80   0x00000518   Code   RO         6431    i.USBH_Process      usbh_core.o
    0x08008198   0x08008198   0x00000088   Code   RO         6433    i.USBH_RegisterClass  usbh_core.o
    0x08008220   0x08008220   0x000000f4   Code   RO         6434    i.USBH_SelectInterface  usbh_core.o
    0x08008314   0x08008314   0x0000001c   Code   RO         6571    i.USBH_SetAddress   usbh_ctlreq.o
    0x08008330   0x08008330   0x0000001c   Code   RO         6572    i.USBH_SetCfg       usbh_ctlreq.o
    0x0800834c   0x0800834c   0x0000001c   Code   RO         6573    i.USBH_SetFeature   usbh_ctlreq.o
    0x08008368   0x08008368   0x00000016   Code   RO         6435    i.USBH_Start        usbh_core.o
    0x0800837e   0x0800837e   0x00000002   PAD
    0x08008380   0x08008380   0x00000028   Code   RO          992    i.USBH_UserProcess  usb_host.o
    0x080083a8   0x080083a8   0x00000004   Code   RO          897    i.USBH_initialize   usbh_diskio.o
    0x080083ac   0x080083ac   0x00000070   Code   RO          898    i.USBH_ioctl        usbh_diskio.o
    0x0800841c   0x0800841c   0x00000078   Code   RO          899    i.USBH_read         usbh_diskio.o
    0x08008494   0x08008494   0x00000018   Code   RO          900    i.USBH_status       usbh_diskio.o
    0x080084ac   0x080084ac   0x000000b4   Code   RO          901    i.USBH_write        usbh_diskio.o
    0x08008560   0x08008560   0x00000088   Code   RO         2420    i.USB_CoreInit      stm32f4xx_ll_usb.o
    0x080085e8   0x080085e8   0x00000054   Code   RO         2421    i.USB_CoreReset     stm32f4xx_ll_usb.o
    0x0800863c   0x0800863c   0x0000000c   Code   RO         2428    i.USB_DisableGlobalInt  stm32f4xx_ll_usb.o
    0x08008648   0x08008648   0x00000020   Code   RO         2429    i.USB_DoPing        stm32f4xx_ll_usb.o
    0x08008668   0x08008668   0x0000003a   Code   RO         2430    i.USB_DriveVbus     stm32f4xx_ll_usb.o
    0x080086a2   0x080086a2   0x0000000c   Code   RO         2436    i.USB_EnableGlobalInt  stm32f4xx_ll_usb.o
    0x080086ae   0x080086ae   0x00000040   Code   RO         2437    i.USB_FlushRxFifo   stm32f4xx_ll_usb.o
    0x080086ee   0x080086ee   0x00000044   Code   RO         2438    i.USB_FlushTxFifo   stm32f4xx_ll_usb.o
    0x08008732   0x08008732   0x00000008   Code   RO         2439    i.USB_GetCurrentFrame  stm32f4xx_ll_usb.o
    0x0800873a   0x0800873a   0x00000010   Code   RO         2441    i.USB_GetHostSpeed  stm32f4xx_ll_usb.o
    0x0800874a   0x0800874a   0x00000008   Code   RO         2442    i.USB_GetMode       stm32f4xx_ll_usb.o
    0x08008752   0x08008752   0x000000f6   Code   RO         2443    i.USB_HC_Halt       stm32f4xx_ll_usb.o
    0x08008848   0x08008848   0x0000012c   Code   RO         2444    i.USB_HC_Init       stm32f4xx_ll_usb.o
    0x08008974   0x08008974   0x00000008   Code   RO         2445    i.USB_HC_ReadInterrupt  stm32f4xx_ll_usb.o
    0x0800897c   0x0800897c   0x00000290   Code   RO         2446    i.USB_HC_StartXfer  stm32f4xx_ll_usb.o
    0x08008c0c   0x08008c0c   0x000000ec   Code   RO         2447    i.USB_HostInit      stm32f4xx_ll_usb.o
    0x08008cf8   0x08008cf8   0x0000003c   Code   RO         2448    i.USB_InitFSLSPClkSel  stm32f4xx_ll_usb.o
    0x08008d34   0x08008d34   0x00000010   Code   RO         2449    i.USB_ReadChInterrupts  stm32f4xx_ll_usb.o
    0x08008d44   0x08008d44   0x00000008   Code   RO         2454    i.USB_ReadInterrupts  stm32f4xx_ll_usb.o
    0x08008d4c   0x08008d4c   0x0000003e   Code   RO         2455    i.USB_ReadPacket    stm32f4xx_ll_usb.o
    0x08008d8a   0x08008d8a   0x00000034   Code   RO         2456    i.USB_ResetPort     stm32f4xx_ll_usb.o
    0x08008dbe   0x08008dbe   0x00000060   Code   RO         2457    i.USB_SetCurrentMode  stm32f4xx_ll_usb.o
    0x08008e1e   0x08008e1e   0x00000092   Code   RO         2462    i.USB_StopHost      stm32f4xx_ll_usb.o
    0x08008eb0   0x08008eb0   0x00000028   Code   RO         2463    i.USB_WritePacket   stm32f4xx_ll_usb.o
    0x08008ed8   0x08008ed8   0x00000002   Code   RO          756    i.UsageFault_Handler  stm32f4xx_it.o
    0x08008eda   0x08008eda   0x00000002   PAD
    0x08008edc   0x08008edc   0x000000e0   Code   RO         7327    i.UsbGpioReset      libcpu.o
    0x08008fbc   0x08008fbc   0x00000020   Code   RO         3531    i.__NVIC_SetPriority  stm32f4xx_hal_cortex.o
    0x08008fdc   0x08008fdc   0x0000000e   Code   RO         7630    i._is_digit         c_w.l(__printf_wp.o)
    0x08008fea   0x08008fea   0x00000002   Code   RO         7196    i._sys_exit         libdbg.o
    0x08008fec   0x08008fec   0x00000002   Code   RO         7197    i._ttywrch          libdbg.o
    0x08008fee   0x08008fee   0x00000002   PAD
    0x08008ff0   0x08008ff0   0x0000042c   Code   RO         6990    i.bootLoadFailHandler  bootloader.o
    0x0800941c   0x0800941c   0x00000560   Code   RO         6991    i.bootLoadInit      bootloader.o
    0x0800997c   0x0800997c   0x00000ee8   Code   RO         6992    i.bootLoadProcess   bootloader.o
    0x0800a864   0x0800a864   0x0000007c   Code   RO         5904    i.change_bitmap     ff.o
    0x0800a8e0   0x0800a8e0   0x00000018   Code   RO         7409    i.checkBlank        splceprom.o
    0x0800a8f8   0x0800a8f8   0x00000090   Code   RO         5905    i.check_fs          ff.o
    0x0800a988   0x0800a988   0x00000010   Code   RO         5906    i.chk_chr           ff.o
    0x0800a998   0x0800a998   0x00000060   Code   RO         5907    i.chk_lock          ff.o
    0x0800a9f8   0x0800a9f8   0x000000f6   Code   RO         7410    i.clearEprom        splceprom.o
    0x0800aaee   0x0800aaee   0x00000002   PAD
    0x0800aaf0   0x0800aaf0   0x00000034   Code   RO         6993    i.clearFlash        bootloader.o
    0x0800ab24   0x0800ab24   0x00000020   Code   RO         5908    i.clear_lock        ff.o
    0x0800ab44   0x0800ab44   0x00000018   Code   RO         5909    i.clust2sect        ff.o
    0x0800ab5c   0x0800ab5c   0x0000001e   Code   RO         6994    i.cmpByte           bootloader.o
    0x0800ab7a   0x0800ab7a   0x00000002   PAD
    0x0800ab7c   0x0800ab7c   0x00000094   Code   RO         5910    i.cmp_lfn           ff.o
    0x0800ac10   0x0800ac10   0x0000000c   Code   RO         7328    i.cpuGetFlashSize   libcpu.o
    0x0800ac1c   0x0800ac1c   0x00000030   Code   RO         7257    i.crc32Calculate    libcrc.o
    0x0800ac4c   0x0800ac4c   0x00000020   Code   RO         7258    i.crc32CalculateAdd  libcrc.o
    0x0800ac6c   0x0800ac6c   0x00000010   Code   RO         7259    i.crc32Clear        libcrc.o
    0x0800ac7c   0x0800ac7c   0x000000b4   Code   RO         6995    i.crcLcdFile        bootloader.o
    0x0800ad30   0x0800ad30   0x00000146   Code   RO         5911    i.create_chain      ff.o
    0x0800ae76   0x0800ae76   0x00000002   PAD
    0x0800ae78   0x0800ae78   0x000001f4   Code   RO         5912    i.create_name       ff.o
    0x0800b06c   0x0800b06c   0x00000080   Code   RO         5913    i.create_xdir       ff.o
    0x0800b0ec   0x0800b0ec   0x00000030   Code   RO         5914    i.dec_lock          ff.o
    0x0800b11c   0x0800b11c   0x0000005e   Code   RO         5915    i.dir_alloc         ff.o
    0x0800b17a   0x0800b17a   0x0000014e   Code   RO         5916    i.dir_find          ff.o
    0x0800b2c8   0x0800b2c8   0x00000120   Code   RO         5917    i.dir_next          ff.o
    0x0800b3e8   0x0800b3e8   0x000000e6   Code   RO         5918    i.dir_read          ff.o
    0x0800b4ce   0x0800b4ce   0x000001cc   Code   RO         5919    i.dir_register      ff.o
    0x0800b69a   0x0800b69a   0x000000a6   Code   RO         5921    i.dir_sdi           ff.o
    0x0800b740   0x0800b740   0x0000002c   Code   RO         5849    i.disk_initialize   diskio.o
    0x0800b76c   0x0800b76c   0x0000001c   Code   RO         5850    i.disk_ioctl        diskio.o
    0x0800b788   0x0800b788   0x0000001c   Code   RO         5851    i.disk_read         diskio.o
    0x0800b7a4   0x0800b7a4   0x00000018   Code   RO         5852    i.disk_status       diskio.o
    0x0800b7bc   0x0800b7bc   0x0000001c   Code   RO         5853    i.disk_write        diskio.o
    0x0800b7d8   0x0800b7d8   0x00000004   Code   RO         6996    i.dp_display_text_num  bootloader.o
    0x0800b7dc   0x0800b7dc   0x0000005c   Code   RO         6997    i.dumpEprom         bootloader.o
    0x0800b838   0x0800b838   0x00000028   Code   RO         5922    i.enq_lock          ff.o
    0x0800b860   0x0800b860   0x000000fc   Code   RO         7412    i.epromRead         splceprom.o
    0x0800b95c   0x0800b95c   0x00000068   Code   RO         7414    i.epromReadDword    splceprom.o
    0x0800b9c4   0x0800b9c4   0x000000e0   Code   RO         7416    i.epromWrite        splceprom.o
    0x0800baa4   0x0800baa4   0x00000064   Code   RO         7417    i.epromWriteByte    splceprom.o
    0x0800bb08   0x0800bb08   0x00000068   Code   RO         7418    i.epromWriteDword   splceprom.o
    0x0800bb70   0x0800bb70   0x0000002a   Code   RO         5923    i.f_close           ff.o
    0x0800bb9a   0x0800bb9a   0x00000024   Code   RO         5924    i.f_closedir        ff.o
    0x0800bbbe   0x0800bbbe   0x0000023c   Code   RO         5926    i.f_lseek           ff.o
    0x0800bdfa   0x0800bdfa   0x00000002   PAD
    0x0800bdfc   0x0800bdfc   0x00000060   Code   RO         5928    i.f_mount           ff.o
    0x0800be5c   0x0800be5c   0x0000033a   Code   RO         5929    i.f_open            ff.o
    0x0800c196   0x0800c196   0x000000ee   Code   RO         5930    i.f_opendir         ff.o
    0x0800c284   0x0800c284   0x00000194   Code   RO         5931    i.f_read            ff.o
    0x0800c418   0x0800c418   0x00000070   Code   RO         5932    i.f_readdir         ff.o
    0x0800c488   0x0800c488   0x00000172   Code   RO         5935    i.f_sync            ff.o
    0x0800c5fa   0x0800c5fa   0x00000204   Code   RO         5938    i.f_write           ff.o
    0x0800c7fe   0x0800c7fe   0x00000002   PAD
    0x0800c800   0x0800c800   0x00000034   Code   RO         6384    i.ff_convert        ccsbcs.o
    0x0800c834   0x0800c834   0x00000004   Code   RO         6348    i.ff_memalloc       syscall.o
    0x0800c838   0x0800c838   0x00000004   Code   RO         6349    i.ff_memfree        syscall.o
    0x0800c83c   0x0800c83c   0x0000008c   Code   RO         6385    i.ff_wtoupper       ccsbcs.o
    0x0800c8c8   0x0800c8c8   0x0000002e   Code   RO         5939    i.fill_first_frag   ff.o
    0x0800c8f6   0x0800c8f6   0x00000032   Code   RO         5940    i.fill_last_frag    ff.o
    0x0800c928   0x0800c928   0x00000086   Code   RO         5941    i.find_bitmap       ff.o
    0x0800c9ae   0x0800c9ae   0x00000002   PAD
    0x0800c9b0   0x0800c9b0   0x000003ac   Code   RO         5942    i.find_volume       ff.o
    0x0800cd5c   0x0800cd5c   0x000000ba   Code   RO         5943    i.follow_path       ff.o
    0x0800ce16   0x0800ce16   0x00000002   PAD
    0x0800ce18   0x0800ce18   0x0000001c   Code   RO         7199    i.fputc             libdbg.o
    0x0800ce34   0x0800ce34   0x00000088   Code   RO         5944    i.gen_numname       ff.o
    0x0800cebc   0x0800cebc   0x0000009c   Code   RO         6998    i.getNewLcdAppCrc   bootloader.o
    0x0800cf58   0x0800cf58   0x000000bc   Code   RO         6999    i.getNewMcuAppCrc   bootloader.o
    0x0800d014   0x0800d014   0x00000020   Code   RO         7000    i.getOriginAppCrc   bootloader.o
    0x0800d034   0x0800d034   0x00000136   Code   RO         5945    i.get_fat           ff.o
    0x0800d16a   0x0800d16a   0x00000004   Code   RO          953    i.get_fattime       fatfs.o
    0x0800d16e   0x0800d16e   0x0000010c   Code   RO         5946    i.get_fileinfo      ff.o
    0x0800d27a   0x0800d27a   0x00000042   Code   RO         5947    i.get_ldnumber      ff.o
    0x0800d2bc   0x0800d2bc   0x00000084   Code   RO         5948    i.get_xdir_info     ff.o
    0x0800d340   0x0800d340   0x00000088   Code   RO         5949    i.inc_lock          ff.o
    0x0800d3c8   0x0800d3c8   0x00000026   Code   RO         5950    i.ld_clust          ff.o
    0x0800d3ee   0x0800d3ee   0x00000016   Code   RO         5951    i.ld_dword          ff.o
    0x0800d404   0x0800d404   0x00000058   Code   RO         5952    i.ld_qword          ff.o
    0x0800d45c   0x0800d45c   0x0000000a   Code   RO         5953    i.ld_word           ff.o
    0x0800d466   0x0800d466   0x00000002   PAD
    0x0800d468   0x0800d468   0x000001f4   Code   RO         7420    i.listEpromTable    splceprom.o
    0x0800d65c   0x0800d65c   0x00000038   Code   RO         5954    i.load_obj_dir      ff.o
    0x0800d694   0x0800d694   0x000000dc   Code   RO         5955    i.load_xdir         ff.o
    0x0800d770   0x0800d770   0x0000007c   Code   RO           16    i.main              main.o
    0x0800d7ec   0x0800d7ec   0x00000018   Code   RO         5956    i.mem_cmp           ff.o
    0x0800d804   0x0800d804   0x00000012   Code   RO         5957    i.mem_cpy           ff.o
    0x0800d816   0x0800d816   0x0000000c   Code   RO         5958    i.mem_set           ff.o
    0x0800d822   0x0800d822   0x00000034   Code   RO         5959    i.move_window       ff.o
    0x0800d856   0x0800d856   0x00000002   PAD
    0x0800d858   0x0800d858   0x00000084   Code   RO         5960    i.pick_lfn          ff.o
    0x0800d8dc   0x0800d8dc   0x000000ac   Code   RO         7001    i.prepareUpdateLcd  bootloader.o
    0x0800d988   0x0800d988   0x00000106   Code   RO         5961    i.put_fat           ff.o
    0x0800da8e   0x0800da8e   0x00000002   PAD
    0x0800da90   0x0800da90   0x00000074   Code   RO         5962    i.put_lfn           ff.o
    0x0800db04   0x0800db04   0x00000024   Code   RO         7332    i.readStm32UniqueID  libcpu.o
    0x0800db28   0x0800db28   0x000000f8   Code   RO         5963    i.remove_chain      ff.o
    0x0800dc20   0x0800dc20   0x00000012   Code   RO         7333    i.resetInit         libcpu.o
    0x0800dc32   0x0800dc32   0x0000001a   Code   RO         7334    i.softDelayMs       libcpu.o
    0x0800dc4c   0x0800dc4c   0x00000028   Code   RO         5964    i.st_clust          ff.o
    0x0800dc74   0x0800dc74   0x00000010   Code   RO         5965    i.st_dword          ff.o
    0x0800dc84   0x0800dc84   0x00000048   Code   RO         5966    i.st_qword          ff.o
    0x0800dccc   0x0800dccc   0x00000008   Code   RO         5967    i.st_word           ff.o
    0x0800dcd4   0x0800dcd4   0x00000068   Code   RO         5968    i.store_xdir        ff.o
    0x0800dd3c   0x0800dd3c   0x0000001a   Code   RO         5969    i.sum_sfn           ff.o
    0x0800dd56   0x0800dd56   0x00000002   PAD
    0x0800dd58   0x0800dd58   0x00000088   Code   RO         5970    i.sync_fs           ff.o
    0x0800dde0   0x0800dde0   0x00000054   Code   RO         5971    i.sync_window       ff.o
    0x0800de34   0x0800de34   0x000000fc   Code   RO         7002    i.updateEprom       bootloader.o
    0x0800df30   0x0800df30   0x00000348   Code   RO         7003    i.updateLcdApp      bootloader.o
    0x0800e278   0x0800e278   0x000000b4   Code   RO         7004    i.updateLcdFile     bootloader.o
    0x0800e32c   0x0800e32c   0x000001c8   Code   RO         7005    i.updateMcuApp      bootloader.o
    0x0800e4f4   0x0800e4f4   0x00000036   Code   RO         5972    i.validate          ff.o
    0x0800e52a   0x0800e52a   0x00000038   Code   RO         5973    i.xdir_sum          ff.o
    0x0800e562   0x0800e562   0x00000044   Code   RO         5974    i.xname_sum         ff.o
    0x0800e5a6   0x0800e5a6   0x0000000a   Code   RO         7811    x$fpl$fpinit        fz_wm.l(fpinit.o)
    0x0800e5b0   0x0800e5b0   0x00000014   Data   RO          902    .constdata          usbh_diskio.o
    0x0800e5c4   0x0800e5c4   0x00000010   Data   RO         5813    .constdata          system_stm32f4xx.o
    0x0800e5d4   0x0800e5d4   0x00000008   Data   RO         5814    .constdata          system_stm32f4xx.o
    0x0800e5dc   0x0800e5dc   0x0000008d   Data   RO         5976    .constdata          ff.o
    0x0800e669   0x0800e669   0x00000001   PAD
    0x0800e66a   0x0800e66a   0x000003ae   Data   RO         6386    .constdata          ccsbcs.o
    0x0800ea18   0x0800ea18   0x00000600   Data   RO         7261    .constdata          libcrc.o
    0x0800f018   0x0800f018   0x00000028   Data   RO         7603    .constdata          c_w.l(_printf_hex_int.o)
    0x0800f040   0x0800f040   0x00000011   Data   RO         7633    .constdata          c_w.l(__printf_flags_wp.o)
    0x0800f051   0x0800f051   0x00000003   PAD
    0x0800f054   0x0800f054   0x00000042   Data   RO         6437    .conststring        usbh_core.o
    0x0800f096   0x0800f096   0x00000002   PAD
    0x0800f098   0x0800f098   0x000000d3   Data   RO         6575    .conststring        usbh_ctlreq.o
    0x0800f16b   0x0800f16b   0x00000001   PAD
    0x0800f16c   0x0800f16c   0x00000004   Data   RO         6804    .conststring        usbh_msc.o
    0x0800f170   0x0800f170   0x00000046   Data   RO         7013    .conststring        bootloader.o
    0x0800f1b6   0x0800f1b6   0x00000002   PAD
    0x0800f1b8   0x0800f1b8   0x00000020   Data   RO         7900    Region$$Table       anon$$obj.o
    0x0800f1d8   0x0800f1d8   0x00000c28   PAD
    0x0800fe00   0x0800fe00   0x00000001   Data   RO         7006    .ARM.__AT_0x0800FE00  bootloader.o
    0x0800fe01   0x0800fe01   0x00000001   Data   RO         7007    .ARM.__AT_0x0800FE01  bootloader.o


    Execution Region RW_IRAM1 (Exec base: 0x20000000, Load base: 0x0800fe04, Size: 0x0000b428, Max: 0x0001c000, ABSOLUTE)

    Exec Addr    Load Addr    Size         Type   Attr      Idx    E Section Name        Object

    0x20000000   0x0800fe04   0x00000008   Data   RW          395    .data               crc.o
    0x20000008   0x0800fe0c   0x00000005   Data   RW          956    .data               fatfs.o
    0x2000000d   0x0800fe11   0x00000001   Data   RW          994    .data               usb_host.o
    0x2000000e   0x0800fe12   0x00000002   PAD
    0x20000010   0x0800fe14   0x0000000c   Data   RW         3690    .data               stm32f4xx_hal.o
    0x2000001c   0x0800fe20   0x00000004   Data   RW         5815    .data               system_stm32f4xx.o
    0x20000020   0x0800fe24   0x00000008   Data   RW         5977    .data               ff.o
    0x20000028   0x0800fe2c   0x00000020   Data   RW         6805    .data               usbh_msc.o
    0x20000048   0x0800fe4c   0x00000073   Data   RW         7014    .data               bootloader.o
    0x200000bb   0x0800febf   0x00000001   PAD
    0x200000bc   0x0800fec0   0x00000010   Data   RW         7147    .data               flash_if.o
    0x200000cc   0x0800fed0   0x00000004   Data   RW         7200    .data               libdbg.o
    0x200000d0   0x0800fed4   0x00000008   Data   RW         7262    .data               libcrc.o
    0x200000d8   0x0800fedc   0x00000004   Data   RW         7805    .data               c_w.l(heapauxa.o)
    0x200000dc        -       0x00000048   Zero   RW          353    .bss                adc.o
    0x20000124        -       0x00000014   Zero   RW          437    .bss                dac.o
    0x20000138        -       0x000000a8   Zero   RW          480    .bss                i2c.o
    0x200001e0        -       0x00000010   Zero   RW          527    .bss                rng.o
    0x200001f0        -       0x00000058   Zero   RW          569    .bss                spi.o
    0x20000248        -       0x000001b0   Zero   RW          617    .bss                tim.o
    0x200003f8        -       0x00000120   Zero   RW          692    .bss                usart.o
    0x20000518        -       0x00000048   Zero   RW          861    .bss                stm32f4xx_hal_timebase_tim.o
    0x20000560        -       0x000003d8   Zero   RW          993    .bss                usb_host.o
    0x20000938        -       0x000003e0   Zero   RW         1054    .bss                usbh_conf.o
    0x20000d18        -       0x00000020   Zero   RW         2899    .bss                stm32f4xx_hal_flash.o
    0x20000d38        -       0x00000ff0   Zero   RW         5975    .bss                ff.o
    0x20001d28        -       0x0000000c   Zero   RW         6302    .bss                ff_gen_drv.o
    0x20001d34   0x0800fee0   0x00000004   PAD
    0x20001d38        -       0x00005650   Zero   RW         7008    .bss                bootloader.o
    0x20007388        -       0x00000030   Zero   RW         7146    .bss                flash_if.o
    0x200073b8        -       0x0000000c   Zero   RW         7335    .bss                libcpu.o
    0x200073c4        -       0x00000060   Zero   RW         7762    .bss                c_w.l(libspace.o)
    0x20007424   0x0800fee0   0x00000004   PAD
    0x20007428        -       0x00002000   Zero   RW            2    HEAP                startup_stm32f407xx.o
    0x20009428        -       0x00002000   Zero   RW            1    STACK               startup_stm32f407xx.o


    Execution Region RW_IRAM2 (Exec base: 0x2001c000, Load base: 0x0800fee0, Size: 0x00000000, Max: 0x00004000, ABSOLUTE)

    **** No section assigned to this execution region ****


==============================================================================

Image component sizes


      Code (inc. data)   RO Data    RW Data    ZI Data      Debug   Object Name

       268         34          0          0         72       1905   adc.o
      8914       4296         72        115      22096      54516   bootloader.o
       192         22        942          0          0       2563   ccsbcs.o
        76         18          0          8          0       1643   crc.o
       188         22          0          0         20       1799   dac.o
       152         26          0          0          0       3917   diskio.o
        32         10          0          5          0       1652   fatfs.o
     10776        116        141          8       4080      64324   ff.o
        70          6          0          0         12       1715   ff_gen_drv.o
       304         64          0         16         48       2613   flash_if.o
       756         34          0          0          0       1463   gpio.o
       396         60          0          0        168       3206   i2c.o
       472         44          0          0         12       4410   libcpu.o
        96         22       1536          8          0       2486   libcrc.o
        32          4          0          4          0       3565   libdbg.o
       300         20          0          0          0     763495   main.o
        76         18          0          0         16       1643   rng.o
       212         26          0          0         88       1861   spi.o
      1722        430          0          0          0       9888   splceprom.o
        36          8        392          0      16384        864   startup_stm32f407xx.o
       190         36          0         12          0      10083   stm32f4xx_hal.o
       732         24          0          0          0       2903   stm32f4xx_hal_adc.o
       218         14          0          0          0      34723   stm32f4xx_hal_cortex.o
        36          0          0          0          0       1123   stm32f4xx_hal_crc.o
       228          0          0          0          0       3557   stm32f4xx_hal_dac.o
         2          0          0          0          0       1043   stm32f4xx_hal_dac_ex.o
       524         66          0          0         32       6398   stm32f4xx_hal_flash.o
       364         24          0          0          0       3490   stm32f4xx_hal_flash_ex.o
       808         84          0          0          0       4117   stm32f4xx_hal_gpio.o
      3168          0          0          0          0      15377   stm32f4xx_hal_hcd.o
      2678         46          0          0          0      13803   stm32f4xx_hal_i2c.o
        48          6          0          0          0        906   stm32f4xx_hal_msp.o
      1536         88          0          0          0       7245   stm32f4xx_hal_rcc.o
        52          0          0          0          0       1155   stm32f4xx_hal_rng.o
       206          0          0          0          0       1307   stm32f4xx_hal_spi.o
      2876        176          0          0          0      26623   stm32f4xx_hal_tim.o
       232         30          0          0          0       3553   stm32f4xx_hal_tim_ex.o
       152         20          0          0         72       1647   stm32f4xx_hal_timebase_tim.o
       924         10          0          0          0       6083   stm32f4xx_hal_uart.o
        66         16          0          0          0       5500   stm32f4xx_it.o
      2424         42          0          0          0      20570   stm32f4xx_ll_usb.o
         8          0          0          0          0       1759   syscall.o
        16          4         24          4          0       1219   system_stm32f4xx.o
      1312        122          0          0        432       6701   tim.o
       540         64          0          0        288       4033   usart.o
       116         22          0          1        984       2414   usb_host.o
       558         16          0          0        992      15061   usbh_conf.o
      3416       1134         66          0          0      12891   usbh_core.o
      1792        116        211          0          0      14710   usbh_ctlreq.o
       440        122         20          0          0       4429   usbh_diskio.o
       182          0          0          0          0       4596   usbh_ioreq.o
      2904        536          4         32          0      11877   usbh_msc.o
       744         28          0          0          0       5777   usbh_msc_bot.o
       876         36          0          0          0       6535   usbh_msc_scsi.o
       126          0          0          0          0       4098   usbh_pipes.o
        48         10          0          0          0        662   usbh_platform.o

    ----------------------------------------------------------------------
     55676       8172       6560        216      45800    1197496   Object Totals
         0          0         32          0          0          0   (incl. Generated)
        64          0       3120          3          4          0   (incl. Padding)

    ----------------------------------------------------------------------

      Code (inc. data)   RO Data    RW Data    ZI Data      Debug   Library Member Name

         8          0          0          0          0         68   __main.o
       312          4         17          0          0         92   __printf_flags_wp.o
        14          0          0          0          0         68   __printf_wp.o
         0          0          0          0          0          0   __rtentry.o
        12          0          0          0          0          0   __rtentry2.o
         8          4          0          0          0          0   __rtentry5.o
        52          8          0          0          0          0   __scatter.o
        26          0          0          0          0          0   __scatter_copy.o
        28          0          0          0          0          0   __scatter_zi.o
         6          0          0          0          0          0   _printf_c.o
        44          0          0          0          0        108   _printf_char.o
        48          6          0          0          0         96   _printf_char_common.o
        36          4          0          0          0         80   _printf_char_file.o
         6          0          0          0          0          0   _printf_d.o
       120         16          0          0          0         92   _printf_dec.o
        88          4         40          0          0         88   _printf_hex_int.o
       178          0          0          0          0         88   _printf_intcommon.o
        78          0          0          0          0        108   _printf_pad.o
         0          0          0          0          0          0   _printf_percent.o
         4          0          0          0          0          0   _printf_percent_end.o
         6          0          0          0          0          0   _printf_s.o
        82          0          0          0          0         80   _printf_str.o
         6          0          0          0          0          0   _printf_u.o
         6          0          0          0          0          0   _printf_x.o
        10          0          0          0          0         68   _sputc.o
        10          0          0          0          0         68   defsig_exit.o
        50          0          0          0          0         88   defsig_general.o
        80         58          0          0          0         76   defsig_rtmem_inner.o
        14          0          0          0          0         80   defsig_rtmem_outer.o
        18          0          0          0          0         80   exit.o
         8          0          0          0          0         68   ferror.o
        94          0          0          0          0         80   h1_alloc.o
        52          0          0          0          0         68   h1_extend.o
        78          0          0          0          0         80   h1_free.o
        14          0          0          0          0         84   h1_init.o
        80          6          0          4          0         96   heapauxa.o
         4          0          0          0          0        136   hguard.o
       138          0          0          0          0        168   init_alloc.o
         2          0          0          0          0          0   libinit.o
         6          0          0          0          0          0   libinit2.o
        16          8          0          0          0          0   libinit3.o
         2          0          0          0          0          0   libshutdown.o
         2          0          0          0          0          0   libshutdown2.o
         0          0          0          0         96          0   libspace.o
       238          0          0          0          0        100   lludivv7m.o
         0          0          0          0          0          0   maybetermalloc1.o
        24          4          0          0          0         84   noretval__2printf.o
        40          6          0          0          0         84   noretval__2sprintf.o
         8          4          0          0          0         68   rt_heap_descriptor_intlibspace.o
        68          0          0          0          0         68   rt_memclr.o
        78          0          0          0          0         80   rt_memclr_w.o
       138          0          0          0          0         68   rt_memcpy_v6.o
       100          0          0          0          0         80   rt_memcpy_w.o
         2          0          0          0          0          0   rtexit.o
        10          0          0          0          0          0   rtexit2.o
        20          0          0          0          0         68   strchr.o
        72          0          0          0          0         80   strcpy.o
        62          0          0          0          0         76   strlen.o
         2          0          0          0          0         68   use_no_semi.o
        10          0          0          0          0        116   fpinit.o

    ----------------------------------------------------------------------
      2732        132         60          4        100       3248   Library Totals
        14          0          3          0          4          0   (incl. Padding)

    ----------------------------------------------------------------------

      Code (inc. data)   RO Data    RW Data    ZI Data      Debug   Library Name

      2708        132         57          4         96       3132   c_w.l
        10          0          0          0          0        116   fz_wm.l

    ----------------------------------------------------------------------
      2732        132         60          4        100       3248   Library Totals

    ----------------------------------------------------------------------

==============================================================================


      Code (inc. data)   RO Data    RW Data    ZI Data      Debug   

     58408       8304       6620        220      45900    1159728   Grand Totals
     58408       8304       6620        220      45900    1159728   ELF Image Totals
     58408       8304       6620        220          0          0   ROM Totals

==============================================================================

    Total RO  Size (Code + RO Data)                65028 (  63.50kB)
    Total RW  Size (RW Data + ZI Data)             46120 (  45.04kB)
    Total ROM Size (Code + RO Data + RW Data)      65248 (  63.72kB)

==============================================================================

