Component: ARM Compiler 5.06 update 6 (build 750) Tool: armlink [4d35ed]

==============================================================================

Section Cross References

    startup_stm32f405xx.o(STACK) refers (Special) to heapauxi.o(.text) for __use_two_region_memory
    startup_stm32f405xx.o(HEAP) refers (Special) to heapauxi.o(.text) for __use_two_region_memory
    startup_stm32f405xx.o(RESET) refers (Special) to heapauxi.o(.text) for __use_two_region_memory
    startup_stm32f405xx.o(RESET) refers to startup_stm32f405xx.o(STACK) for __initial_sp
    startup_stm32f405xx.o(RESET) refers to startup_stm32f405xx.o(.text) for Reset_Handler
    startup_stm32f405xx.o(RESET) refers to stm32f4xx_it.o(.text) for NMI_Handler
    startup_stm32f405xx.o(RESET) refers to port.o(.emb_text) for SVC_Handler
    startup_stm32f405xx.o(RESET) refers to cmsis_os2.o(.text) for SysTick_Handler
    startup_stm32f405xx.o(.text) refers (Special) to heapauxi.o(.text) for __use_two_region_memory
    startup_stm32f405xx.o(.text) refers to system_stm32f4xx.o(.text) for SystemInit
    startup_stm32f405xx.o(.text) refers to __main.o(!!!main) for __main
    startup_stm32f405xx.o(.text) refers to startup_stm32f405xx.o(HEAP) for Heap_Mem
    startup_stm32f405xx.o(.text) refers to startup_stm32f405xx.o(STACK) for Stack_Mem
    main.o(.text) refers to stm32f4xx_hal_rcc.o(.text) for HAL_RCC_OscConfig
    main.o(.text) refers to stm32f4xx_hal.o(.text) for HAL_Init
    main.o(.text) refers to gpio.o(.text) for MX_GPIO_Init
    main.o(.text) refers to dma.o(.text) for MX_DMA_Init
    main.o(.text) refers to adc.o(.text) for MX_ADC1_Init
    main.o(.text) refers to dac.o(.text) for MX_DAC_Init
    main.o(.text) refers to i2c.o(.text) for MX_I2C1_Init
    main.o(.text) refers to tim.o(.text) for MX_TIM2_Init
    main.o(.text) refers to usart.o(.text) for MX_UART4_Init
    main.o(.text) refers to crc.o(.text) for MX_CRC_Init
    main.o(.text) refers to rng.o(.text) for MX_RNG_Init
    main.o(.text) refers to fatfs.o(.text) for MX_FATFS_Init
    main.o(.text) refers to cmsis_os2.o(.text) for osKernelInitialize
    main.o(.text) refers to freertos.o(.text) for MX_FREERTOS_Init
    main.o(.text) refers to splctimer.o(.text) for sPlcTimerIsr
    main.o(.text) refers to splclaser.o(.text) for sPlcLaserTimerIsr
    gpio.o(.text) refers to stm32f4xx_hal_gpio.o(.text) for HAL_GPIO_WritePin
    freertos.o(.text) refers to usb_host.o(.text) for MX_USB_HOST_Init
    freertos.o(.text) refers to cmsis_os2.o(.text) for osDelay
    freertos.o(.text) refers to freertos.o(.constdata) for .constdata
    freertos.o(.text) refers to freertos.o(.data) for .data
    freertos.o(.text) refers to mainapp.o(.text) for mainAppTask
    freertos.o(.constdata) refers to freertos.o(.conststring) for .conststring
    adc.o(.text) refers to stm32f4xx_hal_adc.o(.text) for HAL_ADC_Init
    adc.o(.text) refers to main.o(.text) for Error_Handler
    adc.o(.text) refers to stm32f4xx_hal_gpio.o(.text) for HAL_GPIO_Init
    adc.o(.text) refers to stm32f4xx_hal_dma.o(.text) for HAL_DMA_Init
    adc.o(.text) refers to stm32f4xx_hal_cortex.o(.text) for HAL_NVIC_SetPriority
    adc.o(.text) refers to adc.o(.bss) for .bss
    crc.o(.text) refers to stm32f4xx_hal_crc.o(.text) for HAL_CRC_Init
    crc.o(.text) refers to main.o(.text) for Error_Handler
    crc.o(.text) refers to crc.o(.data) for .data
    dac.o(.text) refers to stm32f4xx_hal_dac.o(.text) for HAL_DAC_Init
    dac.o(.text) refers to main.o(.text) for Error_Handler
    dac.o(.text) refers to stm32f4xx_hal_gpio.o(.text) for HAL_GPIO_Init
    dac.o(.text) refers to stm32f4xx_hal_dma.o(.text) for HAL_DMA_Init
    dac.o(.text) refers to stm32f4xx_hal_cortex.o(.text) for HAL_NVIC_SetPriority
    dac.o(.text) refers to dac.o(.bss) for .bss
    dma.o(.text) refers to stm32f4xx_hal_cortex.o(.text) for HAL_NVIC_SetPriority
    i2c.o(.text) refers to stm32f4xx_hal_i2c.o(.text) for HAL_I2C_Init
    i2c.o(.text) refers to main.o(.text) for Error_Handler
    i2c.o(.text) refers to stm32f4xx_hal_gpio.o(.text) for HAL_GPIO_Init
    i2c.o(.text) refers to i2c.o(.bss) for .bss
    rng.o(.text) refers to stm32f4xx_hal_rng.o(.text) for HAL_RNG_Init
    rng.o(.text) refers to main.o(.text) for Error_Handler
    rng.o(.text) refers to rng.o(.bss) for .bss
    tim.o(.text) refers to stm32f4xx_hal_gpio.o(.text) for HAL_GPIO_Init
    tim.o(.text) refers to stm32f4xx_hal_tim.o(.text) for HAL_TIM_Base_Init
    tim.o(.text) refers to main.o(.text) for Error_Handler
    tim.o(.text) refers to stm32f4xx_hal_tim_ex.o(.text) for HAL_TIMEx_MasterConfigSynchronization
    tim.o(.text) refers to stm32f4xx_hal_cortex.o(.text) for HAL_NVIC_SetPriority
    tim.o(.text) refers to tim.o(.bss) for .bss
    usart.o(.text) refers to stm32f4xx_hal_uart.o(.text) for HAL_UART_Init
    usart.o(.text) refers to main.o(.text) for Error_Handler
    usart.o(.text) refers to stm32f4xx_hal_gpio.o(.text) for HAL_GPIO_Init
[...]
    __rt_memclr_w                            0x08045215   Thumb Code    78  rt_memclr_w.o(.text)
    _memset_w                                0x08045219   Thumb Code     0  rt_memclr_w.o(.text)
    strncpy                                  0x08045263   Thumb Code    86  strncpy.o(.text)
    __use_two_region_memory                  0x080452b9   Thumb Code     2  heapauxi.o(.text)
    __rt_heap_escrow                         0x080452bb   Thumb Code     2  heapauxi.o(.text)
    __rt_heap_expand                         0x080452bd   Thumb Code     2  heapauxi.o(.text)
    __rt_heap_descriptor                     0x080452c1   Thumb Code     8  rt_heap_descriptor_intlibspace.o(.text)
    __use_no_heap                            0x080452c9   Thumb Code     2  hguard.o(.text)
    __heap$guard                             0x080452cb   Thumb Code     2  hguard.o(.text)
    _terminate_user_alloc                    0x080452cd   Thumb Code     2  init_alloc.o(.text)
    _init_user_alloc                         0x080452cf   Thumb Code     2  init_alloc.o(.text)
    __Heap_Full                              0x080452d1   Thumb Code    34  init_alloc.o(.text)
    __Heap_Broken                            0x080452f3   Thumb Code     6  init_alloc.o(.text)
    _init_alloc                              0x080452f9   Thumb Code    94  init_alloc.o(.text)
    __Heap_Initialize                        0x08045357   Thumb Code    10  h1_init.o(.text)
    __Heap_DescSize                          0x08045361   Thumb Code     4  h1_init.o(.text)
    __read_errno                             0x08045365   Thumb Code    10  _rserrno.o(.text)
    __set_errno                              0x0804536f   Thumb Code    12  _rserrno.o(.text)
    _printf_int_common                       0x0804537b   Thumb Code   178  _printf_intcommon.o(.text)
    __lib_sel_fp_printf                      0x0804542d   Thumb Code     2  _printf_fp_dec.o(.text)
    _printf_fp_dec_real                      0x080455df   Thumb Code   620  _printf_fp_dec.o(.text)
    _printf_char_common                      0x08045857   Thumb Code    32  _printf_char_common.o(.text)
    _sputc                                   0x0804587d   Thumb Code    10  _sputc.o(.text)
    _printf_cs_common                        0x08045887   Thumb Code    20  _printf_char.o(.text)
    _printf_char                             0x0804589b   Thumb Code    16  _printf_char.o(.text)
    _printf_string                           0x080458ab   Thumb Code     8  _printf_char.o(.text)
    _printf_char_file                        0x080458b5   Thumb Code    32  _printf_char_file.o(.text)
    _chval                                   0x080458d9   Thumb Code    28  _chval.o(.text)
    _scanf_really_real                       0x08045b41   Thumb Code   684  scanf_fp.o(.text)
    __vfscanf_char                           0x08045df9   Thumb Code    24  scanf_char.o(.text)
    _sgetc                                   0x08045e19   Thumb Code    30  _sgetc.o(.text)
    _sbackspace                              0x08045e37   Thumb Code    34  _sgetc.o(.text)
    __user_libspace                          0x08045e59   Thumb Code     8  libspace.o(.text)
    __user_perproc_libspace                  0x08045e59   Thumb Code     0  libspace.o(.text)
    __user_perthread_libspace                0x08045e59   Thumb Code     0  libspace.o(.text)
    __rt_locale                              0x08045e61   Thumb Code     8  rt_locale_intlibspace.o(.text)
    __aeabi_errno_addr                       0x08045e69   Thumb Code     8  rt_errno_addr_intlibspace.o(.text)
    __errno$intlibspace                      0x08045e69   Thumb Code     0  rt_errno_addr_intlibspace.o(.text)
    __rt_errno_addr$intlibspace              0x08045e69   Thumb Code     0  rt_errno_addr_intlibspace.o(.text)
    __Heap_ProvideMemory                     0x08045e71   Thumb Code    52  h1_extend.o(.text)
    _ll_udiv10                               0x08045ea5   Thumb Code   138  lludiv10.o(.text)
    isspace                                  0x08045f2f   Thumb Code    18  isspace.o(.text)
    _printf_fp_infnan                        0x08045f41   Thumb Code   112  _printf_fp_infnan.o(.text)
    __vfscanf                                0x08045fc1   Thumb Code   878  _scanf.o(.text)
    _btod_etento                             0x08046335   Thumb Code   224  bigflt0.o(.text)
    ferror                                   0x08046419   Thumb Code     8  ferror.o(.text)
    __rt_SIGRTMEM                            0x08046421   Thumb Code    14  defsig_rtmem_outer.o(.text)
    __user_setup_stackheap                   0x0804642f   Thumb Code    74  sys_stackheap_outer.o(.text)
    __rt_ctype_table                         0x08046479   Thumb Code    16  rt_ctype_table.o(.text)
    _scanf_really_hex_real                   0x08046489   Thumb Code   786  scanf_hexfp.o(.text)
    _scanf_really_infnan                     0x080467a9   Thumb Code   292  scanf_infnan.o(.text)
    exit                                     0x080468dd   Thumb Code    18  exit.o(.text)
    __sig_exit                               0x080468ef   Thumb Code    10  defsig_exit.o(.text)
    __rt_SIGRTMEM_inner                      0x080468f9   Thumb Code    22  defsig_rtmem_inner.o(.text)
    strcmp                                   0x08046949   Thumb Code   128  strcmpv7m.o(.text)
    __aeabi_llsl                             0x080469c9   Thumb Code     0  llshl.o(.text)
    _ll_shift_l                              0x080469c9   Thumb Code    38  llshl.o(.text)
    __default_signal_display                 0x080469ef   Thumb Code    50  defsig_general.o(.text)
    _btod_d2e                                0x08046a21   Thumb Code    62  btod.o(CL$$btod_d2e)
    _d2e_denorm_low                          0x08046a5f   Thumb Code    70  btod.o(CL$$btod_d2e_denorm_low)
    _d2e_norm_op1                            0x08046aa5   Thumb Code    96  btod.o(CL$$btod_d2e_norm_op1)
    __btod_div_common                        0x08046b05   Thumb Code   696  btod.o(CL$$btod_div_common)
    _e2d                                     0x08046e3d   Thumb Code   122  btod.o(CL$$btod_e2d)
    _e2e                                     0x08046ec1   Thumb Code   220  btod.o(CL$$btod_e2e)
    _btod_ediv                               0x08046f9d   Thumb Code    42  btod.o(CL$$btod_ediv)
    _btod_edivd                              0x08046fc7   Thumb Code    42  btod.o(CL$$btod_edivd)
    _btod_emul                               0x08046ff1   Thumb Code    42  btod.o(CL$$btod_emul)
    _btod_emuld                              0x0804701b   Thumb Code    42  btod.o(CL$$btod_emuld)
    __btod_mult_common                       0x08047045   Thumb Code   580  btod.o(CL$$btod_mult_common)
    __ARM_fpclassify                         0x08047289   Thumb Code    48  fpclassify.o(i.__ARM_fpclassify)
    __hardfp___mathlib_tofloat               0x080472b9   Thumb Code   232  narrow.o(i.__hardfp___mathlib_tofloat)
    __hardfp_ldexp                           0x080473b1   Thumb Code   200  ldexp.o(i.__hardfp_ldexp)
    __hardfp_log                             0x08047481   Thumb Code   872  log.o(i.__hardfp_log)
    __kernel_poly                            0x08047845   Thumb Code   248  poly.o(i.__kernel_poly)
    __mathlib_dbl_divzero                    0x08047941   Thumb Code    28  dunder.o(i.__mathlib_dbl_divzero)
    __mathlib_dbl_infnan                     0x08047971   Thumb Code    20  dunder.o(i.__mathlib_dbl_infnan)
    __mathlib_dbl_invalid                    0x08047989   Thumb Code    24  dunder.o(i.__mathlib_dbl_invalid)
    __mathlib_dbl_overflow                   0x080479a9   Thumb Code    24  dunder.o(i.__mathlib_dbl_overflow)
    __mathlib_dbl_underflow                  0x080479c9   Thumb Code    24  dunder.o(i.__mathlib_dbl_underflow)
    __mathlib_narrow                         0x080479e9   Thumb Code    18  narrow.o(i.__mathlib_narrow)
    __support_ldexp                          0x080479fb   Thumb Code    20  ldexp.o(i.__support_ldexp)
    _is_digit                                0x08047a0f   Thumb Code    14  __printf_wp.o(i._is_digit)
    frexp                                    0x08047a21   Thumb Code   118  frexp.o(i.frexp)
    _get_lc_numeric                          0x08047aad   Thumb Code    44  lc_numeric_c.o(locale$$code)
    _get_lc_ctype                            0x08047ad9   Thumb Code    44  lc_ctype_c.o(locale$$code)
    __aeabi_dneg                             0x08047b05   Thumb Code     0  basic.o(x$fpl$basic)
    _dneg                                    0x08047b05   Thumb Code     6  basic.o(x$fpl$basic)
    __aeabi_fneg                             0x08047b0b   Thumb Code     0  basic.o(x$fpl$basic)
    _fneg                                    0x08047b0b   Thumb Code     6  basic.o(x$fpl$basic)
    _dabs                                    0x08047b11   Thumb Code     6  basic.o(x$fpl$basic)
    _fabs                                    0x08047b17   Thumb Code     6  basic.o(x$fpl$basic)
    __aeabi_d2f                              0x08047b1d   Thumb Code     0  d2f.o(x$fpl$d2f)
    _d2f                                     0x08047b1d   Thumb Code    98  d2f.o(x$fpl$d2f)
    __aeabi_dadd                             0x08047b81   Thumb Code     0  daddsub_clz.o(x$fpl$dadd)
    _dadd                                    0x08047b81   Thumb Code   332  daddsub_clz.o(x$fpl$dadd)
    __fpl_dcheck_NaN1                        0x08047cd1   Thumb Code    10  dcheck1.o(x$fpl$dcheck1)
    __fpl_dcmp_Inf                           0x08047ce1   Thumb Code    24  dcmpi.o(x$fpl$dcmpinf)
    __aeabi_ddiv                             0x08047cf9   Thumb Code     0  ddiv.o(x$fpl$ddiv)
    _ddiv                                    0x08047cf9   Thumb Code   552  ddiv.o(x$fpl$ddiv)
    __aeabi_cdcmpeq                          0x08047fa9   Thumb Code     0  deqf.o(x$fpl$deqf)
    _dcmpeq                                  0x08047fa9   Thumb Code   120  deqf.o(x$fpl$deqf)
    __aeabi_d2iz                             0x08048021   Thumb Code     0  dfix.o(x$fpl$dfix)
    _dfix                                    0x08048021   Thumb Code    94  dfix.o(x$fpl$dfix)
    __aeabi_d2uiz                            0x08048081   Thumb Code     0  dfixu.o(x$fpl$dfixu)
    _dfixu                                   0x08048081   Thumb Code    90  dfixu.o(x$fpl$dfixu)
    __aeabi_i2d                              0x080480db   Thumb Code     0  dflt_clz.o(x$fpl$dflt)
    _dflt                                    0x080480db   Thumb Code    46  dflt_clz.o(x$fpl$dflt)
    __aeabi_ui2d                             0x08048109   Thumb Code     0  dflt_clz.o(x$fpl$dfltu)
    _dfltu                                   0x08048109   Thumb Code    38  dflt_clz.o(x$fpl$dfltu)
    __aeabi_cdcmple                          0x08048131   Thumb Code     0  dleqf.o(x$fpl$dleqf)
    _dcmple                                  0x08048131   Thumb Code   120  dleqf.o(x$fpl$dleqf)
    __fpl_dcmple_InfNaN                      0x08048193   Thumb Code     0  dleqf.o(x$fpl$dleqf)
    __aeabi_dmul                             0x080481a9   Thumb Code     0  dmul.o(x$fpl$dmul)
    _dmul                                    0x080481a9   Thumb Code   332  dmul.o(x$fpl$dmul)
    __fpl_dnaninf                            0x080482fd   Thumb Code   156  dnaninf.o(x$fpl$dnaninf)
    __fpl_dretinf                            0x08048399   Thumb Code    12  dretinf.o(x$fpl$dretinf)
    __aeabi_cdrcmple                         0x080483a5   Thumb Code     0  drleqf.o(x$fpl$drleqf)
    _drcmple                                 0x080483a5   Thumb Code   108  drleqf.o(x$fpl$drleqf)
    __aeabi_drsub                            0x08048411   Thumb Code     0  daddsub_clz.o(x$fpl$drsb)
    _drsb                                    0x08048411   Thumb Code    22  daddsub_clz.o(x$fpl$drsb)
    __aeabi_dsub                             0x08048429   Thumb Code     0  daddsub_clz.o(x$fpl$dsub)
    _dsub                                    0x08048429   Thumb Code   464  daddsub_clz.o(x$fpl$dsub)
    __aeabi_f2d                              0x080485fd   Thumb Code     0  f2d.o(x$fpl$f2d)
    _f2d                                     0x080485fd   Thumb Code    86  f2d.o(x$fpl$f2d)
    __fpl_fnaninf                            0x08048653   Thumb Code   140  fnaninf.o(x$fpl$fnaninf)
    _fp_init                                 0x080486df   Thumb Code    10  fpinit.o(x$fpl$fpinit)
    __fplib_config_fpu_vfp                   0x080486e7   Thumb Code     0  fpinit.o(x$fpl$fpinit)
    __fplib_config_pureend_doubles           0x080486e7   Thumb Code     0  fpinit.o(x$fpl$fpinit)
    __fpl_fretinf                            0x080486e9   Thumb Code    10  fretinf.o(x$fpl$fretinf)
    __ieee_status                            0x080486f3   Thumb Code     6  istatus.o(x$fpl$ieeestatus)
    _printf_fp_dec                           0x080486f9   Thumb Code     4  printf1.o(x$fpl$printf1)
    __fpl_return_NaN                         0x080486fd   Thumb Code   100  retnan.o(x$fpl$retnan)
    __ARM_scalbn                             0x08048761   Thumb Code    92  scalbn.o(x$fpl$scalbn)
    _scanf_real                              0x080487bd   Thumb Code     4  scanf1.o(x$fpl$scanf1)
    _scanf_hex_real                          0x080487c1   Thumb Code     4  scanf2.o(x$fpl$scanf2)
    _scanf_infnan                            0x080487c5   Thumb Code     4  scanf2.o(x$fpl$scanf2)
    __fpl_cmpreturn                          0x080487c9   Thumb Code    48  trapv.o(x$fpl$trapveneer)
    __I$use$fp                               0x080487f8   Number         0  usenofp.o(x$fpl$usenofp)
    defaultTask_attributes                   0x080487f8   Data          36  freertos.o(.constdata)
    mainAppTask_attributes                   0x0804881c   Data          36  freertos.o(.constdata)
    AHBPrescTable                            0x08048840   Data          16  system_stm32f4xx.o(.constdata)
    APBPrescTable                            0x08048850   Data           8  system_stm32f4xx.o(.constdata)
    crc16Tab                                 0x08048858   Data         512  libcrc.o(.constdata)
    crc32Tab                                 0x08048a58   Data        1024  libcrc.o(.constdata)
    WARN_MSG_NO_ERROR                        0x0804900c   Data           1  dchmilanguage.o(.constdata)
    WARN_MSG_INTERLOCK_UNPLUG                0x0804900d   Data          28  dchmilanguage.o(.constdata)
    WARN_MSG_FOOTSWITCH_UNPLUG               0x08049029   Data          25  dchmilanguage.o(.constdata)
    WARN_MSG_ESTOP_PRESS                     0x08049042   Data          12  dchmilanguage.o(.constdata)
    WARN_MSG_FIBER_UNPLUG                    0x0804904e   Data          19  dchmilanguage.o(.constdata)
    WARN_MSG_OUT_ENERGY                      0x08049061   Data          24  dchmilanguage.o(.constdata)
    WARN_MSG_DIODE_HTEMP                     0x08049079   Data          18  dchmilanguage.o(.constdata)
    WARN_MSG_DIODE_LTEMP                     0x0804908b   Data          29  dchmilanguage.o(.constdata)
    WARN_MSG_DIODE0_OVERCURRENT              0x080490a8   Data          32  dchmilanguage.o(.constdata)
    WARN_MSG_DIODE1_OVERCURRENT              0x080490c8   Data          32  dchmilanguage.o(.constdata)
    WARN_MSG_NTC_ERROR                       0x080490e8   Data          17  dchmilanguage.o(.constdata)
    WARN_MSG_ENVI_HTEMP                      0x080490f9   Data          22  dchmilanguage.o(.constdata)
    WARN_MSG_ENVI_LTEMP                      0x0804910f   Data          21  dchmilanguage.o(.constdata)
    WARN_MSG_FOOT_DEPRESSED                  0x08049124   Data          32  dchmilanguage.o(.constdata)
    WARN_MSG_LASER_EMIT                      0x08049144   Data          16  dchmilanguage.o(.constdata)
    WARN_MSG_WAIT_TRIGGER                    0x08049154   Data          19  dchmilanguage.o(.constdata)
    WARN_MSG_FIBER_MISSMATE                  0x08049167   Data          15  dchmilanguage.o(.constdata)
    INFO_MSG_VERSION                         0x08049176   Data          30  dchmilanguage.o(.constdata)
    INFO_MSG_TYPE                            0x08049194   Data          20  dchmilanguage.o(.constdata)
    INFO_MSG_LASER_POWER                     0x080491a8   Data          22  dchmilanguage.o(.constdata)
    INFO_MSG_WAVELENGTH                      0x080491be   Data          26  dchmilanguage.o(.constdata)
    USBH_Driver                              0x08049200   Data          20  usbh_diskio.o(.constdata)
    __mathlib_zero                           0x08049aa0   Data           8  qnan.o(.constdata)
    Region$$Table$$Base                      0x0804a078   Number         0  anon$$obj.o(Region$$Table)
    Region$$Table$$Limit                     0x0804a0b8   Number         0  anon$$obj.o(Region$$Table)
    __aeabi_HUGE_VAL                         0x0804a0b8   Data           0  fpconst.o(c$$dinf)
    __aeabi_HUGE_VALL                        0x0804a0b8   Data           0  fpconst.o(c$$dinf)
    __aeabi_INFINITY                         0x0804a0b8   Data           0  fpconst.o(c$$dinf)
    __dInf                                   0x0804a0b8   Data           0  fpconst.o(c$$dinf)
    __huge_val                               0x0804a0b8   Data           0  fpconst.o(c$$dinf)
    __dbl_max                                0x0804a0c0   Data           0  fpconst.o(c$$dmax)
    __ctype                                  0x0804a0f1   Data           0  lc_ctype_c.o(locale$$data)
    CcmRamBuf                                0x10000000   Data       65535  dchmiapp.o(.ARM.__AT_0x10000000)
    defaultTaskHandle                        0x20000000   Data           4  freertos.o(.data)
    mainAppTaskHandle                        0x20000004   Data           4  freertos.o(.data)
    hcrc                                     0x20000008   Data           8  crc.o(.data)
    TimerCounter_200mS                       0x20000010   Data           2  splc.o(.data)
    TimerCounter_1000mS                      0x20000012   Data           2  splc.o(.data)
    TD_10MS_SP                               0x20000014   Data           1  splc.o(.data)
    TD_100MS_SP                              0x20000015   Data           1  splc.o(.data)
    TD_200MS_SP                              0x20000016   Data           1  splc.o(.data)
    TD_500MS_SP                              0x20000017   Data           1  splc.o(.data)
    TD_1000MS_SP                             0x20000018   Data           1  splc.o(.data)
    TD_60000MS_SP                            0x20000019   Data           1  splc.o(.data)
    BootloadCrc                              0x2000001c   Data           4  splc.o(.data)
    ApplicationCrc                           0x20000020   Data           4  splc.o(.data)
    __stdout                                 0x20000024   Data           4  retarget.o(.data)
    adcBufferSelect                          0x2000002a   Data           1  splcadc.o(.data)
    adcBufferDone                            0x2000002b   Data           1  splcadc.o(.data)
    retUsbH                                  0x20000036   Data           1  dchmiapp.o(.data)
    hmiCmdSize                               0x20000038   Data           2  dchmiapp.o(.data)
    LaserTecOut                              0x2000003a   Data           2  dchmiapp.o(.data)
    LaserTecOutCounter                       0x2000003c   Data           2  dchmiapp.o(.data)
    newBootloadCrc32                         0x20000040   Data           4  dchmiapp.o(.data)
    retUSBH                                  0x2000007c   Data           1  fatfs.o(.data)
    USBHPath                                 0x2000007d   Data           4  fatfs.o(.data)
    Appli_state                              0x20000081   Data           1  usb_host.o(.data)
    AUDIO_Class                              0x20000084   Data          32  usbh_audio.o(.data)
    HID_Class                                0x200000a4   Data          32  usbh_hid.o(.data)
    keybd_rx_report_buf                      0x200000c4   Data           8  usbh_hid_keybd.o(.data)
    keybd_report_data                        0x200000cc   Data           8  usbh_hid_keybd.o(.data)
    MTP_Class                                0x200000d4   Data          32  usbh_mtp.o(.data)
    hdac                                     0x200000f4   Data          20  dac.o(.bss)
    hdma_dac1                                0x20000108   Data          96  dac.o(.bss)
    htim6                                    0x20000168   Data          72  stm32f4xx_hal_timebase_tim.o(.bss)
    NVRAM0                                   0x200001b0   Data        2928  splc.o(.bss)
    NVRAM1                                   0x20000d20   Data        2928  splc.o(.bss)
    FDRAM0                                   0x20001890   Data        4096  splc.o(.bss)
    FDRAM1                                   0x20002890   Data        4096  splc.o(.bss)
    inputFilter                              0x20003890   Data         128  splcioin.o(.bss)
    adcDmaBuffer0                            0x20003910   Data         112  splcadc.o(.bss)
    adcDmaBuffer1                            0x20003980   Data         112  splcadc.o(.bss)
    hmiCmdBuffer                             0x200049f8   Data         256  dchmiapp.o(.bss)
    LaserTecIncPids                          0x20004af8   Data          24  dchmiapp.o(.bss)
    LaserFuzzyPids                           0x20004b10   Data          32  dchmiapp.o(.bss)
    USBH_fatfs                               0x20004b30   Data         572  dchmiapp.o(.bss)
    BootLoadFile                             0x20004d70   Data         600  dchmiapp.o(.bss)
    deviceConfig                             0x20004ff8   Data          70  deviceconfig.o(.bss)
    UniqueId                                 0x20005040   Data          12  deviceconfig.o(.bss)
    sPhlebology                              0x2000504c   Data         640  prescheme.o(.bss)
    sProctology                              0x200052cc   Data         640  prescheme.o(.bss)
    sGynecology                              0x2000554c   Data         640  prescheme.o(.bss)
    sENT                                     0x200057cc   Data         640  prescheme.o(.bss)
    sNeurosurgery                            0x20005a4c   Data         640  prescheme.o(.bss)
    sDermatology                             0x20005ccc   Data         640  prescheme.o(.bss)
    sLiposuction                             0x20005f4c   Data         640  prescheme.o(.bss)
    sDentistry                               0x200061cc   Data         640  prescheme.o(.bss)
    sTherapy                                 0x2000644c   Data         640  prescheme.o(.bss)
    pFlash                                   0x200066cc   Data          32  stm32f4xx_hal_flash.o(.bss)
    hhcd_USB_OTG_FS                          0x200140c4   Data         992  usbh_conf.o(.bss)
    SystemCoreClock                          0x2001c000   Data           4  system_stm32f4xx.o(.data)
    TimerCounter_10mS                        0x2001c00c   Data           2  splc.o(.data)
    TimerCounter_100mS                       0x2001c00e   Data           2  splc.o(.data)
    TimerCounter_500mS                       0x2001c010   Data           2  splc.o(.data)
    TimerCounter_60000mS                     0x2001c012   Data           2  splc.o(.data)
    LaserOn_635                              0x2001c014   Data           1  splclaser.o(.data)
    LaserTimer_Mode                          0x2001c015   Data           1  splclaser.o(.data)
    LaserFlag_Emiting                        0x2001c016   Data           1  splclaser.o(.data)
    LaserFlag_Emitover                       0x2001c017   Data           1  splclaser.o(.data)
    LaserTimer_TCounter                      0x2001c018   Data           2  splclaser.o(.data)
    LaserTimer_TMate                         0x2001c01a   Data           2  splclaser.o(.data)
    LaserTimer_TOvertime                     0x2001c01c   Data           2  splclaser.o(.data)
    LaserTimer_PCounter                      0x2001c01e   Data           2  splclaser.o(.data)
    LaserTimer_PMate                         0x2001c020   Data           2  splclaser.o(.data)
    LaserTimer_POvertime                     0x2001c022   Data           2  splclaser.o(.data)
    LaserTimer_ReleaseTime                   0x2001c024   Data           2  splclaser.o(.data)
    LaserTimer_ReleaseCounter                0x2001c026   Data           2  splclaser.o(.data)
    sPlcTick                                 0x2001c02c   Data           4  splctimer.o(.data)
    dchmi_rxDat                              0x2001c030   Data           1  hmiuseruart.o(.data)
    uwTickFreq                               0x2001c044   Data           1  stm32f4xx_hal.o(.data)
    uwTickPrio                               0x2001c048   Data           4  stm32f4xx_hal.o(.data)
    uwTick                                   0x2001c04c   Data           4  stm32f4xx_hal.o(.data)
    pxCurrentTCB                             0x2001c050   Data           4  tasks.o(.data)
    CDC_Class                                0x2001c0b4   Data          32  usbh_cdc.o(.data)
    mouse_info                               0x2001c0d4   Data           5  usbh_hid_mouse.o(.data)
    mouse_report_data                        0x2001c0d9   Data           8  usbh_hid_mouse.o(.data)
    mouse_rx_report_buf                      0x2001c0e1   Data           8  usbh_hid_mouse.o(.data)
    USBH_msc                                 0x2001c0ec   Data          32  usbh_msc.o(.data)
    hadc1                                    0x2001c10c   Data          72  adc.o(.bss)
    hdma_adc1                                0x2001c154   Data          96  adc.o(.bss)
    hi2c1                                    0x2001c1b4   Data          84  i2c.o(.bss)
    hrng                                     0x2001c208   Data          16  rng.o(.bss)
    htim2                                    0x2001c218   Data          72  tim.o(.bss)
    htim3                                    0x2001c260   Data          72  tim.o(.bss)
    htim7                                    0x2001c2a8   Data          72  tim.o(.bss)
    htim10                                   0x2001c2f0   Data          72  tim.o(.bss)
    htim12                                   0x2001c338   Data          72  tim.o(.bss)
    htim14                                   0x2001c380   Data          72  tim.o(.bss)
    huart4                                   0x2001c3c8   Data          72  usart.o(.bss)
    huart1                                   0x2001c410   Data          72  usart.o(.bss)
    audioSineTable                           0x2001c458   Data         512  splcspeaker.o(.bss)
    xQueueRegistry                           0x2001c658   Data          64  queue.o(.bss)
    hUsbHostFS                               0x2001cb5c   Data        1972  usb_host.o(.bss)
    disk                                     0x2001d310   Data          12  ff_gen_drv.o(.bss)
    USBH_Thread_Atrr                         0x2001d31c   Data          36  usbh_core.o(.bss)
    keybd_info                               0x2001d340   Data          15  usbh_hid_keybd.o(.bss)
    _random_number_data                      0x2001d350   Data         228  rand.o(.bss)
    __libspace_start                         0x2001d434   Data          96  libspace.o(.bss)
    __temporary_stack_top$libspace           0x2001d494   Data           0  libspace.o(.bss)



==============================================================================

Memory Map of the image

  Image Entry point : 0x08010189

  Load Region LR_IROM1 (Base: 0x08010000, Size: 0x0003a3f4, Max: 0x000f0000, ABSOLUTE)

    Execution Region ER_IROM1 (Exec base: 0x08010000, Load base: 0x08010000, Size: 0x0003a1f4, Max: 0x000f0000, ABSOLUTE)

    Exec Addr    Load Addr    Size         Type   Attr      Idx    E Section Name        Object

    0x08010000   0x08010000   0x00000188   Data   RO            3    RESET               startup_stm32f405xx.o
    0x08010188   0x08010188   0x00000008   Code   RO         3501  * !!!main             c_w.l(__main.o)
    0x08010190   0x08010190   0x00000034   Code   RO         3932    !!!scatter          c_w.l(__scatter.o)
    0x080101c4   0x080101c4   0x0000005a   Code   RO         3930    !!dczerorl2         c_w.l(__dczerorl2.o)
    0x0801021e   0x0801021e   0x00000002   PAD
    0x08010220   0x08010220   0x0000001a   Code   RO         3934    !!handler_copy      c_w.l(__scatter_copy.o)
    0x0801023a   0x0801023a   0x00000002   PAD
    0x0801023c   0x0801023c   0x0000001c   Code   RO         3936    !!handler_zi        c_w.l(__scatter_zi.o)
    0x08010258   0x08010258   0x00000000   Code   RO         3471    .ARM.Collect$$_printf_percent$$00000000  c_w.l(_printf_percent.o)
    0x08010258   0x08010258   0x00000006   Code   RO         3470    .ARM.Collect$$_printf_percent$$00000003  c_w.l(_printf_f.o)
    0x0801025e   0x0801025e   0x00000006   Code   RO         3468    .ARM.Collect$$_printf_percent$$00000009  c_w.l(_printf_d.o)
    0x08010264   0x08010264   0x00000006   Code   RO         3469    .ARM.Collect$$_printf_percent$$0000000A  c_w.l(_printf_u.o)
    0x0801026a   0x0801026a   0x00000006   Code   RO         3467    .ARM.Collect$$_printf_percent$$0000000C  c_w.l(_printf_x.o)
    0x08010270   0x08010270   0x00000006   Code   RO         3465    .ARM.Collect$$_printf_percent$$00000013  c_w.l(_printf_c.o)
    0x08010276   0x08010276   0x00000006   Code   RO         3466    .ARM.Collect$$_printf_percent$$00000014  c_w.l(_printf_s.o)
    0x0801027c   0x0801027c   0x00000004   Code   RO         3603    .ARM.Collect$$_printf_percent$$00000017  c_w.l(_printf_percent_end.o)
    0x08010280   0x08010280   0x00000002   Code   RO         3838    .ARM.Collect$$libinit$$00000000  c_w.l(libinit.o)
    0x08010282   0x08010282   0x00000004   Code   RO         3614    .ARM.Collect$$libinit$$00000001  c_w.l(libinit2.o)
    0x08010286   0x08010286   0x00000000   Code   RO         3617    .ARM.Collect$$libinit$$00000004  c_w.l(libinit2.o)
    0x08010286   0x08010286   0x00000008   Code   RO         3618    .ARM.Collect$$libinit$$00000005  c_w.l(libinit2.o)
    0x0801028e   0x0801028e   0x00000000   Code   RO         3620    .ARM.Collect$$libinit$$0000000A  c_w.l(libinit2.o)
    0x0801028e   0x0801028e   0x00000000   Code   RO         3622    .ARM.Collect$$libinit$$0000000C  c_w.l(libinit2.o)
    0x0801028e   0x0801028e   0x00000004   Code   RO         3623    .ARM.Collect$$libinit$$0000000D  c_w.l(libinit2.o)
    0x08010292   0x08010292   0x00000000   Code   RO         3624    .ARM.Collect$$libinit$$0000000E  c_w.l(libinit2.o)
    0x08010292   0x08010292   0x00000006   Code   RO         3625    .ARM.Collect$$libinit$$0000000F  c_w.l(libinit2.o)
    0x08010298   0x08010298   0x00000000   Code   RO         3627    .ARM.Collect$$libinit$$00000011  c_w.l(libinit2.o)
    0x08010298   0x08010298   0x0000000c   Code   RO         3628    .ARM.Collect$$libinit$$00000012  c_w.l(libinit2.o)
    0x080102a4   0x080102a4   0x00000000   Code   RO         3629    .ARM.Collect$$libinit$$00000013  c_w.l(libinit2.o)
    0x080102a4   0x080102a4   0x00000000   Code   RO         3631    .ARM.Collect$$libinit$$00000015  c_w.l(libinit2.o)
    0x080102a4   0x080102a4   0x0000000a   Code   RO         3632    .ARM.Collect$$libinit$$00000016  c_w.l(libinit2.o)
    0x080102ae   0x080102ae   0x00000000   Code   RO         3633    .ARM.Collect$$libinit$$00000017  c_w.l(libinit2.o)
    0x080102ae   0x080102ae   0x00000000   Code   RO         3635    .ARM.Collect$$libinit$$00000019  c_w.l(libinit2.o)
    0x080102ae   0x080102ae   0x00000000   Code   RO         3637    .ARM.Collect$$libinit$$0000001B  c_w.l(libinit2.o)
    0x080102ae   0x080102ae   0x00000000   Code   RO         3639    .ARM.Collect$$libinit$$0000001D  c_w.l(libinit2.o)
    0x080102ae   0x080102ae   0x00000000   Code   RO         3641    .ARM.Collect$$libinit$$0000001F  c_w.l(libinit2.o)
    0x080102ae   0x080102ae   0x00000000   Code   RO         3643    .ARM.Collect$$libinit$$00000021  c_w.l(libinit2.o)
    0x080102ae   0x080102ae   0x00000000   Code   RO         3645    .ARM.Collect$$libinit$$00000023  c_w.l(libinit2.o)
    0x080102ae   0x080102ae   0x00000000   Code   RO         3647    .ARM.Collect$$libinit$$00000025  c_w.l(libinit2.o)
    0x080102ae   0x080102ae   0x00000000   Code   RO         3651    .ARM.Collect$$libinit$$0000002C  c_w.l(libinit2.o)
    0x080102ae   0x080102ae   0x00000000   Code   RO         3653    .ARM.Collect$$libinit$$0000002E  c_w.l(libinit2.o)
    0x080102ae   0x080102ae   0x00000000   Code   RO         3655    .ARM.Collect$$libinit$$00000030  c_w.l(libinit2.o)
    0x080102ae   0x080102ae   0x00000000   Code   RO         3657    .ARM.Collect$$libinit$$00000032  c_w.l(libinit2.o)
    0x080102ae   0x080102ae   0x00000002   Code   RO         3658    .ARM.Collect$$libinit$$00000033  c_w.l(libinit2.o)
    0x080102b0   0x080102b0   0x00000002   Code   RO         3921    .ARM.Collect$$libshutdown$$00000000  c_w.l(libshutdown.o)
    0x080102b2   0x080102b2   0x00000000   Code   RO         3863    .ARM.Collect$$libshutdown$$00000002  c_w.l(libshutdown2.o)
    0x080102b2   0x080102b2   0x00000000   Code   RO         3865    .ARM.Collect$$libshutdown$$00000004  c_w.l(libshutdown2.o)
    0x080102b2   0x080102b2   0x00000000   Code   RO         3868    .ARM.Collect$$libshutdown$$00000007  c_w.l(libshutdown2.o)
    0x080102b2   0x080102b2   0x00000000   Code   RO         3871    .ARM.Collect$$libshutdown$$0000000A  c_w.l(libshutdown2.o)
    0x080102b2   0x080102b2   0x00000000   Code   RO         3873    .ARM.Collect$$libshutdown$$0000000C  c_w.l(libshutdown2.o)
    0x080102b2   0x080102b2   0x00000000   Code   RO         3876    .ARM.Collect$$libshutdown$$0000000F  c_w.l(libshutdown2.o)
    0x080102b2   0x080102b2   0x00000002   Code   RO         3877    .ARM.Collect$$libshutdown$$00000010  c_w.l(libshutdown2.o)
    0x080102b4   0x080102b4   0x00000000   Code   RO         3559    .ARM.Collect$$rtentry$$00000000  c_w.l(__rtentry.o)
    0x080102b4   0x080102b4   0x00000000   Code   RO         3695    .ARM.Collect$$rtentry$$00000002  c_w.l(__rtentry2.o)
    0x080102b4   0x080102b4   0x00000006   Code   RO         3707    .ARM.Collect$$rtentry$$00000004  c_w.l(__rtentry4.o)
    0x080102ba   0x080102ba   0x00000000   Code   RO         3697    .ARM.Collect$$rtentry$$00000009  c_w.l(__rtentry2.o)
    0x080102ba   0x080102ba   0x00000004   Code   RO         3698    .ARM.Collect$$rtentry$$0000000A  c_w.l(__rtentry2.o)
    0x080102be   0x080102be   0x00000000   Code   RO         3700    .ARM.Collect$$rtentry$$0000000C  c_w.l(__rtentry2.o)
    0x080102be   0x080102be   0x00000008   Code   RO         3701    .ARM.Collect$$rtentry$$0000000D  c_w.l(__rtentry2.o)
    0x080102c6   0x080102c6   0x00000002   Code   RO         3845    .ARM.Collect$$rtexit$$00000000  c_w.l(rtexit.o)
    0x080102c8   0x080102c8   0x00000000   Code   RO         3895    .ARM.Collect$$rtexit$$00000002  c_w.l(rtexit2.o)
    0x080102c8   0x080102c8   0x00000004   Code   RO         3896    .ARM.Collect$$rtexit$$00000003  c_w.l(rtexit2.o)
    0x080102cc   0x080102cc   0x00000006   Code   RO         3897    .ARM.Collect$$rtexit$$00000004  c_w.l(rtexit2.o)
    0x080102d2   0x080102d2   0x00000002   PAD
    0x080102d4   0x080102d4   0x000000be   Code   RO         2589    .emb_text           port.o
    0x08010392   0x08010392   0x00000002   PAD
    0x08010394   0x08010394   0x00000034   Code   RO         3476    .emb_text           c_w.l(rand.o)
    0x080103c8   0x080103c8   0x00000000   Code   RO         3723    .emb_text           c_w.l(maybetermalloc1.o)
    0x080103c8   0x080103c8   0x00000040   Code   RO            4    .text               startup_stm32f405xx.o
    0x08010408   0x08010408   0x00000130   Code   RO           13    .text               main.o
    0x08010538   0x08010538   0x0000018c   Code   RO          395    .text               gpio.o
    0x080106c4   0x080106c4   0x0000003c   Code   RO          419    .text               freertos.o
    0x08010700   0x08010700   0x000001c4   Code   RO          464    .text               adc.o
    0x080108c4   0x080108c4   0x00000064   Code   RO          494    .text               crc.o
    0x08010928   0x08010928   0x00000124   Code   RO          524    .text               dac.o
    0x08010a4c   0x08010a4c   0x0000004c   Code   RO          554    .text               dma.o
    0x08010a98   0x08010a98   0x000000dc   Code   RO          578    .text               i2c.o
    0x08010b74   0x08010b74   0x00000064   Code   RO          608    .text               rng.o
    0x08010bd8   0x08010bd8   0x000004b0   Code   RO          638    .text               tim.o
    0x08011088   0x08011088   0x00000180   Code   RO          668    .text               usart.o
    0x08011208   0x08011208   0x0000007c   Code   RO          698    .text               stm32f4xx_it.o
    0x08011284   0x08011284   0x0000004c   Code   RO          726    .text               stm32f4xx_hal_msp.o
    0x080112d0   0x080112d0   0x000000b4   Code   RO          750    .text               stm32f4xx_hal_timebase_tim.o
    0x08011384   0x08011384   0x000000b4   Code   RO          777    .text               system_stm32f4xx.o
    0x08011438   0x08011438   0x000000d0   Code   RO          809    .text               libcrc.o
    0x08011508   0x08011508   0x00000184   Code   RO          840    .text               fuzzypid_relay.o
    0x0801168c   0x0801168c   0x00000004   PAD
    0x08011690   0x08011690   0x00000ba0   Code   RO          913    .text               splcfun.o
    0x08012230   0x08012230   0x00000960   Code   RO          956    .text               splc.o
    0x08012b90   0x08012b90   0x00000034   Code   RO          996    .text               retarget.o
    0x08012bc4   0x08012bc4   0x00000b1c   Code   RO         1029    .text               splceprom.o
    0x080136e0   0x080136e0   0x000001c8   Code   RO         1055    .text               splcioin.o
    0x080138a8   0x080138a8   0x00000198   Code   RO         1083    .text               splcioout.o
    0x08013a40   0x08013a40   0x000002cc   Code   RO         1108    .text               splclaser.o
    0x08013d0c   0x08013d0c   0x00000e90   Code   RO         1141    .text               splcmisc.o
    0x08014b9c   0x08014b9c   0x00000004   PAD
    0x08014ba0   0x08014ba0   0x00000314   Code   RO         1168    .text               splcspeaker.o
    0x08014eb4   0x08014eb4   0x00000224   Code   RO         1201    .text               splctimer.o
    0x080150d8   0x080150d8   0x000002b0   Code   RO         1233    .text               splcadc.o
    0x08015388   0x08015388   0x0000042c   Code   RO         1262    .text               splcdac.o
    0x080157b4   0x080157b4   0x000000cc   Code   RO         1287    .text               hmicmdqueue.o
    0x08015880   0x08015880   0x000024fc   Code   RO         1326    .text               hmidriver.o
    0x08017d7c   0x08017d7c   0x00000118   Code   RO         1350    .text               hmiuseruart.o
    0x08017e94   0x08017e94   0x00006c30   Code   RO         1379    .text               dchmiapp.o
    0x0801eac4   0x0801eac4   0x00001bb8   Code   RO         1465    .text               dchminotifybutton.o
    0x0802067c   0x0802067c   0x00000218   Code   RO         1492    .text               dchminotifyprogress.o
    0x08020894   0x08020894   0x00000002   Code   RO         1519    .text               dchminotifyreadrtc.o
    0x08020896   0x08020896   0x00000002   PAD
    0x08020898   0x08020898   0x00000518   Code   RO         1546    .text               dchminotifytext.o
    0x08020db0   0x08020db0   0x000001bc   Code   RO         1573    .text               flash_if.o
    0x08020f6c   0x08020f6c   0x0000003c   Code   RO         1603    .text               mainapp.o
    0x08020fa8   0x08020fa8   0x000008bc   Code   RO         1632    .text               mainapplib.o
    0x08021864   0x08021864   0x00000030   Code   RO         1660    .text               deviceconfig.o
    0x08021894   0x08021894   0x000017e0   Code   RO         1692    .text               prescheme.o
    0x08023074   0x08023074   0x000034e8   Code   RO         1723    .text               stm32f4xx_hal_tim.o
    0x0802655c   0x0802655c   0x000014ac   Code   RO         1747    .text               stm32f4xx_hal_tim_ex.o
    0x08027a08   0x08027a08   0x00000da8   Code   RO         1771    .text               stm32f4xx_hal_hcd.o
    0x080287b0   0x080287b0   0x0000156a   Code   RO         1795    .text               stm32f4xx_ll_usb.o
    0x08029d1a   0x08029d1a   0x00000002   PAD
    0x08029d1c   0x08029d1c   0x00000878   Code   RO         1819    .text               stm32f4xx_hal_rcc.o
    0x0802a594   0x0802a594   0x00000370   Code   RO         1867    .text               stm32f4xx_hal_flash.o
    0x0802a904   0x0802a904   0x00000324   Code   RO         1894    .text               stm32f4xx_hal_flash_ex.o
    0x0802ac28   0x0802ac28   0x000003e0   Code   RO         1937    .text               stm32f4xx_hal_gpio.o
    0x0802b008   0x0802b008   0x000007a4   Code   RO         1985    .text               stm32f4xx_hal_dma.o
    0x0802b7ac   0x0802b7ac   0x000002d8   Code   RO         2058    .text               stm32f4xx_hal_cortex.o
    0x0802ba84   0x0802ba84   0x000001d4   Code   RO         2086    .text               stm32f4xx_hal.o
    0x0802bc58   0x0802bc58   0x00000bbc   Code   RO         2140    .text               stm32f4xx_hal_adc.o
    0x0802c814   0x0802c814   0x00000820   Code   RO         2164    .text               stm32f4xx_hal_adc_ex.o
    0x0802d034   0x0802d034   0x000000c6   Code   RO         2191    .text               stm32f4xx_hal_crc.o
    0x0802d0fa   0x0802d0fa   0x00000002   PAD
    0x0802d0fc   0x0802d0fc   0x00000398   Code   RO         2215    .text               stm32f4xx_hal_dac.o
    0x0802d494   0x0802d494   0x0000019e   Code   RO         2239    .text               stm32f4xx_hal_dac_ex.o
    0x0802d632   0x0802d632   0x00000002   PAD
    0x0802d634   0x0802d634   0x00003fe0   Code   RO         2263    .text               stm32f4xx_hal_i2c.o
    0x08031614   0x08031614   0x000001ce   Code   RO         2305    .text               stm32f4xx_hal_rng.o
    0x080317e2   0x080317e2   0x00000002   PAD
    0x080317e4   0x080317e4   0x0000156c   Code   RO         2329    .text               stm32f4xx_hal_uart.o
    0x08032d50   0x08032d50   0x000003b0   Code   RO         2359    .text               event_groups.o
    0x08033100   0x08033100   0x00000090   Code   RO         2398    .text               list.o
    0x08033190   0x08033190   0x00000db8   Code   RO         2413    .text               queue.o
    0x08033f48   0x08033f48   0x000014f4   Code   RO         2461    .text               tasks.o
    0x0803543c   0x0803543c   0x000006a8   Code   RO         2483    .text               timers.o
    0x08035ae4   0x08035ae4   0x000012bc   Code   RO         2519    .text               cmsis_os2.o
    0x08036da0   0x08036da0   0x0000025c   Code   RO         2574    .text               heap_4.o
    0x08036ffc   0x08036ffc   0x0000026c   Code   RO         2590    .text               port.o
    0x08037268   0x08037268   0x00000188   Code   RO         2622    .text               usbh_diskio.o
    0x080373f0   0x080373f0   0x00000020   Code   RO         2653    .text               fatfs.o
    0x08037410   0x08037410   0x000000b0   Code   RO         2685    .text               usb_host.o
    0x080374c0   0x080374c0   0x00000274   Code   RO         2713    .text               usbh_conf.o
    0x08037734   0x08037734   0x00000018   Code   RO         2759    .text               usbh_platform.o
    0x0803774c   0x0803774c   0x00000090   Code   RO         2783    .text               diskio.o
    0x080377dc   0x080377dc   0x000051f4   Code   RO         2808    .text               ff.o
    0x0803c9d0   0x0803c9d0   0x00000084   Code   RO         2843    .text               ff_gen_drv.o
    0x0803ca54   0x0803ca54   0x00000036   Code   RO         2870    .text               syscall.o
    0x0803ca8a   0x0803ca8a   0x00000002   PAD
    0x0803ca8c   0x0803ca8c   0x000000dc   Code   RO         2900    .text               ccsbcs.o
    0x0803cb68   0x0803cb68   0x0000102c   Code   RO         2926    .text               usbh_core.o
    0x0803db94   0x0803db94   0x00000848   Code   RO         2954    .text               usbh_ctlreq.o
    0x0803e3dc   0x0803e3dc   0x0000016c   Code   RO         2979    .text               usbh_ioreq.o
    0x0803e548   0x0803e548   0x00000088   Code   RO         3003    .text               usbh_pipes.o
    0x0803e5d0   0x0803e5d0   0x00001458   Code   RO         3027    .text               usbh_audio.o
    0x0803fa28   0x0803fa28   0x00000652   Code   RO         3058    .text               usbh_cdc.o
    0x0804007a   0x0804007a   0x00000002   PAD
    0x0804007c   0x0804007c   0x00000828   Code   RO         3089    .text               usbh_hid.o
    0x080408a4   0x080408a4   0x0000014c   Code   RO         3127    .text               usbh_hid_keybd.o
    0x080409f0   0x080409f0   0x000000d8   Code   RO         3156    .text               usbh_hid_mouse.o
    0x08040ac8   0x08040ac8   0x00000166   Code   RO         3184    .text               usbh_hid_parser.o
    0x08040c2e   0x08040c2e   0x00000002   PAD
    0x08040c30   0x08040c30   0x00000c2e   Code   RO         3208    .text               usbh_msc.o
    0x0804185e   0x0804185e   0x00000002   PAD
    0x08041860   0x08041860   0x00000380   Code   RO         3239    .text               usbh_msc_bot.o
    0x08041be0   0x08041be0   0x000003dc   Code   RO         3263    .text               usbh_msc_scsi.o
    0x08041fbc   0x08041fbc   0x00001384   Code   RO         3287    .text               usbh_mtp.o
    0x08043340   0x08043340   0x00001672   Code   RO         3318    .text               usbh_mtp_ptp.o
    0x080449b2   0x080449b2   0x00000002   Code   RO         3342    .text               c_w.l(use_no_semi.o)
    0x080449b4   0x080449b4   0x0000005e   Code   RO         3348    .text               c_w.l(h1_alloc.o)
    0x08044a12   0x08044a12   0x0000004e   Code   RO         3350    .text               c_w.l(h1_free.o)
    0x08044a60   0x08044a60   0x000000ee   Code   RO         3406    .text               c_w.l(lludivv7m.o)
    0x08044b4e   0x08044b4e   0x00000002   PAD
    0x08044b50   0x08044b50   0x00000018   Code   RO         3412    .text               c_w.l(noretval__2printf.o)
    0x08044b68   0x08044b68   0x00000028   Code   RO         3414    .text               c_w.l(noretval__2sprintf.o)
    0x08044b90   0x08044b90   0x0000004e   Code   RO         3418    .text               c_w.l(_printf_pad.o)
    0x08044bde   0x08044bde   0x00000052   Code   RO         3420    .text               c_w.l(_printf_str.o)
    0x08044c30   0x08044c30   0x00000078   Code   RO         3422    .text               c_w.l(_printf_dec.o)
    0x08044ca8   0x08044ca8   0x00000058   Code   RO         3427    .text               c_w.l(_printf_hex_int.o)
    0x08044d00   0x08044d00   0x00000188   Code   RO         3462    .text               c_w.l(__printf_flags_ss_wp.o)
    0x08044e88   0x08044e88   0x0000003c   Code   RO         3472    .text               c_w.l(__0sscanf.o)
    0x08044ec4   0x08044ec4   0x0000014c   Code   RO         3474    .text               c_w.l(_scanf_int.o)
    0x08045010   0x08045010   0x0000003c   Code   RO         3477    .text               c_w.l(rand.o)
    0x0804504c   0x0804504c   0x00000048   Code   RO         3481    .text               c_w.l(strcpy.o)
    0x08045094   0x08045094   0x0000003e   Code   RO         3483    .text               c_w.l(strlen.o)
    0x080450d2   0x080450d2   0x0000008a   Code   RO         3485    .text               c_w.l(rt_memcpy_v6.o)
    0x0804515c   0x0804515c   0x00000064   Code   RO         3487    .text               c_w.l(rt_memcpy_w.o)
    0x080451c0   0x080451c0   0x00000010   Code   RO         3491    .text               c_w.l(aeabi_memset.o)
    0x080451d0   0x080451d0   0x00000044   Code   RO         3493    .text               c_w.l(rt_memclr.o)
    0x08045214   0x08045214   0x0000004e   Code   RO         3495    .text               c_w.l(rt_memclr_w.o)
    0x08045262   0x08045262   0x00000056   Code   RO         3497    .text               c_w.l(strncpy.o)
    0x080452b8   0x080452b8   0x00000006   Code   RO         3499    .text               c_w.l(heapauxi.o)
    0x080452be   0x080452be   0x00000002   PAD
    0x080452c0   0x080452c0   0x00000008   Code   RO         3567    .text               c_w.l(rt_heap_descriptor_intlibspace.o)
    0x080452c8   0x080452c8   0x00000004   Code   RO         3569    .text               c_w.l(hguard.o)
    0x080452cc   0x080452cc   0x0000008a   Code   RO         3571    .text               c_w.l(init_alloc.o)
    0x08045356   0x08045356   0x0000000e   Code   RO         3575    .text               c_w.l(h1_init.o)
    0x08045364   0x08045364   0x00000016   Code   RO         3589    .text               c_w.l(_rserrno.o)
    0x0804537a   0x0804537a   0x000000b2   Code   RO         3591    .text               c_w.l(_printf_intcommon.o)
    0x0804542c   0x0804542c   0x0000041e   Code   RO         3593    .text               c_w.l(_printf_fp_dec.o)
    0x0804584a   0x0804584a   0x00000002   PAD
    0x0804584c   0x0804584c   0x00000030   Code   RO         3595    .text               c_w.l(_printf_char_common.o)
    0x0804587c   0x0804587c   0x0000000a   Code   RO         3597    .text               c_w.l(_sputc.o)
    0x08045886   0x08045886   0x0000002c   Code   RO         3599    .text               c_w.l(_printf_char.o)
    0x080458b2   0x080458b2   0x00000002   PAD
    0x080458b4   0x080458b4   0x00000024   Code   RO         3601    .text               c_w.l(_printf_char_file.o)
    0x080458d8   0x080458d8   0x0000001c   Code   RO         3604    .text               c_w.l(_chval.o)
    0x080458f4   0x080458f4   0x000004f8   Code   RO         3606    .text               c_w.l(scanf_fp.o)
    0x08045dec   0x08045dec   0x0000002c   Code   RO         3608    .text               c_w.l(scanf_char.o)
    0x08045e18   0x08045e18   0x00000040   Code   RO         3610    .text               c_w.l(_sgetc.o)
    0x08045e58   0x08045e58   0x00000008   Code   RO         3691    .text               c_w.l(libspace.o)
    0x08045e60   0x08045e60   0x00000008   Code   RO         3714    .text               c_w.l(rt_locale_intlibspace.o)
    0x08045e68   0x08045e68   0x00000008   Code   RO         3719    .text               c_w.l(rt_errno_addr_intlibspace.o)
    0x08045e70   0x08045e70   0x00000034   Code   RO         3725    .text               c_w.l(h1_extend.o)
    0x08045ea4   0x08045ea4   0x0000008a   Code   RO         3729    .text               c_w.l(lludiv10.o)
    0x08045f2e   0x08045f2e   0x00000012   Code   RO         3731    .text               c_w.l(isspace.o)
    0x08045f40   0x08045f40   0x00000080   Code   RO         3733    .text               c_w.l(_printf_fp_infnan.o)
    0x08045fc0   0x08045fc0   0x00000374   Code   RO         3737    .text               c_w.l(_scanf.o)
    0x08046334   0x08046334   0x000000e4   Code   RO         3739    .text               c_w.l(bigflt0.o)
    0x08046418   0x08046418   0x00000008   Code   RO         3764    .text               c_w.l(ferror.o)
    0x08046420   0x08046420   0x0000000e   Code   RO         3771    .text               c_w.l(defsig_rtmem_outer.o)
    0x0804642e   0x0804642e   0x0000004a   Code   RO         3805    .text               c_w.l(sys_stackheap_outer.o)
    0x08046478   0x08046478   0x00000010   Code   RO         3807    .text               c_w.l(rt_ctype_table.o)
    0x08046488   0x08046488   0x00000320   Code   RO         3813    .text               c_w.l(scanf_hexfp.o)
    0x080467a8   0x080467a8   0x00000134   Code   RO         3815    .text               c_w.l(scanf_infnan.o)
    0x080468dc   0x080468dc   0x00000012   Code   RO         3817    .text               c_w.l(exit.o)
    0x080468ee   0x080468ee   0x0000000a   Code   RO         3819    .text               c_w.l(defsig_exit.o)
    0x080468f8   0x080468f8   0x00000050   Code   RO         3825    .text               c_w.l(defsig_rtmem_inner.o)
    0x08046948   0x08046948   0x00000080   Code   RO         3827    .text               c_w.l(strcmpv7m.o)
    0x080469c8   0x080469c8   0x00000026   Code   RO         3851    .text               c_w.l(llshl.o)
    0x080469ee   0x080469ee   0x00000032   Code   RO         3858    .text               c_w.l(defsig_general.o)
    0x08046a20   0x08046a20   0x0000003e   Code   RO         3742    CL$$btod_d2e        c_w.l(btod.o)
    0x08046a5e   0x08046a5e   0x00000046   Code   RO         3744    CL$$btod_d2e_denorm_low  c_w.l(btod.o)
    0x08046aa4   0x08046aa4   0x00000060   Code   RO         3743    CL$$btod_d2e_norm_op1  c_w.l(btod.o)
    0x08046b04   0x08046b04   0x00000338   Code   RO         3752    CL$$btod_div_common  c_w.l(btod.o)
    0x08046e3c   0x08046e3c   0x00000084   Code   RO         3750    CL$$btod_e2d        c_w.l(btod.o)
    0x08046ec0   0x08046ec0   0x000000dc   Code   RO         3749    CL$$btod_e2e        c_w.l(btod.o)
    0x08046f9c   0x08046f9c   0x0000002a   Code   RO         3746    CL$$btod_ediv       c_w.l(btod.o)
    0x08046fc6   0x08046fc6   0x0000002a   Code   RO         3748    CL$$btod_edivd      c_w.l(btod.o)
    0x08046ff0   0x08046ff0   0x0000002a   Code   RO         3745    CL$$btod_emul       c_w.l(btod.o)
    0x0804701a   0x0804701a   0x0000002a   Code   RO         3747    CL$$btod_emuld      c_w.l(btod.o)
    0x08047044   0x08047044   0x00000244   Code   RO         3751    CL$$btod_mult_common  c_w.l(btod.o)
    0x08047288   0x08047288   0x00000030   Code   RO         3794    i.__ARM_fpclassify  m_wm.l(fpclassify.o)
    0x080472b8   0x080472b8   0x000000f8   Code   RO         3796    i.__hardfp___mathlib_tofloat  m_wm.l(narrow.o)
    0x080473b0   0x080473b0   0x000000d0   Code   RO         3878    i.__hardfp_ldexp    m_wm.l(ldexp.o)
    0x08047480   0x08047480   0x000003c4   Code   RO         3543    i.__hardfp_log      m_wm.l(log.o)
    0x08047844   0x08047844   0x000000f8   Code   RO         3686    i.__kernel_poly     m_wm.l(poly.o)
    0x0804793c   0x0804793c   0x00000004   PAD
    0x08047940   0x08047940   0x00000030   Code   RO         3672    i.__mathlib_dbl_divzero  m_wm.l(dunder.o)
    0x08047970   0x08047970   0x00000014   Code   RO         3673    i.__mathlib_dbl_infnan  m_wm.l(dunder.o)
    0x08047984   0x08047984   0x00000004   PAD
    0x08047988   0x08047988   0x00000020   Code   RO         3675    i.__mathlib_dbl_invalid  m_wm.l(dunder.o)
    0x080479a8   0x080479a8   0x00000020   Code   RO         3676    i.__mathlib_dbl_overflow  m_wm.l(dunder.o)
    0x080479c8   0x080479c8   0x00000020   Code   RO         3678    i.__mathlib_dbl_underflow  m_wm.l(dunder.o)
    0x080479e8   0x080479e8   0x00000012   Code   RO         3797    i.__mathlib_narrow  m_wm.l(narrow.o)
    0x080479fa   0x080479fa   0x00000014   Code   RO         3880    i.__support_ldexp   m_wm.l(ldexp.o)
    0x08047a0e   0x08047a0e   0x0000000e   Code   RO         3455    i._is_digit         c_w.l(__printf_wp.o)
    0x08047a1c   0x08047a1c   0x00000004   PAD
    0x08047a20   0x08047a20   0x0000008c   Code   RO         3841    i.frexp             m_wm.l(frexp.o)
    0x08047aac   0x08047aac   0x0000002c   Code   RO         3769    locale$$code        c_w.l(lc_numeric_c.o)
    0x08047ad8   0x08047ad8   0x0000002c   Code   RO         3854    locale$$code        c_w.l(lc_ctype_c.o)
    0x08047b04   0x08047b04   0x00000018   Code   RO         3659    x$fpl$basic         fz_wm.l(basic.o)
    0x08047b1c   0x08047b1c   0x00000062   Code   RO         3503    x$fpl$d2f           fz_wm.l(d2f.o)
    0x08047b7e   0x08047b7e   0x00000002   PAD
    0x08047b80   0x08047b80   0x00000150   Code   RO         3505    x$fpl$dadd          fz_wm.l(daddsub_clz.o)
    0x08047cd0   0x08047cd0   0x00000010   Code   RO         3922    x$fpl$dcheck1       fz_wm.l(dcheck1.o)
    0x08047ce0   0x08047ce0   0x00000018   Code   RO         3661    x$fpl$dcmpinf       fz_wm.l(dcmpi.o)
    0x08047cf8   0x08047cf8   0x000002b0   Code   RO         3512    x$fpl$ddiv          fz_wm.l(ddiv.o)
    0x08047fa8   0x08047fa8   0x00000078   Code   RO         3515    x$fpl$deqf          fz_wm.l(deqf.o)
    0x08048020   0x08048020   0x0000005e   Code   RO         3517    x$fpl$dfix          fz_wm.l(dfix.o)
    0x0804807e   0x0804807e   0x00000002   PAD
    0x08048080   0x08048080   0x0000005a   Code   RO         3521    x$fpl$dfixu         fz_wm.l(dfixu.o)
    0x080480da   0x080480da   0x0000002e   Code   RO         3526    x$fpl$dflt          fz_wm.l(dflt_clz.o)
    0x08048108   0x08048108   0x00000026   Code   RO         3525    x$fpl$dfltu         fz_wm.l(dflt_clz.o)
    0x0804812e   0x0804812e   0x00000002   PAD
    0x08048130   0x08048130   0x00000078   Code   RO         3531    x$fpl$dleqf         fz_wm.l(dleqf.o)
    0x080481a8   0x080481a8   0x00000154   Code   RO         3533    x$fpl$dmul          fz_wm.l(dmul.o)
    0x080482fc   0x080482fc   0x0000009c   Code   RO         3663    x$fpl$dnaninf       fz_wm.l(dnaninf.o)
    0x08048398   0x08048398   0x0000000c   Code   RO         3665    x$fpl$dretinf       fz_wm.l(dretinf.o)
    0x080483a4   0x080483a4   0x0000006c   Code   RO         3535    x$fpl$drleqf        fz_wm.l(drleqf.o)
    0x08048410   0x08048410   0x00000016   Code   RO         3506    x$fpl$drsb          fz_wm.l(daddsub_clz.o)
    0x08048426   0x08048426   0x00000002   PAD
    0x08048428   0x08048428   0x000001d4   Code   RO         3507    x$fpl$dsub          fz_wm.l(daddsub_clz.o)
    0x080485fc   0x080485fc   0x00000056   Code   RO         3537    x$fpl$f2d           fz_wm.l(f2d.o)
    0x08048652   0x08048652   0x0000008c   Code   RO         3667    x$fpl$fnaninf       fz_wm.l(fnaninf.o)
    0x080486de   0x080486de   0x0000000a   Code   RO         3784    x$fpl$fpinit        fz_wm.l(fpinit.o)
    0x080486e8   0x080486e8   0x0000000a   Code   RO         3669    x$fpl$fretinf       fz_wm.l(fretinf.o)
    0x080486f2   0x080486f2   0x00000006   Code   RO         3786    x$fpl$ieeestatus    fz_wm.l(istatus.o)
    0x080486f8   0x080486f8   0x00000004   Code   RO         3539    x$fpl$printf1       fz_wm.l(printf1.o)
    0x080486fc   0x080486fc   0x00000064   Code   RO         3924    x$fpl$retnan        fz_wm.l(retnan.o)
    0x08048760   0x08048760   0x0000005c   Code   RO         3903    x$fpl$scalbn        fz_wm.l(scalbn.o)
    0x080487bc   0x080487bc   0x00000004   Code   RO         3541    x$fpl$scanf1        fz_wm.l(scanf1.o)
    0x080487c0   0x080487c0   0x00000008   Code   RO         3788    x$fpl$scanf2        fz_wm.l(scanf2.o)
    0x080487c8   0x080487c8   0x00000030   Code   RO         3926    x$fpl$trapveneer    fz_wm.l(trapv.o)
    0x080487f8   0x080487f8   0x00000000   Code   RO         3671    x$fpl$usenofp       fz_wm.l(usenofp.o)
    0x080487f8   0x080487f8   0x00000048   Data   RO          420    .constdata          freertos.o
    0x08048840   0x08048840   0x00000010   Data   RO          778    .constdata          system_stm32f4xx.o
    0x08048850   0x08048850   0x00000008   Data   RO          779    .constdata          system_stm32f4xx.o
    0x08048858   0x08048858   0x00000600   Data   RO          810    .constdata          libcrc.o
    0x08048e58   0x08048e58   0x0000000a   Data   RO          914    .constdata          splcfun.o
    0x08048e62   0x08048e62   0x00000098   Data   RO          959    .constdata          splc.o
    0x08048efa   0x08048efa   0x0000000e   Data   RO         1030    .constdata          splceprom.o
    0x08048f08   0x08048f08   0x0000000e   Data   RO         1057    .constdata          splcioin.o
    0x08048f16   0x08048f16   0x0000000f   Data   RO         1084    .constdata          splcioout.o
    0x08048f25   0x08048f25   0x0000001a   Data   RO         1109    .constdata          splclaser.o
    0x08048f3f   0x08048f3f   0x0000000c   Data   RO         1142    .constdata          splcmisc.o
    0x08048f4b   0x08048f4b   0x00000020   Data   RO         1170    .constdata          splcspeaker.o
    0x08048f6b   0x08048f6b   0x0000000e   Data   RO         1202    .constdata          splctimer.o
    0x08048f79   0x08048f79   0x0000000c   Data   RO         1235    .constdata          splcadc.o
    0x08048f85   0x08048f85   0x00000020   Data   RO         1263    .constdata          splcdac.o
    0x08048fa5   0x08048fa5   0x0000001c   Data   RO         1351    .constdata          hmiuseruart.o
    0x08048fc1   0x08048fc1   0x0000004b   Data   RO         1382    .constdata          dchmiapp.o
    0x0804900c   0x0804900c   0x00000001   Data   RO         1419    .constdata          dchmilanguage.o
    0x0804900d   0x0804900d   0x0000001c   Data   RO         1420    .constdata          dchmilanguage.o
    0x08049029   0x08049029   0x00000019   Data   RO         1421    .constdata          dchmilanguage.o
    0x08049042   0x08049042   0x0000000c   Data   RO         1422    .constdata          dchmilanguage.o
    0x0804904e   0x0804904e   0x00000013   Data   RO         1423    .constdata          dchmilanguage.o
    0x08049061   0x08049061   0x00000018   Data   RO         1424    .constdata          dchmilanguage.o
    0x08049079   0x08049079   0x00000012   Data   RO         1425    .constdata          dchmilanguage.o
    0x0804908b   0x0804908b   0x0000001d   Data   RO         1426    .constdata          dchmilanguage.o
    0x080490a8   0x080490a8   0x00000020   Data   RO         1427    .constdata          dchmilanguage.o
    0x080490c8   0x080490c8   0x00000020   Data   RO         1428    .constdata          dchmilanguage.o
    0x080490e8   0x080490e8   0x00000011   Data   RO         1429    .constdata          dchmilanguage.o
    0x080490f9   0x080490f9   0x00000016   Data   RO         1430    .constdata          dchmilanguage.o
    0x0804910f   0x0804910f   0x00000015   Data   RO         1431    .constdata          dchmilanguage.o
    0x08049124   0x08049124   0x00000020   Data   RO         1432    .constdata          dchmilanguage.o
    0x08049144   0x08049144   0x00000010   Data   RO         1433    .constdata          dchmilanguage.o
    0x08049154   0x08049154   0x00000013   Data   RO         1434    .constdata          dchmilanguage.o
    0x08049167   0x08049167   0x0000000f   Data   RO         1435    .constdata          dchmilanguage.o
    0x08049176   0x08049176   0x0000001e   Data   RO         1437    .constdata          dchmilanguage.o
    0x08049194   0x08049194   0x00000014   Data   RO         1438    .constdata          dchmilanguage.o
    0x080491a8   0x080491a8   0x00000016   Data   RO         1439    .constdata          dchmilanguage.o
    0x080491be   0x080491be   0x0000001a   Data   RO         1440    .constdata          dchmilanguage.o
    0x080491d8   0x080491d8   0x0000000f   Data   RO         1633    .constdata          mainapplib.o
    0x080491e7   0x080491e7   0x00000011   Data   RO         1694    .constdata          prescheme.o
    0x080491f8   0x080491f8   0x00000008   Data   RO         1986    .constdata          stm32f4xx_hal_dma.o
    0x08049200   0x08049200   0x00000014   Data   RO         2623    .constdata          usbh_diskio.o
    0x08049214   0x08049214   0x000000ba   Data   RO         2810    .constdata          ff.o
    0x080492ce   0x080492ce   0x000003ae   Data   RO         2901    .constdata          ccsbcs.o
    0x0804967c   0x0804967c   0x00000310   Data   RO         3129    .constdata          usbh_hid_keybd.o
    0x0804998c   0x0804998c   0x000000a0   Data   RO         3157    .constdata          usbh_hid_mouse.o
    0x08049a2c   0x08049a2c   0x00000028   Data   RO         3428    .constdata          c_w.l(_printf_hex_int.o)
    0x08049a54   0x08049a54   0x00000011   Data   RO         3463    .constdata          c_w.l(__printf_flags_ss_wp.o)
    0x08049a65   0x08049a65   0x00000003   PAD
    0x08049a68   0x08049a68   0x00000038   Data   RO         3546    .constdata          m_wm.l(log.o)
    0x08049aa0   0x08049aa0   0x00000008   Data   RO         3688    .constdata          m_wm.l(qnan.o)
    0x08049aa8   0x08049aa8   0x00000094   Data   RO         3740    .constdata          c_w.l(bigflt0.o)
    0x08049b3c   0x08049b3c   0x00000018   Data   RO          421    .conststring        freertos.o
    0x08049b54   0x08049b54   0x000000af   Data   RO          915    .conststring        splcfun.o
    0x08049c03   0x08049c03   0x00000001   PAD
    0x08049c04   0x08049c04   0x00000252   Data   RO         1383    .conststring        dchmiapp.o
    0x08049e56   0x08049e56   0x00000002   PAD
    0x08049e58   0x08049e58   0x00000042   Data   RO         2928    .conststring        usbh_core.o
    0x08049e9a   0x08049e9a   0x00000002   PAD
    0x08049e9c   0x08049e9c   0x000000d3   Data   RO         2955    .conststring        usbh_ctlreq.o
    0x08049f6f   0x08049f6f   0x00000001   PAD
    0x08049f70   0x08049f70   0x00000006   Data   RO         3028    .conststring        usbh_audio.o
    0x08049f76   0x08049f76   0x00000002   PAD
    0x08049f78   0x08049f78   0x00000004   Data   RO         3059    .conststring        usbh_cdc.o
    0x08049f7c   0x08049f7c   0x00000004   Data   RO         3090    .conststring        usbh_hid.o
    0x08049f80   0x08049f80   0x0000008c   Data   RO         3091    .conststring        usbh_hid.o
    0x0804a00c   0x0804a00c   0x00000004   Data   RO         3209    .conststring        usbh_msc.o
    0x0804a010   0x0804a010   0x00000004   Data   RO         3288    .conststring        usbh_mtp.o
    0x0804a014   0x0804a014   0x00000063   Data   RO         3319    .conststring        usbh_mtp_ptp.o
    0x0804a077   0x0804a077   0x00000001   PAD
    0x0804a078   0x0804a078   0x00000040   Data   RO         3928    Region$$Table       anon$$obj.o
    0x0804a0b8   0x0804a0b8   0x00000008   Data   RO         3780    c$$dinf             fz_wm.l(fpconst.o)
    0x0804a0c0   0x0804a0c0   0x00000008   Data   RO         3783    c$$dmax             fz_wm.l(fpconst.o)
    0x0804a0c8   0x0804a0c8   0x0000001c   Data   RO         3768    locale$$data        c_w.l(lc_numeric_c.o)
    0x0804a0e4   0x0804a0e4   0x00000110   Data   RO         3853    locale$$data        c_w.l(lc_ctype_c.o)


    Execution Region RW_IRAM1 (Exec base: 0x20000000, Load base: 0x0804a1f4, Size: 0x00019498, Max: 0x0001c000, ABSOLUTE)

    Exec Addr    Load Addr    Size         Type   Attr      Idx    E Section Name        Object

    0x20000000   0x0804a1f4   0x00000008   Data   RW          422    .data               freertos.o
    0x20000008   0x0804a1fc   0x00000008   Data   RW          495    .data               crc.o
    0x20000010   0x0804a204   0x00000002   Data   RW          962    .data               splc.o
    0x20000012   0x0804a206   0x00000002   Data   RW          964    .data               splc.o
    0x20000014   0x0804a208   0x00000010   Data   RW          966    .data               splc.o
    0x20000024   0x0804a218   0x00000004   Data   RW          997    .data               retarget.o
    0x20000028   0x0804a21c   0x00000002   Data   RW         1143    .data               splcmisc.o
    0x2000002a   0x0804a21e   0x00000002   Data   RW         1236    .data               splcadc.o
    0x2000002c   0x0804a220   0x00000008   Data   RW         1289    .data               hmicmdqueue.o
    0x20000034   0x0804a228   0x00000024   Data   RW         1384    .data               dchmiapp.o
    0x20000058   0x0804a24c   0x00000014   Data   RW         2485    .data               timers.o
    0x2000006c   0x0804a260   0x00000004   Data   RW         2521    .data               cmsis_os2.o
    0x20000070   0x0804a264   0x0000000c   Data   RW         2591    .data               port.o
    0x2000007c   0x0804a270   0x00000005   Data   RW         2656    .data               fatfs.o
    0x20000081   0x0804a275   0x00000001   Data   RW         2687    .data               usb_host.o
    0x20000082   0x0804a276   0x00000002   PAD
    0x20000084   0x0804a278   0x00000020   Data   RW         3029    .data               usbh_audio.o
    0x200000a4   0x0804a298   0x00000020   Data   RW         3092    .data               usbh_hid.o
    0x200000c4   0x0804a2b8   0x00000010   Data   RW         3130    .data               usbh_hid_keybd.o
    0x200000d4   0x0804a2c8   0x00000020   Data   RW         3289    .data               usbh_mtp.o
    0x200000f4        -       0x00000074   Zero   RW          525    .bss                dac.o
    0x20000168        -       0x00000048   Zero   RW          751    .bss                stm32f4xx_hal_timebase_tim.o
    0x200001b0        -       0x000026e0   Zero   RW          957    .bss                splc.o
    0x20002890        -       0x00001000   Zero   RW          958    .bss                splc.o
    0x20003890        -       0x00000080   Zero   RW         1056    .bss                splcioin.o
    0x20003910        -       0x000000e0   Zero   RW         1234    .bss                splcadc.o
    0x200039f0        -       0x00001004   Zero   RW         1288    .bss                hmicmdqueue.o
    0x200049f4   0x0804a2e8   0x00000004   PAD
    0x200049f8        -       0x000005d0   Zero   RW         1381    .bss                dchmiapp.o
    0x20004fc8        -       0x00000030   Zero   RW         1574    .bss                flash_if.o
    0x20004ff8        -       0x00000046   Zero   RW         1661    .bss                deviceconfig.o
    0x2000503e   0x0804a2e8   0x00000002   PAD
    0x20005040        -       0x0000000c   Zero   RW         1663    .bss                deviceconfig.o
    0x2000504c        -       0x00001680   Zero   RW         1693    .bss                prescheme.o
    0x200066cc        -       0x00000020   Zero   RW         1868    .bss                stm32f4xx_hal_flash.o
    0x200066ec        -       0x00000118   Zero   RW         2484    .bss                timers.o
    0x20006804        -       0x000018c0   Zero   RW         2520    .bss                cmsis_os2.o
    0x200080c4        -       0x0000c000   Zero   RW         2575    .bss                heap_4.o
    0x200140c4        -       0x000003e0   Zero   RW         2714    .bss                usbh_conf.o
    0x200144a4        -       0x00000ff0   Zero   RW         2809    .bss                ff.o
    0x20015494   0x0804a2e8   0x00000004   PAD
    0x20015498        -       0x00002000   Zero   RW            2    HEAP                startup_stm32f405xx.o
    0x20017498        -       0x00002000   Zero   RW            1    STACK               startup_stm32f405xx.o


    Execution Region RW_IRAM2 (Exec base: 0x2001c000, Load base: 0x0804a2e8, Size: 0x00001494, Max: 0x00004000, ABSOLUTE)

    Exec Addr    Load Addr    Size         Type   Attr      Idx    E Section Name        Object

    0x2001c000   0x0804a2e8   0x00000004   Data   RW          780    .data               system_stm32f4xx.o
    0x2001c004   0x0804a2ec   0x00000008   Data   RW          811    .data               libcrc.o
    0x2001c00c   0x0804a2f4   0x00000002   Data   RW          960    .data               splc.o
    0x2001c00e   0x0804a2f6   0x00000002   Data   RW          961    .data               splc.o
    0x2001c010   0x0804a2f8   0x00000002   Data   RW          963    .data               splc.o
    0x2001c012   0x0804a2fa   0x00000002   Data   RW          965    .data               splc.o
    0x2001c014   0x0804a2fc   0x00000014   Data   RW         1110    .data               splclaser.o
    0x2001c028   0x0804a310   0x00000002   Data   RW         1171    .data               splcspeaker.o
    0x2001c02a   0x0804a312   0x00000002   PAD
    0x2001c02c   0x0804a314   0x00000004   Data   RW         1203    .data               splctimer.o
    0x2001c030   0x0804a318   0x00000001   Data   RW         1352    .data               hmiuseruart.o
    0x2001c031   0x0804a319   0x00000003   PAD
    0x2001c034   0x0804a31c   0x00000010   Data   RW         1575    .data               flash_if.o
    0x2001c044   0x0804a32c   0x0000000c   Data   RW         2087    .data               stm32f4xx_hal.o
    0x2001c050   0x0804a338   0x0000003c   Data   RW         2463    .data               tasks.o
    0x2001c08c   0x0804a374   0x00000020   Data   RW         2576    .data               heap_4.o
    0x2001c0ac   0x0804a394   0x00000008   Data   RW         2811    .data               ff.o
    0x2001c0b4   0x0804a39c   0x00000020   Data   RW         3060    .data               usbh_cdc.o
    0x2001c0d4   0x0804a3bc   0x00000015   Data   RW         3158    .data               usbh_hid_mouse.o
    0x2001c0e9   0x0804a3d1   0x00000003   PAD
    0x2001c0ec   0x0804a3d4   0x00000020   Data   RW         3210    .data               usbh_msc.o
    0x2001c10c        -       0x000000a8   Zero   RW          465    .bss                adc.o
    0x2001c1b4        -       0x00000054   Zero   RW          579    .bss                i2c.o
    0x2001c208        -       0x00000010   Zero   RW          609    .bss                rng.o
    0x2001c218        -       0x000001b0   Zero   RW          639    .bss                tim.o
    0x2001c3c8        -       0x00000090   Zero   RW          669    .bss                usart.o
    0x2001c458        -       0x00000200   Zero   RW         1169    .bss                splcspeaker.o
    0x2001c658        -       0x00000040   Zero   RW         2414    .bss                queue.o
    0x2001c698        -       0x000004c4   Zero   RW         2462    .bss                tasks.o
    0x2001cb5c        -       0x000007b4   Zero   RW         2686    .bss                usb_host.o
    0x2001d310        -       0x0000000c   Zero   RW         2844    .bss                ff_gen_drv.o
    0x2001d31c        -       0x00000024   Zero   RW         2927    .bss                usbh_core.o
    0x2001d340        -       0x0000000f   Zero   RW         3128    .bss                usbh_hid_keybd.o
    0x2001d34f   0x0804a3f4   0x00000001   PAD
    0x2001d350        -       0x000000e4   Zero   RW         3478    .bss                c_w.l(rand.o)
    0x2001d434        -       0x00000060   Zero   RW         3692    .bss                c_w.l(libspace.o)



  Load Region LR$$.ARM.__AT_0x10000000 (Base: 0x10000000, Size: 0x00000000, Max: 0x00010000, ABSOLUTE)

    Execution Region ER$$.ARM.__AT_0x10000000 (Exec base: 0x10000000, Load base: 0x10000000, Size: 0x00010000, Max: 0x00010000, ABSOLUTE, UNINIT)

    Exec Addr    Load Addr    Size         Type   Attr      Idx    E Section Name        Object

    0x10000000        -       0x0000ffff   Zero   RW         1380    .ARM.__AT_0x10000000  dchmiapp.o


==============================================================================

Image component sizes


      Code (inc. data)   RO Data    RW Data    ZI Data      Debug   Object Name

       452         34          0          0        168       1899   adc.o
       220         22        942          0          0       2409   ccsbcs.o
      4796         78          0          4       6336      87521   cmsis_os2.o
       100         12          0          8          0       1531   crc.o
       292         28          0          0        116       1765   dac.o
     27696       3238        669         36      67023      37191   dchmiapp.o
         0          0        460          0          0       2109   dchmilanguage.o
      7096        232          0          0          0      10135   dchminotifybutton.o
       536         18          0          0          0       1349   dchminotifyprogress.o
         2          0          0          0          0        672   dchminotifyreadrtc.o
      1304         82          0          0          0       2221   dchminotifytext.o
        48         20          0          0         82       2186   deviceconfig.o
       144          6          0          0          0       2249   diskio.o
        76          4          0          0          0        870   dma.o
       944          4          0          0          0      31165   event_groups.o
        32         12          0          5          0       1362   fatfs.o
     20980        194        186          8       4080      66021   ff.o
       132          4          0          0         12       2001   ff_gen_drv.o
       444         26          0         16         48       2750   flash_if.o
        60         16         96          8          0       1608   freertos.o
       388         36          0          0          0      25164   fuzzypid_relay.o
       396         20          0          0          0       1175   gpio.o
       604         14          0         32      49152       4718   heap_4.o
       204          8          0          8       4100       2556   hmicmdqueue.o
      9468          0          0          0          0      38593   hmidriver.o
       280        118         28          1          0       2000   hmiuseruart.o
       220         26          0          0         84       1625   i2c.o
       208         12       1536          8          0       2456   libcrc.o
       144          0          0          0          0       2174   list.o
       304         10          0          0          0     778599   main.o
        60          8          0          0          0        570   mainapp.o
      2236        462         15          0          0       5436   mainapplib.o
       810         60          0         12          0       8987   port.o
      6112       2430         17          0       5760       4943   prescheme.o
      3512         16          0          0         64      25515   queue.o
        52          4          0          4          0       3024   retarget.o
       100         12          0          0         16       1531   rng.o
      2400        752        152         28      14048       6332   splc.o
       688         86         12          2        224       2138   splcadc.o
      1068        204         32          0          0       2458   splcdac.o
      2844        846         14          0          0       7041   splceprom.o
      2976        262        185          0          0      48843   splcfun.o
       456         82         14          0        128       1587   splcioin.o
       408         78         15          0          0        923   splcioout.o
       716        152         26         20          0       2623   splclaser.o
      3728        236         12          2          0       5551   splcmisc.o
       788        192         32          2        512       2558   splcspeaker.o
       548        126         14          4          0       1505   splctimer.o
        64         26        392          0      16384        872   startup_stm32f405xx.o
       468         56          0         12          0      10936   stm32f4xx_hal.o
      3004         74          0          0          0       9359   stm32f4xx_hal_adc.o
      2080         52          0          0          0       6826   stm32f4xx_hal_adc_ex.o
       728         28          0          0          0      36723   stm32f4xx_hal_cortex.o
       198          0          0          0          0       2782   stm32f4xx_hal_crc.o
       920         12          0          0          0       7097   stm32f4xx_hal_dac.o
       414          0          0          0          0       4756   stm32f4xx_hal_dac_ex.o
      1956         34          8          0          0       7757   stm32f4xx_hal_dma.o
       880         40          0          0         32       4857   stm32f4xx_hal_flash.o
       804         28          0          0          0       5109   stm32f4xx_hal_flash_ex.o
       992         26          0          0          0       4039   stm32f4xx_hal_gpio.o
      3496          0          0          0          0      11844   stm32f4xx_hal_hcd.o
     16352        192          0          0          0      48046   stm32f4xx_hal_i2c.o
        76          8          0          0          0        926   stm32f4xx_hal_msp.o
      2168        106          0          0          0       6551   stm32f4xx_hal_rcc.o
       462          0          0          0          0       4550   stm32f4xx_hal_rng.o
     13544        128          0          0          0      47138   stm32f4xx_hal_tim.o
      5292         44          0          0          0      18627   stm32f4xx_hal_tim_ex.o
       180         20          0          0         72       1938   stm32f4xx_hal_timebase_tim.o
      5484         46          0          0          0      23136   stm32f4xx_hal_uart.o
       124         38          0          0          0       2127   stm32f4xx_it.o
      5482        104          0          0          0      19994   stm32f4xx_ll_usb.o
         0          0          0          0          0        392   stream_buffer.o
        54          0          0          0          0       2162   syscall.o
       180         38         24          4          0       1825   system_stm32f4xx.o
      5364        148          0         60       1220      35623   tasks.o
      1200         76          0          0        432       3984   tim.o
      1704         58          0         20        280      35411   timers.o
       384         32          0          0        144       2084   usart.o
       176         32          0          1       1972       1868   usb_host.o
      5208        336          6         32          0      27524   usbh_audio.o
      1618        252          4         32          0      11196   usbh_cdc.o
       628         22          0          0        992       7413   usbh_conf.o
      4140       1102         66          0         36       9329   usbh_core.o
      2120         78        211          0          0       8766   usbh_ctlreq.o
       392         74         20          0          0       2901   usbh_diskio.o
      2088        404        144         32          0      12930   usbh_hid.o
       332         56        784         16         15       3288   usbh_hid_keybd.o
       216         28        160         21          0       2390   usbh_hid_mouse.o
       358          0          0          0          0       2585   usbh_hid_parser.o
       364          0          0          0          0       4204   usbh_ioreq.o
      3118        414          4         32          0       8835   usbh_msc.o
       896         26          0          0          0       3507   usbh_msc_bot.o
       988         38          0          0          0       4105   usbh_msc_scsi.o
      4996       1382          4         32          0      15402   usbh_mtp.o
      5746         36         99          0          0      16475   usbh_mtp_ptp.o
       136          0          0          0          0       2364   usbh_pipes.o
        24          4          0          0          0        602   usbh_platform.o

    ----------------------------------------------------------------------
    214698      15988       6456        512     173544    1762794   Object Totals
         0          0         64          0          0          0   (incl. Generated)
        28          8          9         10         12          0   (incl. Padding)

    ----------------------------------------------------------------------

      Code (inc. data)   RO Data    RW Data    ZI Data      Debug   Library Member Name

        60          8          0          0          0         84   __0sscanf.o
        90          0          0          0          0          0   __dczerorl2.o
         8          0          0          0          0         68   __main.o
       392          4         17          0          0         92   __printf_flags_ss_wp.o
        14          0          0          0          0         68   __printf_wp.o
         0          0          0          0          0          0   __rtentry.o
        12          0          0          0          0          0   __rtentry2.o
         6          0          0          0          0          0   __rtentry4.o
        52          8          0          0          0          0   __scatter.o
        26          0          0          0          0          0   __scatter_copy.o
        28          0          0          0          0          0   __scatter_zi.o
        28          0          0          0          0         68   _chval.o
         6          0          0          0          0          0   _printf_c.o
        44          0          0          0          0        108   _printf_char.o
        48          6          0          0          0         96   _printf_char_common.o
        36          4          0          0          0         80   _printf_char_file.o
         6          0          0          0          0          0   _printf_d.o
       120         16          0          0          0         92   _printf_dec.o
         6          0          0          0          0          0   _printf_f.o
      1054          0          0          0          0        216   _printf_fp_dec.o
       128         16          0          0          0         84   _printf_fp_infnan.o
        88          4         40          0          0         88   _printf_hex_int.o
       178          0          0          0          0         88   _printf_intcommon.o
        78          0          0          0          0        108   _printf_pad.o
         0          0          0          0          0          0   _printf_percent.o
         4          0          0          0          0          0   _printf_percent_end.o
         6          0          0          0          0          0   _printf_s.o
        82          0          0          0          0         80   _printf_str.o
         6          0          0          0          0          0   _printf_u.o
         6          0          0          0          0          0   _printf_x.o
        22          0          0          0          0        100   _rserrno.o
       884          6          0          0          0        100   _scanf.o
       332          0          0          0          0         96   _scanf_int.o
        64          0          0          0          0         84   _sgetc.o
        10          0          0          0          0         68   _sputc.o
        16          0          0          0          0         68   aeabi_memset.o
       228          4        148          0          0         96   bigflt0.o
      2152        136          0          0          0        960   btod.o
        10          0          0          0          0         68   defsig_exit.o
        50          0          0          0          0         88   defsig_general.o
        80         58          0          0          0         76   defsig_rtmem_inner.o
        14          0          0          0          0         80   defsig_rtmem_outer.o
        18          0          0          0          0         80   exit.o
         8          0          0          0          0         68   ferror.o
        94          0          0          0          0         80   h1_alloc.o
        52          0          0          0          0         68   h1_extend.o
        78          0          0          0          0         80   h1_free.o
        14          0          0          0          0         84   h1_init.o
         6          0          0          0          0        152   heapauxi.o
         4          0          0          0          0        136   hguard.o
       138          0          0          0          0        168   init_alloc.o
        18          0          0          0          0         76   isspace.o
        44         10        272          0          0         76   lc_ctype_c.o
        44         10         28          0          0         76   lc_numeric_c.o
         2          0          0          0          0          0   libinit.o
        46          0          0          0          0          0   libinit2.o
         2          0          0          0          0          0   libshutdown.o
         2          0          0          0          0          0   libshutdown2.o
         8          4          0          0         96         68   libspace.o
        38          0          0          0          0         68   llshl.o
       138          0          0          0          0         80   lludiv10.o
       238          0          0          0          0        100   lludivv7m.o
         0          0          0          0          0          0   maybetermalloc1.o
        24          4          0          0          0         84   noretval__2printf.o
        40          6          0          0          0         84   noretval__2sprintf.o
       112         18          0          0        228        160   rand.o
        16          4          0          0          0         76   rt_ctype_table.o
         8          4          0          0          0         68   rt_errno_addr_intlibspace.o
         8          4          0          0          0         68   rt_heap_descriptor_intlibspace.o
         8          4          0          0          0         68   rt_locale_intlibspace.o
        68          0          0          0          0         68   rt_memclr.o
        78          0          0          0          0         80   rt_memclr_w.o
       138          0          0          0          0         68   rt_memcpy_v6.o
       100          0          0          0          0         80   rt_memcpy_w.o
         2          0          0          0          0          0   rtexit.o
        10          0          0          0          0          0   rtexit2.o
        44          8          0          0          0         84   scanf_char.o
      1272         16          0          0          0        168   scanf_fp.o
       800         14          0          0          0        100   scanf_hexfp.o
       308         16          0          0          0        100   scanf_infnan.o
       128          0          0          0          0         68   strcmpv7m.o
        72          0          0          0          0         80   strcpy.o
        62          0          0          0          0         76   strlen.o
        86          0          0          0          0         76   strncpy.o
        74          0          0          0          0         80   sys_stackheap_outer.o
         2          0          0          0          0         68   use_no_semi.o
        24          0          0          0          0        164   basic.o
        98          4          0          0          0        140   d2f.o
       826         16          0          0          0        492   daddsub_clz.o
        16          4          0          0          0        116   dcheck1.o
        24          0          0          0          0        116   dcmpi.o
       688        140          0          0          0        256   ddiv.o
       120          4          0          0          0        140   deqf.o
        94          4          0          0          0        140   dfix.o
        90          4          0          0          0        140   dfixu.o
        84          0          0          0          0        232   dflt_clz.o
       120          4          0          0          0        140   dleqf.o
       340         12          0          0          0        152   dmul.o
       156          4          0          0          0        140   dnaninf.o
        12          0          0          0          0        116   dretinf.o
       108          0          0          0          0        128   drleqf.o
        86          4          0          0          0        132   f2d.o
       140          4          0          0          0        132   fnaninf.o
         0          0         16          0          0          0   fpconst.o
        10          0          0          0          0        116   fpinit.o
        10          0          0          0          0        116   fretinf.o
         6          0          0          0          0        116   istatus.o
         4          0          0          0          0        116   printf1.o
       100          0          0          0          0        116   retnan.o
        92          0          0          0          0        116   scalbn.o
         4          0          0          0          0        116   scanf1.o
         8          0          0          0          0        132   scanf2.o
        48          0          0          0          0        116   trapv.o
         0          0          0          0          0          0   usenofp.o
       164         44          0          0          0        620   dunder.o
        48          0          0          0          0        124   fpclassify.o
       140         22          0          0          0        132   frexp.o
       228          8          0          0          0        308   ldexp.o
       964         92         56          0          0        316   log.o
       266         16          0          0          0        308   narrow.o
       248          0          0          0          0        152   poly.o
         0          0          8          0          0          0   qnan.o

    ----------------------------------------------------------------------
     16326        778        588          0        324      12464   Library Totals
        34          0          3          0          0          0   (incl. Padding)

    ----------------------------------------------------------------------

      Code (inc. data)   RO Data    RW Data    ZI Data      Debug   Library Name

     10926        392        505          0        324       6568   c_w.l
      3308        204         16          0          0       3936   fz_wm.l
      2058        182         64          0          0       1960   m_wm.l

    ----------------------------------------------------------------------
     16326        778        588          0        324      12464   Library Totals

    ----------------------------------------------------------------------

==============================================================================


      Code (inc. data)   RO Data    RW Data    ZI Data      Debug   

    231024      16766       7044        512     173868    1745030   Grand Totals
    231024      16766       7044        512     173868    1745030   ELF Image Totals
    231024      16766       7044        512          0          0   ROM Totals

==============================================================================

    Total RO  Size (Code + RO Data)               238068 ( 232.49kB)
    Total RW  Size (RW Data + ZI Data)            174380 ( 170.29kB)
    Total ROM Size (Code + RO Data + RW Data)     238580 ( 232.99kB)

==============================================================================

