<html>
<body>
<pre>
<h1>µVision Build Log</h1>
<h2>Tool Versions:</h2>
IDE-Version: ¦ÌVision V5.42.0.0
Copyright (C) 2025 ARM Ltd and ARM Germany GmbH. All rights reserved.
License Information: 1 1, 1, LIC=PE7DL-0SZMZ-016P1-C81TA-QL62A-TMCDT
 
Tool Versions:
Toolchain:       MDK-ARM Plus  Version: 5.42.0.0
Toolchain Path:  C:\Keil_v5\ARM\ARMCC\Bin
C Compiler:      Armcc.exe V5.06 update 6 (build 750)
Assembler:       Armasm.exe V5.06 update 6 (build 750)
Linker/Locator:  ArmLink.exe V5.06 update 6 (build 750)
Library Manager: ArmAr.exe V5.06 update 6 (build 750)
Hex Converter:   FromElf.exe V5.06 update 6 (build 750)
CPU DLL:         SARMCM3.DLL V5.42.0.0
Dialog DLL:      DCM.DLL V1.17.5.0
Target DLL:      STLink\ST-LINKIII-KEIL_SWO.dll V3.3.0.0
Dialog DLL:      TCM.DLL V1.56.6.0
 
<h2>Project:</h2>
D:\GitHub\dwLaser_Application\MCU_Application\targetBoard_G5_A1\MDK-ARM\targetBoard_G5_A1.uvprojx
Project File Date:  08/20/2025

<h2>Output:</h2>
*** Using Compiler 'V5.06 update 6 (build 750)', folder: 'C:\Keil_v5\ARM\ARMCC\Bin'
Build target 'targetBoard_G5_A1'
creating preprocessor file for adc.c...
creating preprocessor file for dma.c...
creating preprocessor file for dac.c...
creating preprocessor file for tim.c...
creating preprocessor file for FuzzyPID_Relay.c...
creating preprocessor file for usart.c...
creating preprocessor file for stm32f4xx_hal_msp.c...
creating preprocessor file for freertos.c...
creating preprocessor file for rng.c...
creating preprocessor file for i2c.c...
creating preprocessor file for gpio.c...
creating preprocessor file for main.c...
creating preprocessor file for libcrc.c...
creating preprocessor file for stm32f4xx_it.c...
creating preprocessor file for system_stm32f4xx.c...
creating preprocessor file for crc.c...
creating preprocessor file for stm32f4xx_hal_timebase_tim.c...
creating preprocessor file for sPlc.c...
creating preprocessor file for sPlcFun.c...
creating preprocessor file for Retarget.c...
creating preprocessor file for sPlcEprom.c...
creating preprocessor file for sPlcIoIn.c...
creating preprocessor file for sPlcIoOut.c...
creating preprocessor file for sPlcLaser.c...
creating preprocessor file for sPlcMisc.c...
creating preprocessor file for sPlcSpeaker.c...
creating preprocessor file for sPlcTimer.c...
creating preprocessor file for sPlcAdc.c...
creating preprocessor file for sPlcDac.c...
creating preprocessor file for hmiCmdQueue.c...
creating preprocessor file for hmiDriver.c...
creating preprocessor file for hmiUserUart.c...
creating preprocessor file for dcHmiApp.c...
creating preprocessor file for dcHmiLanguage.c...
creating preprocessor file for dcHmiNotifyButton.c...
creating preprocessor file for dcHmiNotifyProgress.c...
creating preprocessor file for dcHmiNotifyReadRTC.c...
creating preprocessor file for dcHmiNotifyText.c...
compiling main.c...
compiling sPlcSpeaker.c...
creating preprocessor file for flash_if.c...
compiling sPlcFun.c...
creating preprocessor file for MainApp.c...
creating preprocessor file for MainAppLib.c...
compiling freertos.c...
compiling sPlcAdc.c...
creating preprocessor file for deviceConfig.c...
creating preprocessor file for preScheme.c...
creating preprocessor file for stm32f4xx_hal_tim.c...
compiling sPlcIoOut.c...
creating preprocessor file for stm32f4xx_hal_tim_ex.c...
creating preprocessor file for stm32f4xx_hal_hcd.c...
compiling sPlc.c...
compiling sPlcLaser.c...
compiling dcHmiLanguage.c...
creating preprocessor file for stm32f4xx_hal_rcc.c...
creating preprocessor file for stm32f4xx_hal_rcc_ex.c...
creating preprocessor file for stm32f4xx_ll_usb.c...
creating preprocessor file for stm32f4xx_hal_flash.c...
compiling dcHmiNotifyText.c...
creating preprocessor file for stm32f4xx_hal_flash_ramfunc.c...
creating preprocessor file for stm32f4xx_hal_flash_ex.c...
creating preprocessor file for stm32f4xx_hal_gpio.c...
creating preprocessor file for stm32f4xx_hal_dma.c...
creating preprocessor file for stm32f4xx_hal_dma_ex.c...
creating preprocessor file for stm32f4xx_hal_pwr.c...
creating preprocessor file for stm32f4xx_hal_pwr_ex.c...
creating preprocessor file for stm32f4xx_hal_cortex.c...
creating preprocessor file for stm32f4xx_hal.c...
creating preprocessor file for stm32f4xx_hal_exti.c...
compiling FuzzyPID_Relay.c...
compiling hmiDriver.c...
compiling sPlcEprom.c...
compiling hmiCmdQueue.c...
creating preprocessor file for stm32f4xx_ll_adc.c...
creating preprocessor file for stm32f4xx_hal_adc_ex.c...
creating preprocessor file for stm32f4xx_hal_adc.c...
creating preprocessor file for stm32f4xx_hal_crc.c...
creating preprocessor file for stm32f4xx_hal_dac.c...
creating preprocessor file for stm32f4xx_hal_dac_ex.c...
compiling sPlcMisc.c...
compiling sPlcDac.c...
compiling dcHmiNotifyReadRTC.c...
creating preprocessor file for stm32f4xx_hal_i2c.c...
creating preprocessor file for croutine.c...
creating preprocessor file for event_groups.c...
creating preprocessor file for stm32f4xx_hal_rng.c...
creating preprocessor file for stm32f4xx_hal_i2c_ex.c...
creating preprocessor file for list.c...
compiling sPlcTimer.c...
creating preprocessor file for queue.c...
compiling hmiUserUart.c...
creating preprocessor file for stm32f4xx_hal_uart.c...
creating preprocessor file for stream_buffer.c...
creating preprocessor file for tasks.c...
creating preprocessor file for timers.c...
creating preprocessor file for heap_4.c...
compiling dcHmiNotifyProgress.c...
creating preprocessor file for port.c...
creating preprocessor file for cmsis_os2.c...
compiling sPlcIoIn.c...
compiling dcHmiNotifyButton.c...
creating preprocessor file for usbh_diskio.c...
creating preprocessor file for fatfs.c...
creating preprocessor file for usb_host.c...
creating preprocessor file for usbh_conf.c...
creating preprocessor file for usbh_platform.c...
creating preprocessor file for diskio.c...
creating preprocessor file for ff.c...
creating preprocessor file for ff_gen_drv.c...
creating preprocessor file for syscall.c...
creating preprocessor file for ccsbcs.c...
creating preprocessor file for usbh_core.c...
creating preprocessor file for usbh_ctlreq.c...
creating preprocessor file for usbh_ioreq.c...
creating preprocessor file for usbh_pipes.c...
creating preprocessor file for usbh_audio.c...
compiling dcHmiApp.c...
creating preprocessor file for usbh_cdc.c...
creating preprocessor file for usbh_hid.c...
creating preprocessor file for usbh_hid_keybd.c...
creating preprocessor file for usbh_hid_mouse.c...
creating preprocessor file for usbh_hid_parser.c...
creating preprocessor file for usbh_msc.c...
creating preprocessor file for usbh_msc_bot.c...
creating preprocessor file for usbh_msc_scsi.c...
creating preprocessor file for usbh_mtp.c...
creating preprocessor file for usbh_mtp_ptp.c...
compiling MainApp.c...
compiling MainAppLib.c...
compiling preScheme.c...
linking...
Program Size: Code=265944 RO-data=7068 RW-data=524 ZI-data=173872  
FromELF: creating hex file...
After Build - User command #1: D:\GitHub\dwLaser_Application\MCU_Application\targetBoard_G5_A1\MDK-ARM\convert.bat
D:\GitHub\dwLaser_Application\MCU_Application\targetBoard_G5_A1\MDK-ARM>del ld_mcu.bin 
D:\GitHub\dwLaser_Application\MCU_Application\targetBoard_G5_A1\MDK-ARM>C:\Keil_v5\ARM\ARMCC\bin\fromelf   --bin --output   .\ld_mcu.bin   .\targetBoard_G5_A1\MCU_Application.axf 
".\targetBoard_G5_A1\MCU_Application.axf" - 0 Error(s), 0 Warning(s).

<h2>Software Packages used:</h2>

Package Vendor: Keil
                https://www.keil.com/pack/Keil.STM32F4xx_DFP.3.0.0.pack
                Keil::STM32F4xx_DFP@3.0.0
                STMicroelectronics STM32F4 Series Device Support

<h2>Collection of Component include folders:</h2>

<h2>Collection of Component Files used:</h2>
Build Time Elapsed:  00:00:07
</pre>
</body>
</html>
