<html>
<body>
<pre>
<h1>µVision Build Log</h1>
<h2>Tool Versions:</h2>
IDE-Version: ¦ÌVision V5.38.0.0
Copyright (C) 2022 ARM Ltd and ARM Germany GmbH. All rights reserved.
License Information: 1 1, 1, LIC=8VRJ7-EJ2SW-JJT6S-L648Q-RR77V-TKX1F
 
Tool Versions:
Toolchain:       MDK-ARM Plus  Version: 5.38.0.0
Toolchain Path:  C:\Keil_v5\ARM\ARMCC\Bin
C Compiler:      Armcc.exe V5.06 update 6 (build 750)
Assembler:       Armasm.exe V5.06 update 6 (build 750)
Linker/Locator:  ArmLink.exe V5.06 update 6 (build 750)
Library Manager: ArmAr.exe V5.06 update 6 (build 750)
Hex Converter:   FromElf.exe V5.06 update 6 (build 750)
CPU DLL:         SARMCM3.DLL V5.38.0.0
Dialog DLL:      DCM.DLL V1.17.5.0
Target DLL:      STLink\ST-LINKIII-KEIL_SWO.dll V3.1.0.0
Dialog DLL:      TCM.DLL V1.56.4.0
 
<h2>Project:</h2>
D:\GitHub\dwLaser_Application\MCU_Application\targetBoard_G5_A0\MDK-ARM\targetBoard_G5_A0.uvprojx
Project File Date:  04/20/2025

<h2>Output:</h2>
*** Using Compiler 'V5.06 update 6 (build 750)', folder: 'C:\Keil_v5\ARM\ARMCC\Bin'
Build target 'targetBoard_G5_A0'
assembling startup_stm32f405xx.s...
compiling crc.c...
compiling dma.c...
compiling rng.c...
compiling adc.c...
compiling freertos.c...
compiling dac.c...
compiling tim.c...
compiling stm32f4xx_hal_flash_ramfunc.c...
compiling usart.c...
compiling i2c.c...
compiling stm32f4xx_hal_timebase_tim.c...
compiling stm32f4xx_hal_rcc_ex.c...
compiling gpio.c...
compiling stm32f4xx_hal_rcc.c...
compiling stm32f4xx_it.c...
compiling usbh_platform.c...
compiling main.c...
compiling stm32f4xx_ll_adc.c...
compiling stm32f4xx_hal_msp.c...
compiling fatfs.c...
compiling stm32f4xx_hal_flash_ex.c...
compiling stm32f4xx_hal_dma_ex.c...
compiling stm32f4xx_hal_gpio.c...
compiling stm32f4xx_hal_tim_ex.c...
compiling stm32f4xx_hal_dma.c...
compiling stm32f4xx_hal_hcd.c...
compiling usbh_diskio.c...
compiling stm32f4xx_hal_flash.c...
compiling usb_host.c...
compiling stm32f4xx_ll_usb.c...
compiling stm32f4xx_hal_tim.c...
compiling croutine.c...
compiling usbh_conf.c...
compiling list.c...
compiling event_groups.c...
compiling stream_buffer.c...
compiling queue.c...
compiling timers.c...
compiling heap_4.c...
compiling tasks.c...
compiling port.c...
compiling stm32f4xx_hal_pwr.c...
compiling stm32f4xx_hal_cortex.c...
compiling stm32f4xx_hal_crc.c...
compiling stm32f4xx_hal_dac_ex.c...
compiling stm32f4xx_hal_dac.c...
compiling stm32f4xx_hal_i2c_ex.c...
compiling system_stm32f4xx.c...
compiling stm32f4xx_hal_pwr_ex.c...
compiling stm32f4xx_hal.c...
compiling stm32f4xx_hal_adc_ex.c...
compiling stm32f4xx_hal_rng.c...
compiling syscall.c...
compiling stm32f4xx_hal_adc.c...
compiling diskio.c...
compiling stm32f4xx_hal_exti.c...
compiling ff_gen_drv.c...
compiling stm32f4xx_hal_i2c.c...
compiling stm32f4xx_hal_uart.c...
compiling ccsbcs.c...
compiling usbh_core.c...
compiling usbh_ctlreq.c...
compiling usbh_pipes.c...
compiling usbh_ioreq.c...
compiling cmsis_os2.c...
compiling usbh_cdc.c...
../Middlewares/ST/STM32_USB_Host_Library/Class/CDC/Src/usbh_cdc.c(163): warning:  #225-D: the format string ends before this argument
      USBH_DbgLog("Cannot Find the interface for Communication Interface Class.", phost->pActiveClass->Name);
../Middlewares/ST/STM32_USB_Host_Library/Class/CDC/Src/usbh_cdc.c(208): warning:  #225-D: the format string ends before this argument
      USBH_DbgLog("Cannot Find the interface for Data Interface Class.", phost->pActiveClass->Name);
../Middlewares/ST/STM32_USB_Host_Library/Class/CDC/Src/usbh_cdc.c: 2 warnings, 0 errors
compiling usbh_hid_keybd.c...
compiling usbh_hid_mouse.c...
compiling usbh_audio.c...
compiling usbh_hid.c...
compiling usbh_hid_parser.c...
compiling ff.c...
compiling usbh_msc.c...
compiling usbh_msc_bot.c...
compiling usbh_msc_scsi.c...
compiling usbh_mtp.c...
compiling usbh_mtp_ptp.c...
linking...
Program Size: Code=51660 RO-data=1052 RW-data=376 ZI-data=77920  
FromELF: creating hex file...
"targetBoard_G5_A0\targetBoard_G5_A0.axf" - 0 Error(s), 2 Warning(s).

<h2>Software Packages used:</h2>

Package Vendor: ARM
                https://www.keil.com/pack/ARM.CMSIS.6.1.0.pack
                ARM.CMSIS.6.1.0
                CMSIS (Common Microcontroller Software Interface Standard)
   * Component: CORE Version: 6.1.0

Package Vendor: Keil
                https://www.keil.com/pack/Keil.STM32F4xx_DFP.3.0.0.pack
                Keil.STM32F4xx_DFP.3.0.0
                STMicroelectronics STM32F4 Series Device Support

<h2>Collection of Component include folders:</h2>
  ./RTE/_targetBoard_G5_A0
  C:/Users/linqi/AppData/Local/Arm/Packs/ARM/CMSIS/6.1.0/CMSIS/Core/Include

<h2>Collection of Component Files used:</h2>

   * Component: ARM::CMSIS:CORE:6.1.0
      Include file:  CMSIS/Core/Include/tz_context.h
Build Time Elapsed:  00:00:07
</pre>
</body>
</html>
