Component: ARM Compiler 5.06 update 6 (build 750) Tool: armlink [4d35ed]

==============================================================================

Section Cross References

    startup_stm32f407xx.o(STACK) refers (Special) to heapauxi.o(.text) for __use_two_region_memory
    startup_stm32f407xx.o(HEAP) refers (Special) to heapauxi.o(.text) for __use_two_region_memory
    startup_stm32f407xx.o(RESET) refers (Special) to heapauxi.o(.text) for __use_two_region_memory
    startup_stm32f407xx.o(RESET) refers to startup_stm32f407xx.o(STACK) for __initial_sp
    startup_stm32f407xx.o(RESET) refers to startup_stm32f407xx.o(.text) for Reset_Handler
    startup_stm32f407xx.o(RESET) refers to stm32f4xx_it.o(i.NMI_Handler) for NMI_Handler
    startup_stm32f407xx.o(RESET) refers to stm32f4xx_it.o(i.HardFault_Handler) for HardFault_Handler
    startup_stm32f407xx.o(RESET) refers to stm32f4xx_it.o(i.MemManage_Handler) for MemManage_Handler
    startup_stm32f407xx.o(RESET) refers to stm32f4xx_it.o(i.BusFault_Handler) for BusFault_Handler
    startup_stm32f407xx.o(RESET) refers to stm32f4xx_it.o(i.UsageFault_Handler) for UsageFault_Handler
    startup_stm32f407xx.o(RESET) refers to port.o(.emb_text) for SVC_Handler
    startup_stm32f407xx.o(RESET) refers to stm32f4xx_it.o(i.DebugMon_Handler) for DebugMon_Handler
    startup_stm32f407xx.o(RESET) refers to cmsis_os2.o(i.SysTick_Handler) for SysTick_Handler
    startup_stm32f407xx.o(RESET) refers to stm32f4xx_it.o(i.USART3_IRQHandler) for USART3_IRQHandler
    startup_stm32f407xx.o(RESET) refers to stm32f4xx_it.o(i.TIM8_UP_TIM13_IRQHandler) for TIM8_UP_TIM13_IRQHandler
    startup_stm32f407xx.o(RESET) refers to stm32f4xx_it.o(i.TIM8_TRG_COM_TIM14_IRQHandler) for TIM8_TRG_COM_TIM14_IRQHandler
    startup_stm32f407xx.o(RESET) refers to stm32f4xx_it.o(i.DMA2_Stream0_IRQHandler) for DMA2_Stream0_IRQHandler
    startup_stm32f407xx.o(RESET) refers to stm32f4xx_it.o(i.DMA2_Stream1_IRQHandler) for DMA2_Stream1_IRQHandler
    startup_stm32f407xx.o(RESET) refers to stm32f4xx_it.o(i.OTG_FS_IRQHandler) for OTG_FS_IRQHandler
    startup_stm32f407xx.o(.text) refers (Special) to heapauxi.o(.text) for __use_two_region_memory
    startup_stm32f407xx.o(.text) refers to system_stm32f4xx.o(i.SystemInit) for SystemInit
    startup_stm32f407xx.o(.text) refers to __main.o(!!!main) for __main
    startup_stm32f407xx.o(.text) refers to startup_stm32f407xx.o(HEAP) for Heap_Mem
    startup_stm32f407xx.o(.text) refers to startup_stm32f407xx.o(STACK) for Stack_Mem
    main.o(i.HAL_TIM_PeriodElapsedCallback) refers to stm32f4xx_hal.o(i.HAL_IncTick) for HAL_IncTick
    main.o(i.HAL_TIM_PeriodElapsedCallback) refers to splctimer.o(i.sPlcTimerIsr) for sPlcTimerIsr
    main.o(i.HAL_TIM_PeriodElapsedCallback) refers to splclaser.o(i.sPlcLaserTimerIsr) for sPlcLaserTimerIsr
    main.o(i.SystemClock_Config) refers to rt_memclr_w.o(.text) for __aeabi_memclr4
    main.o(i.SystemClock_Config) refers to stm32f4xx_hal_rcc.o(i.HAL_RCC_OscConfig) for HAL_RCC_OscConfig
    main.o(i.SystemClock_Config) refers to main.o(i.Error_Handler) for Error_Handler
    main.o(i.SystemClock_Config) refers to stm32f4xx_hal_rcc.o(i.HAL_RCC_ClockConfig) for HAL_RCC_ClockConfig
    main.o(i.main) refers to stm32f4xx_hal.o(i.HAL_Init) for HAL_Init
    main.o(i.main) refers to main.o(i.SystemClock_Config) for SystemClock_Config
    main.o(i.main) refers to gpio.o(i.MX_GPIO_Init) for MX_GPIO_Init
    main.o(i.main) refers to dma.o(i.MX_DMA_Init) for MX_DMA_Init
    main.o(i.main) refers to adc.o(i.MX_ADC1_Init) for MX_ADC1_Init
    main.o(i.main) refers to can.o(i.MX_CAN1_Init) for MX_CAN1_Init
    main.o(i.main) refers to can.o(i.MX_CAN2_Init) for MX_CAN2_Init
    main.o(i.main) refers to crc.o(i.MX_CRC_Init) for MX_CRC_Init
    main.o(i.main) refers to dac.o(i.MX_DAC_Init) for MX_DAC_Init
    main.o(i.main) refers to i2c.o(i.MX_I2C3_Init) for MX_I2C3_Init
    main.o(i.main) refers to rng.o(i.MX_RNG_Init) for MX_RNG_Init
    main.o(i.main) refers to spi.o(i.MX_SPI2_Init) for MX_SPI2_Init
    main.o(i.main) refers to spi.o(i.MX_SPI3_Init) for MX_SPI3_Init
    main.o(i.main) refers to tim.o(i.MX_TIM12_Init) for MX_TIM12_Init
    main.o(i.main) refers to usart.o(i.MX_UART5_Init) for MX_UART5_Init
    main.o(i.main) refers to usart.o(i.MX_USART1_UART_Init) for MX_USART1_UART_Init
    main.o(i.main) refers to usart.o(i.MX_USART3_UART_Init) for MX_USART3_UART_Init
    main.o(i.main) refers to usart.o(i.MX_USART6_UART_Init) for MX_USART6_UART_Init
    main.o(i.main) refers to tim.o(i.MX_TIM5_Init) for MX_TIM5_Init
    main.o(i.main) refers to tim.o(i.MX_TIM8_Init) for MX_TIM8_Init
    main.o(i.main) refers to tim.o(i.MX_TIM9_Init) for MX_TIM9_Init
    main.o(i.main) refers to fatfs.o(i.MX_FATFS_Init) for MX_FATFS_Init
    main.o(i.main) refers to tim.o(i.MX_TIM7_Init) for MX_TIM7_Init
    main.o(i.main) refers to tim.o(i.MX_TIM14_Init) for MX_TIM14_Init
    main.o(i.main) refers to adc.o(i.MX_ADC3_Init) for MX_ADC3_Init
[...]
    0x0800cf4c   0x0800cf4c   0x00000064   Code   RO        10250    i.PTP_GetArray32    usbh_mtp_ptp.o
    0x0800cfb0   0x0800cfb0   0x00000026   Code   RO        10255    i.PTP_GetStorageIDs  usbh_mtp_ptp.o
    0x0800cfd6   0x0800cfd6   0x00000132   Code   RO        10256    i.PTP_GetStorageInfo  usbh_mtp_ptp.o
    0x0800d108   0x0800d108   0x00000026   Code   RO        10257    i.PTP_GetString     usbh_mtp_ptp.o
    0x0800d12e   0x0800d12e   0x000000cc   Code   RO         9288    i.ParseCSDescriptors  usbh_audio.o
    0x0800d1fa   0x0800d1fa   0x00000002   PAD
    0x0800d1fc   0x0800d1fc   0x00000180   Code   RO        11604    i.ProcessMessage    dchmiapp.o
    0x0800d37c   0x0800d37c   0x00000034   Code   RO        10621    i.REBOOT            splcfun.o
    0x0800d3b0   0x0800d3b0   0x00000044   Code   RO        10622    i.RRES              splcfun.o
    0x0800d3f4   0x0800d3f4   0x00000094   Code   RO         5655    i.SPI_EndRxTransaction  stm32f4xx_hal_spi.o
    0x0800d488   0x0800d488   0x00000088   Code   RO         5656    i.SPI_EndRxTxTransaction  stm32f4xx_hal_spi.o
    0x0800d510   0x0800d510   0x000000d8   Code   RO         5661    i.SPI_WaitFlagStateUntilTimeout  stm32f4xx_hal_spi.o
    0x0800d5e8   0x0800d5e8   0x00000044   Code   RO        10625    i.SSET              splcfun.o
    0x0800d62c   0x0800d62c   0x000000d8   Code   RO        11229    i.STLAR             splclaser.o
    0x0800d704   0x0800d704   0x00000016   Code   RO        12921    i.SendStrings       hmidriver.o
    0x0800d71a   0x0800d71a   0x00000030   Code   RO        12922    i.SetBackLight      hmidriver.o
    0x0800d74a   0x0800d74a   0x00000052   Code   RO        12924    i.SetButtonValue    hmidriver.o
    0x0800d79c   0x0800d79c   0x00000052   Code   RO        12928    i.SetControlEnable  hmidriver.o
    0x0800d7ee   0x0800d7ee   0x00000052   Code   RO        12931    i.SetControlVisiable  hmidriver.o
    0x0800d840   0x0800d840   0x00000024   Code   RO         9510    i.SetLineCoding     usbh_cdc.o
    0x0800d864   0x0800d864   0x00000068   Code   RO        12940    i.SetProgressValue  hmidriver.o
    0x0800d8cc   0x0800d8cc   0x0000003c   Code   RO        12941    i.SetScreen         hmidriver.o
    0x0800d908   0x0800d908   0x0000008c   Code   RO        12946    i.SetTextInt32      hmidriver.o
    0x0800d994   0x0800d994   0x00000052   Code   RO        12948    i.SetTextValue      hmidriver.o
    0x0800d9e6   0x0800d9e6   0x0000000e   Code   RO          481    i.StartDefaultTask  freertos.o
    0x0800d9f4   0x0800d9f4   0x00000026   Code   RO        12108    i.StartMainAppTask  mainapp.o
    0x0800da1a   0x0800da1a   0x00000016   Code   RO         8228    i.SysTick_Handler   cmsis_os2.o
    0x0800da30   0x0800da30   0x000000b4   Code   RO           15    i.SystemClock_Config  main.o
    0x0800dae4   0x0800dae4   0x00000014   Code   RO         6303    i.SystemInit        system_stm32f4xx.o
    0x0800daf8   0x0800daf8   0x00000100   Code   RO        10631    i.T100MS            splcfun.o
    0x0800dbf8   0x0800dbf8   0x000000fc   Code   RO        10632    i.T10MS             splcfun.o
    0x0800dcf4   0x0800dcf4   0x000000f4   Code   RO        10633    i.TENV              splcfun.o
    0x0800dde8   0x0800dde8   0x00000018   Code   RO         1006    i.TIM8_TRG_COM_TIM14_IRQHandler  stm32f4xx_it.o
    0x0800de00   0x0800de00   0x00000018   Code   RO         1007    i.TIM8_UP_TIM13_IRQHandler  stm32f4xx_it.o
    0x0800de18   0x0800de18   0x000000e0   Code   RO         1607    i.TIM_Base_SetConfig  stm32f4xx_hal_tim.o
    0x0800def8   0x0800def8   0x00000022   Code   RO         1608    i.TIM_CCxChannelCmd  stm32f4xx_hal_tim.o
    0x0800df1a   0x0800df1a   0x00000016   Code   RO         1618    i.TIM_ETR_SetConfig  stm32f4xx_hal_tim.o
    0x0800df30   0x0800df30   0x00000012   Code   RO         1619    i.TIM_ITRx_SetConfig  stm32f4xx_hal_tim.o
    0x0800df42   0x0800df42   0x00000002   PAD
    0x0800df44   0x0800df44   0x00000070   Code   RO         1620    i.TIM_OC1_SetConfig  stm32f4xx_hal_tim.o
    0x0800dfb4   0x0800dfb4   0x0000007c   Code   RO         1621    i.TIM_OC2_SetConfig  stm32f4xx_hal_tim.o
    0x0800e030   0x0800e030   0x00000078   Code   RO         1622    i.TIM_OC3_SetConfig  stm32f4xx_hal_tim.o
    0x0800e0a8   0x0800e0a8   0x00000054   Code   RO         1623    i.TIM_OC4_SetConfig  stm32f4xx_hal_tim.o
    0x0800e0fc   0x0800e0fc   0x00000026   Code   RO         1625    i.TIM_TI1_ConfigInputStage  stm32f4xx_hal_tim.o
    0x0800e122   0x0800e122   0x00000028   Code   RO         1627    i.TIM_TI2_ConfigInputStage  stm32f4xx_hal_tim.o
    0x0800e14a   0x0800e14a   0x00000002   PAD
    0x0800e14c   0x0800e14c   0x000001f8   Code   RO        10634    i.TNTLC             splcfun.o
    0x0800e344   0x0800e344   0x00000012   Code   RO         5972    i.UART_DMAAbortOnError  stm32f4xx_hal_uart.o
    0x0800e356   0x0800e356   0x0000006c   Code   RO         5982    i.UART_EndRxTransfer  stm32f4xx_hal_uart.o
    0x0800e3c2   0x0800e3c2   0x00000020   Code   RO         5983    i.UART_EndTransmit_IT  stm32f4xx_hal_uart.o
    0x0800e3e2   0x0800e3e2   0x000000fc   Code   RO         5985    i.UART_Receive_IT   stm32f4xx_hal_uart.o
    0x0800e4de   0x0800e4de   0x00000002   PAD
    0x0800e4e0   0x0800e4e0   0x0000022c   Code   RO         5986    i.UART_SetConfig    stm32f4xx_hal_uart.o
    0x0800e70c   0x0800e70c   0x00000040   Code   RO         5988    i.UART_Start_Receive_IT  stm32f4xx_hal_uart.o
    0x0800e74c   0x0800e74c   0x00000060   Code   RO         5989    i.UART_Transmit_IT  stm32f4xx_hal_uart.o
    0x0800e7ac   0x0800e7ac   0x0000008c   Code   RO         5990    i.UART_WaitOnFlagUntilTimeout  stm32f4xx_hal_uart.o
    0x0800e838   0x0800e838   0x0000001c   Code   RO        11051    i.UPDAC0            splcdac.o
    0x0800e854   0x0800e854   0x0000001c   Code   RO        11052    i.UPDAC1            splcdac.o
    0x0800e870   0x0800e870   0x0000001c   Code   RO        11053    i.UPDAC2            splcdac.o
    0x0800e88c   0x0800e88c   0x0000001c   Code   RO        11054    i.UPDAC3            splcdac.o
    0x0800e8a8   0x0800e8a8   0x0000001c   Code   RO        11055    i.UPDAC4            splcdac.o
    0x0800e8c4   0x0800e8c4   0x0000001c   Code   RO        11056    i.UPDAC5            splcdac.o
    0x0800e8e0   0x0800e8e0   0x0000001c   Code   RO        11057    i.UPDAC6            splcdac.o
    0x0800e8fc   0x0800e8fc   0x0000001c   Code   RO        11058    i.UPDAC7            splcdac.o
    0x0800e918   0x0800e918   0x00000010   Code   RO         1008    i.USART3_IRQHandler  stm32f4xx_it.o
    0x0800e928   0x0800e928   0x000000c2   Code   RO         9289    i.USBH_AC_GetCur    usbh_audio.o
    0x0800e9ea   0x0800e9ea   0x000000c2   Code   RO         9290    i.USBH_AC_GetMax    usbh_audio.o
    0x0800eaac   0x0800eaac   0x000000c2   Code   RO         9291    i.USBH_AC_GetMin    usbh_audio.o
    0x0800eb6e   0x0800eb6e   0x000000c2   Code   RO         9292    i.USBH_AC_GetRes    usbh_audio.o
    0x0800ec30   0x0800ec30   0x0000009e   Code   RO         9293    i.USBH_AC_SetCur    usbh_audio.o
    0x0800ecce   0x0800ecce   0x00000002   Code   RO         9294    i.USBH_AUDIO_BufferEmptyCallback  usbh_audio.o
    0x0800ecd0   0x0800ecd0   0x00000122   Code   RO         9295    i.USBH_AUDIO_BuildHeadphonePath  usbh_audio.o
    0x0800edf2   0x0800edf2   0x000000ce   Code   RO         9296    i.USBH_AUDIO_BuildMicrophonePath  usbh_audio.o
    0x0800eec0   0x0800eec0   0x0000012c   Code   RO         9297    i.USBH_AUDIO_CSRequest  usbh_audio.o
    0x0800efec   0x0800efec   0x00000174   Code   RO         9299    i.USBH_AUDIO_ClassRequest  usbh_audio.o
    0x0800f160   0x0800f160   0x000000f8   Code   RO         9300    i.USBH_AUDIO_Control  usbh_audio.o
    0x0800f258   0x0800f258   0x00000124   Code   RO         9301    i.USBH_AUDIO_FindAudioStreamingIN  usbh_audio.o
    0x0800f37c   0x0800f37c   0x00000130   Code   RO         9302    i.USBH_AUDIO_FindAudioStreamingOUT  usbh_audio.o
    0x0800f4ac   0x0800f4ac   0x000000ec   Code   RO         9303    i.USBH_AUDIO_FindHIDControl  usbh_audio.o
    0x0800f598   0x0800f598   0x000000ee   Code   RO         9304    i.USBH_AUDIO_FindLinkedUnit  usbh_audio.o
    0x0800f686   0x0800f686   0x00000002   Code   RO         9305    i.USBH_AUDIO_FrequencySet  usbh_audio.o
    0x0800f688   0x0800f688   0x00000060   Code   RO         9307    i.USBH_AUDIO_HandleCSRequest  usbh_audio.o
    0x0800f6e8   0x0800f6e8   0x00000006   Code   RO         9308    i.USBH_AUDIO_InputStream  usbh_audio.o
    0x0800f6ee   0x0800f6ee   0x00000098   Code   RO         9309    i.USBH_AUDIO_InterfaceDeInit  usbh_audio.o
    0x0800f786   0x0800f786   0x000002a6   Code   RO         9310    i.USBH_AUDIO_InterfaceInit  usbh_audio.o
    0x0800fa2c   0x0800fa2c   0x000000b8   Code   RO         9311    i.USBH_AUDIO_OutputStream  usbh_audio.o
    0x0800fae4   0x0800fae4   0x000000aa   Code   RO         9312    i.USBH_AUDIO_ParseCSDescriptors  usbh_audio.o
    0x0800fb8e   0x0800fb8e   0x0000002e   Code   RO         9314    i.USBH_AUDIO_Process  usbh_audio.o
    0x0800fbbc   0x0800fbbc   0x00000006   Code   RO         9316    i.USBH_AUDIO_SOFProcess  usbh_audio.o
    0x0800fbc2   0x0800fbc2   0x000000b2   Code   RO         9317    i.USBH_AUDIO_SetControlAttribute  usbh_audio.o
    0x0800fc74   0x0800fc74   0x00000032   Code   RO         9318    i.USBH_AUDIO_SetEndpointControls  usbh_audio.o
    0x0800fca6   0x0800fca6   0x00000136   Code   RO         9323    i.USBH_AUDIO_Transmit  usbh_audio.o
    0x0800fddc   0x0800fddc   0x0000002a   Code   RO         9240    i.USBH_AllocPipe    usbh_pipes.o
    0x0800fe06   0x0800fe06   0x0000002a   Code   RO         9168    i.USBH_BulkReceiveData  usbh_ioreq.o
    0x0800fe30   0x0800fe30   0x00000034   Code   RO         9169    i.USBH_BulkSendData  usbh_ioreq.o
    0x0800fe64   0x0800fe64   0x00000030   Code   RO         9511    i.USBH_CDC_ClassRequest  usbh_cdc.o
    0x0800fe94   0x0800fe94   0x00000070   Code   RO         9514    i.USBH_CDC_InterfaceDeInit  usbh_cdc.o
    0x0800ff04   0x0800ff04   0x00000222   Code   RO         9515    i.USBH_CDC_InterfaceInit  usbh_cdc.o
    0x08010126   0x08010126   0x00000002   Code   RO         9516    i.USBH_CDC_LineCodingChanged  usbh_cdc.o
    0x08010128   0x08010128   0x000000c8   Code   RO         9517    i.USBH_CDC_Process  usbh_cdc.o
    0x080101f0   0x080101f0   0x00000002   Code   RO         9519    i.USBH_CDC_ReceiveCallback  usbh_cdc.o
    0x080101f2   0x080101f2   0x00000006   Code   RO         9520    i.USBH_CDC_SOFProcess  usbh_cdc.o
    0x080101f8   0x080101f8   0x00000002   Code   RO         9524    i.USBH_CDC_TransmitCallback  usbh_cdc.o
    0x080101fa   0x080101fa   0x00000012   Code   RO         9241    i.USBH_ClosePipe    usbh_pipes.o
    0x0801020c   0x0801020c   0x00000028   Code   RO         9054    i.USBH_ClrFeature   usbh_ctlreq.o
    0x08010234   0x08010234   0x0000002a   Code   RO         9170    i.USBH_CtlReceiveData  usbh_ioreq.o
    0x0801025e   0x0801025e   0x0000006c   Code   RO         9055    i.USBH_CtlReq       usbh_ctlreq.o
    0x080102ca   0x080102ca   0x00000034   Code   RO         9171    i.USBH_CtlSendData  usbh_ioreq.o
    0x080102fe   0x080102fe   0x00000026   Code   RO         9172    i.USBH_CtlSendSetup  usbh_ioreq.o
    0x08010324   0x08010324   0x0000000c   Code   RO         1303    i.USBH_Delay        usbh_conf.o
    0x08010330   0x08010330   0x00000050   Code   RO         8895    i.USBH_FindInterface  usbh_core.o
    0x08010380   0x08010380   0x0000003e   Code   RO         8896    i.USBH_FindInterfaceIndex  usbh_core.o
    0x080103be   0x080103be   0x0000001e   Code   RO         9242    i.USBH_FreePipe     usbh_pipes.o
    0x080103dc   0x080103dc   0x0000004a   Code   RO         9056    i.USBH_GetDescriptor  usbh_ctlreq.o
    0x08010426   0x08010426   0x00000028   Code   RO         9243    i.USBH_GetFreePipe  usbh_pipes.o
    0x0801044e   0x0801044e   0x00000012   Code   RO         9057    i.USBH_GetNextDesc  usbh_ctlreq.o
    0x08010460   0x08010460   0x0000003c   Code   RO         9058    i.USBH_Get_CfgDesc  usbh_ctlreq.o
    0x0801049c   0x0801049c   0x0000003c   Code   RO         9059    i.USBH_Get_DevDesc  usbh_ctlreq.o
    0x080104d8   0x080104d8   0x00000044   Code   RO         9060    i.USBH_Get_StringDesc  usbh_ctlreq.o
    0x0801051c   0x0801051c   0x0000002c   Code   RO         1304    i.USBH_Get_USB_Status  usbh_conf.o
    0x08010548   0x08010548   0x000000a6   Code   RO         9631    i.USBH_HID_ClassRequest  usbh_hid.o
    0x080105ee   0x080105ee   0x00000002   Code   RO         9632    i.USBH_HID_EventCallback  usbh_hid.o
    0x080105f0   0x080105f0   0x0000000e   Code   RO         9633    i.USBH_HID_FifoInit  usbh_hid.o
    0x080105fe   0x080105fe   0x00000052   Code   RO         9634    i.USBH_HID_FifoRead  usbh_hid.o
    0x08010650   0x08010650   0x00000060   Code   RO         9635    i.USBH_HID_FifoWrite  usbh_hid.o
    0x080106b0   0x080106b0   0x00000030   Code   RO         9764    i.USBH_HID_GetASCIICode  usbh_hid_keybd.o
    0x080106e0   0x080106e0   0x0000002c   Code   RO         9638    i.USBH_HID_GetHIDReportDescriptor  usbh_hid.o
    0x0801070c   0x0801070c   0x00000018   Code   RO         9765    i.USBH_HID_GetKeybdInfo  usbh_hid_keybd.o
    0x08010724   0x08010724   0x00000034   Code   RO         9640    i.USBH_HID_GetReport  usbh_hid.o
    0x08010758   0x08010758   0x00000058   Code   RO         9641    i.USBH_HID_InterfaceDeInit  usbh_hid.o
    0x080107b0   0x080107b0   0x00000224   Code   RO         9642    i.USBH_HID_InterfaceInit  usbh_hid.o
    0x080109d4   0x080109d4   0x000000d8   Code   RO         9766    i.USBH_HID_KeybdDecode  usbh_hid_keybd.o
    0x08010aac   0x08010aac   0x00000060   Code   RO         9767    i.USBH_HID_KeybdInit  usbh_hid_keybd.o
    0x08010b0c   0x08010b0c   0x0000005c   Code   RO         9812    i.USBH_HID_MouseInit  usbh_hid_mouse.o
    0x08010b68   0x08010b68   0x00000060   Code   RO         9643    i.USBH_HID_ParseHIDDesc  usbh_hid.o
    0x08010bc8   0x08010bc8   0x00000134   Code   RO         9644    i.USBH_HID_Process  usbh_hid.o
    0x08010cfc   0x08010cfc   0x00000032   Code   RO         9645    i.USBH_HID_SOFProcess  usbh_hid.o
    0x08010d2e   0x08010d2e   0x00000028   Code   RO         9646    i.USBH_HID_SetIdle  usbh_hid.o
    0x08010d56   0x08010d56   0x0000002c   Code   RO         9647    i.USBH_HID_SetProtocol  usbh_hid.o
    0x08010d82   0x08010d82   0x0000028e   Code   RO         9061    i.USBH_HandleControl  usbh_ctlreq.o
    0x08011010   0x08011010   0x000002fe   Code   RO         8898    i.USBH_HandleEnum   usbh_core.o
    0x0801130e   0x0801130e   0x0000001c   Code   RO         8899    i.USBH_HandleSof    usbh_core.o
    0x0801132a   0x0801132a   0x00000002   PAD
    0x0801132c   0x0801132c   0x00000088   Code   RO         8900    i.USBH_Init         usbh_core.o
    0x080113b4   0x080113b4   0x0000002a   Code   RO         9173    i.USBH_InterruptReceiveData  usbh_ioreq.o
    0x080113de   0x080113de   0x0000002e   Code   RO         9176    i.USBH_IsocSendData  usbh_ioreq.o
    0x0801140c   0x0801140c   0x00000006   Code   RO         1306    i.USBH_LL_ClosePipe  usbh_conf.o
    0x08011412   0x08011412   0x00000024   Code   RO         8902    i.USBH_LL_Connect   usbh_core.o
    0x08011436   0x08011436   0x0000003a   Code   RO         8903    i.USBH_LL_Disconnect  usbh_core.o
    0x08011470   0x08011470   0x0000001e   Code   RO         1308    i.USBH_LL_DriverVBUS  usbh_conf.o
    0x0801148e   0x0801148e   0x00000012   Code   RO         1309    i.USBH_LL_GetLastXferSize  usbh_conf.o
    0x080114a0   0x080114a0   0x00000030   Code   RO         1310    i.USBH_LL_GetSpeed  usbh_conf.o
    0x080114d0   0x080114d0   0x0000003e   Code   RO         1311    i.USBH_LL_GetToggle  usbh_conf.o
    0x0801150e   0x0801150e   0x00000012   Code   RO         1312    i.USBH_LL_GetURBState  usbh_conf.o
    0x08011520   0x08011520   0x00000016   Code   RO         8904    i.USBH_LL_IncTimer  usbh_core.o
    0x08011536   0x08011536   0x00000002   PAD
    0x08011538   0x08011538   0x00000058   Code   RO         1313    i.USBH_LL_Init      usbh_conf.o
    0x08011590   0x08011590   0x00000014   Code   RO         8905    i.USBH_LL_NotifyURBChange  usbh_core.o
    0x080115a4   0x080115a4   0x00000040   Code   RO         1314    i.USBH_LL_OpenPipe  usbh_conf.o
    0x080115e4   0x080115e4   0x0000000e   Code   RO         8906    i.USBH_LL_PortDisabled  usbh_core.o
    0x080115f2   0x080115f2   0x00000016   Code   RO         8907    i.USBH_LL_PortEnabled  usbh_core.o
    0x08011608   0x08011608   0x0000001e   Code   RO         1315    i.USBH_LL_ResetPort  usbh_conf.o
    0x08011626   0x08011626   0x00000006   Code   RO         8908    i.USBH_LL_SetTimer  usbh_core.o
    0x0801162c   0x0801162c   0x0000003e   Code   RO         1316    i.USBH_LL_SetToggle  usbh_conf.o
    0x0801166a   0x0801166a   0x0000001e   Code   RO         1317    i.USBH_LL_Start     usbh_conf.o
    0x08011688   0x08011688   0x0000001e   Code   RO         1318    i.USBH_LL_Stop      usbh_conf.o
    0x080116a6   0x080116a6   0x00000040   Code   RO         1319    i.USBH_LL_SubmitURB  usbh_conf.o
    0x080116e6   0x080116e6   0x0000003c   Code   RO         9970    i.USBH_MSC_BOT_Abort  usbh_msc_bot.o
    0x08011722   0x08011722   0x00000002   PAD
    0x08011724   0x08011724   0x00000028   Code   RO         9971    i.USBH_MSC_BOT_Init  usbh_msc_bot.o
    0x0801174c   0x0801174c   0x000002ea   Code   RO         9972    i.USBH_MSC_BOT_Process  usbh_msc_bot.o
    0x08011a36   0x08011a36   0x00000024   Code   RO         9973    i.USBH_MSC_BOT_REQ_GetMaxLUN  usbh_msc_bot.o
    0x08011a5a   0x08011a5a   0x00000020   Code   RO         9974    i.USBH_MSC_BOT_REQ_Reset  usbh_msc_bot.o
    0x08011a7a   0x08011a7a   0x0000009c   Code   RO         9879    i.USBH_MSC_ClassRequest  usbh_msc.o
    0x08011b16   0x08011b16   0x00000002   PAD
    0x08011b18   0x08011b18   0x00000058   Code   RO         9975    i.USBH_MSC_DecodeCSW  usbh_msc_bot.o
    0x08011b70   0x08011b70   0x0000003c   Code   RO         9880    i.USBH_MSC_GetLUNInfo  usbh_msc.o
    0x08011bac   0x08011bac   0x00000058   Code   RO         9882    i.USBH_MSC_InterfaceDeInit  usbh_msc.o
    0x08011c04   0x08011c04   0x000001c0   Code   RO         9883    i.USBH_MSC_InterfaceInit  usbh_msc.o
    0x08011dc4   0x08011dc4   0x00000556   Code   RO         9885    i.USBH_MSC_Process  usbh_msc.o
    0x0801231a   0x0801231a   0x00000192   Code   RO         9886    i.USBH_MSC_RdWrProcess  usbh_msc.o
    0x080124ac   0x080124ac   0x00000090   Code   RO         9887    i.USBH_MSC_Read     usbh_msc.o
    0x0801253c   0x0801253c   0x00000100   Code   RO        10022    i.USBH_MSC_SCSI_Inquiry  usbh_msc_scsi.o
    0x0801263c   0x0801263c   0x000000b4   Code   RO        10023    i.USBH_MSC_SCSI_Read  usbh_msc_scsi.o
    0x080126f0   0x080126f0   0x000000a8   Code   RO        10024    i.USBH_MSC_SCSI_ReadCapacity  usbh_msc_scsi.o
    0x08012798   0x08012798   0x000000c0   Code   RO        10025    i.USBH_MSC_SCSI_RequestSense  usbh_msc_scsi.o
    0x08012858   0x08012858   0x00000062   Code   RO        10026    i.USBH_MSC_SCSI_TestUnitReady  usbh_msc_scsi.o
    0x080128ba   0x080128ba   0x000000b4   Code   RO        10027    i.USBH_MSC_SCSI_Write  usbh_msc_scsi.o
    0x0801296e   0x0801296e   0x00000006   Code   RO         9888    i.USBH_MSC_SOFProcess  usbh_msc.o
    0x08012974   0x08012974   0x00000030   Code   RO         9889    i.USBH_MSC_UnitIsReady  usbh_msc.o
    0x080129a4   0x080129a4   0x00000090   Code   RO         9890    i.USBH_MSC_Write    usbh_msc.o
    0x08012a34   0x08012a34   0x00000014   Code   RO        10080    i.USBH_MTP_ClassRequest  usbh_mtp.o
    0x08012a48   0x08012a48   0x000000b0   Code   RO        10082    i.USBH_MTP_Events   usbh_mtp.o
    0x08012af8   0x08012af8   0x00000002   Code   RO        10083    i.USBH_MTP_EventsCallback  usbh_mtp.o
    0x08012afa   0x08012afa   0x000000a0   Code   RO        10095    i.USBH_MTP_InterfaceDeInit  usbh_mtp.o
    0x08012b9a   0x08012b9a   0x0000026e   Code   RO        10096    i.USBH_MTP_InterfaceInit  usbh_mtp.o
    0x08012e08   0x08012e08   0x00000188   Code   RO        10098    i.USBH_MTP_Process  usbh_mtp.o
    0x08012f90   0x08012f90   0x00000006   Code   RO        10099    i.USBH_MTP_SOFProcess  usbh_mtp.o
    0x08012f96   0x08012f96   0x0000002e   Code   RO         8909    i.USBH_OS_PutMessage  usbh_core.o
    0x08012fc4   0x08012fc4   0x0000002a   Code   RO         9244    i.USBH_OpenPipe     usbh_pipes.o
    0x08012fee   0x08012fee   0x000000b8   Code   RO        10259    i.USBH_PTP_GetDeviceInfo  usbh_mtp_ptp.o
    0x080130a6   0x080130a6   0x0000004e   Code   RO        10269    i.USBH_PTP_GetResponse  usbh_mtp_ptp.o
    0x080130f4   0x080130f4   0x000000b8   Code   RO        10270    i.USBH_PTP_GetStorageIds  usbh_mtp_ptp.o
    0x080131ac   0x080131ac   0x000000c2   Code   RO        10271    i.USBH_PTP_GetStorageInfo  usbh_mtp_ptp.o
    0x0801326e   0x0801326e   0x0000001a   Code   RO        10272    i.USBH_PTP_Init     usbh_mtp_ptp.o
    0x08013288   0x08013288   0x00000092   Code   RO        10273    i.USBH_PTP_OpenSession  usbh_mtp_ptp.o
    0x0801331a   0x0801331a   0x000003ae   Code   RO        10274    i.USBH_PTP_Process  usbh_mtp_ptp.o
    0x080136c8   0x080136c8   0x00000066   Code   RO        10276    i.USBH_PTP_SendRequest  usbh_mtp_ptp.o
    0x0801372e   0x0801372e   0x0000015e   Code   RO         9062    i.USBH_ParseCfgDesc  usbh_ctlreq.o
    0x0801388c   0x0801388c   0x000000b2   Code   RO         9063    i.USBH_ParseDevDesc  usbh_ctlreq.o
    0x0801393e   0x0801393e   0x00000128   Code   RO         9064    i.USBH_ParseEPDesc  usbh_ctlreq.o
    0x08013a66   0x08013a66   0x00000026   Code   RO         9065    i.USBH_ParseInterfaceDesc  usbh_ctlreq.o
    0x08013a8c   0x08013a8c   0x00000036   Code   RO         9066    i.USBH_ParseStringDesc  usbh_ctlreq.o
    0x08013ac2   0x08013ac2   0x0000035a   Code   RO         8910    i.USBH_Process      usbh_core.o
    0x08013e1c   0x08013e1c   0x00000024   Code   RO         8911    i.USBH_Process_OS   usbh_core.o
    0x08013e40   0x08013e40   0x00000034   Code   RO         8913    i.USBH_RegisterClass  usbh_core.o
    0x08013e74   0x08013e74   0x00000028   Code   RO         8914    i.USBH_SelectInterface  usbh_core.o
    0x08013e9c   0x08013e9c   0x00000028   Code   RO         9067    i.USBH_SetAddress   usbh_ctlreq.o
    0x08013ec4   0x08013ec4   0x00000028   Code   RO         9068    i.USBH_SetCfg       usbh_ctlreq.o
    0x08013eec   0x08013eec   0x00000028   Code   RO         9069    i.USBH_SetFeature   usbh_ctlreq.o
    0x08013f14   0x08013f14   0x0000002a   Code   RO         9070    i.USBH_SetInterface  usbh_ctlreq.o
    0x08013f3e   0x08013f3e   0x00000016   Code   RO         8915    i.USBH_Start        usbh_core.o
    0x08013f54   0x08013f54   0x00000038   Code   RO         1248    i.USBH_UserProcess  usb_host.o
    0x08013f8c   0x08013f8c   0x00000006   Code   RO         1155    i.USBH_initialize   usbh_diskio.o
    0x08013f92   0x08013f92   0x00000002   PAD
    0x08013f94   0x08013f94   0x00000084   Code   RO         1156    i.USBH_ioctl        usbh_diskio.o
    0x08014018   0x08014018   0x00000068   Code   RO         1157    i.USBH_read         usbh_diskio.o
    0x08014080   0x08014080   0x00000020   Code   RO         1158    i.USBH_status       usbh_diskio.o
    0x080140a0   0x080140a0   0x00000074   Code   RO         1159    i.USBH_write        usbh_diskio.o
    0x08014114   0x08014114   0x0000008c   Code   RO         2695    i.USB_CoreInit      stm32f4xx_ll_usb.o
    0x080141a0   0x080141a0   0x00000062   Code   RO         2696    i.USB_CoreReset     stm32f4xx_ll_usb.o
    0x08014202   0x08014202   0x0000000e   Code   RO         2703    i.USB_DisableGlobalInt  stm32f4xx_ll_usb.o
    0x08014210   0x08014210   0x00000044   Code   RO         2704    i.USB_DoPing        stm32f4xx_ll_usb.o
    0x08014254   0x08014254   0x0000004a   Code   RO         2705    i.USB_DriveVbus     stm32f4xx_ll_usb.o
    0x0801429e   0x0801429e   0x0000000e   Code   RO         2711    i.USB_EnableGlobalInt  stm32f4xx_ll_usb.o
    0x080142ac   0x080142ac   0x00000050   Code   RO         2712    i.USB_FlushRxFifo   stm32f4xx_ll_usb.o
    0x080142fc   0x080142fc   0x00000054   Code   RO         2713    i.USB_FlushTxFifo   stm32f4xx_ll_usb.o
    0x08014350   0x08014350   0x0000000e   Code   RO         2714    i.USB_GetCurrentFrame  stm32f4xx_ll_usb.o
    0x0801435e   0x0801435e   0x00000018   Code   RO         2716    i.USB_GetHostSpeed  stm32f4xx_ll_usb.o
    0x08014376   0x08014376   0x0000000a   Code   RO         2717    i.USB_GetMode       stm32f4xx_ll_usb.o
    0x08014380   0x08014380   0x000001b6   Code   RO         2718    i.USB_HC_Halt       stm32f4xx_ll_usb.o
    0x08014536   0x08014536   0x00000002   PAD
    0x08014538   0x08014538   0x000001d4   Code   RO         2719    i.USB_HC_Init       stm32f4xx_ll_usb.o
    0x0801470c   0x0801470c   0x0000000e   Code   RO         2720    i.USB_HC_ReadInterrupt  stm32f4xx_ll_usb.o
    0x0801471a   0x0801471a   0x00000002   PAD
    0x0801471c   0x0801471c   0x00000388   Code   RO         2721    i.USB_HC_StartXfer  stm32f4xx_ll_usb.o
    0x08014aa4   0x08014aa4   0x00000100   Code   RO         2722    i.USB_HostInit      stm32f4xx_ll_usb.o
    0x08014ba4   0x08014ba4   0x0000004a   Code   RO         2723    i.USB_InitFSLSPClkSel  stm32f4xx_ll_usb.o
    0x08014bee   0x08014bee   0x0000001e   Code   RO         2724    i.USB_ReadChInterrupts  stm32f4xx_ll_usb.o
    0x08014c0c   0x08014c0c   0x0000000a   Code   RO         2729    i.USB_ReadInterrupts  stm32f4xx_ll_usb.o
    0x08014c16   0x08014c16   0x00000060   Code   RO         2730    i.USB_ReadPacket    stm32f4xx_ll_usb.o
    0x08014c76   0x08014c76   0x0000003c   Code   RO         2731    i.USB_ResetPort     stm32f4xx_ll_usb.o
    0x08014cb2   0x08014cb2   0x00000068   Code   RO         2732    i.USB_SetCurrentMode  stm32f4xx_ll_usb.o
    0x08014d1a   0x08014d1a   0x000000c6   Code   RO         2737    i.USB_StopHost      stm32f4xx_ll_usb.o
    0x08014de0   0x08014de0   0x00000044   Code   RO         2738    i.USB_WritePacket   stm32f4xx_ll_usb.o
    0x08014e24   0x08014e24   0x00000004   Code   RO         1009    i.UsageFault_Handler  stm32f4xx_it.o
    0x08014e28   0x08014e28   0x00000030   Code   RO        14104    i.__ARM_fpclassify  m_wm.l(fpclassify.o)
    0x08014e58   0x08014e58   0x00000010   Code   RO         3806    i.__NVIC_GetPriorityGrouping  stm32f4xx_hal_cortex.o
    0x08014e68   0x08014e68   0x00000028   Code   RO         3807    i.__NVIC_SetPriority  stm32f4xx_hal_cortex.o
    0x08014e90   0x08014e90   0x00000006   Code   RO         8230    i.__get_IPSR        cmsis_os2.o
    0x08014e96   0x08014e96   0x00000002   PAD
    0x08014e98   0x08014e98   0x000000f8   Code   RO        14106    i.__hardfp___mathlib_tofloat  m_wm.l(narrow.o)
    0x08014f90   0x08014f90   0x000000d0   Code   RO        14188    i.__hardfp_ldexp    m_wm.l(ldexp.o)
    0x08015060   0x08015060   0x000003c4   Code   RO        13851    i.__hardfp_log      m_wm.l(log.o)
    0x08015424   0x08015424   0x000000f8   Code   RO        13996    i.__kernel_poly     m_wm.l(poly.o)
    0x0801551c   0x0801551c   0x00000004   PAD
    0x08015520   0x08015520   0x00000030   Code   RO        13982    i.__mathlib_dbl_divzero  m_wm.l(dunder.o)
    0x08015550   0x08015550   0x00000014   Code   RO        13983    i.__mathlib_dbl_infnan  m_wm.l(dunder.o)
    0x08015564   0x08015564   0x00000004   PAD
    0x08015568   0x08015568   0x00000020   Code   RO        13985    i.__mathlib_dbl_invalid  m_wm.l(dunder.o)
    0x08015588   0x08015588   0x00000020   Code   RO        13986    i.__mathlib_dbl_overflow  m_wm.l(dunder.o)
    0x080155a8   0x080155a8   0x00000020   Code   RO        13988    i.__mathlib_dbl_underflow  m_wm.l(dunder.o)
    0x080155c8   0x080155c8   0x00000012   Code   RO        14107    i.__mathlib_narrow  m_wm.l(narrow.o)
    0x080155da   0x080155da   0x00000014   Code   RO        14190    i.__support_ldexp   m_wm.l(ldexp.o)
    0x080155ee   0x080155ee   0x0000000e   Code   RO        13770    i._is_digit         c_w.l(__printf_wp.o)
    0x080155fc   0x080155fc   0x00000004   Code   RO        12680    i._sys_exit         libdbg.o
    0x08015600   0x08015600   0x00000004   Code   RO        12681    i._ttywrch          libdbg.o
    0x08015604   0x08015604   0x0000004c   Code   RO        12137    i.addAcousticEnergy  mainapplib.o
    0x08015650   0x08015650   0x0000004c   Code   RO        12138    i.addAcousticTime   mainapplib.o
    0x0801569c   0x0801569c   0x000000ec   Code   RO        12346    i.calculate_target_speed  fan_controller.o
    0x08015788   0x08015788   0x0000008a   Code   RO         6394    i.change_bitmap     ff.o
    0x08015812   0x08015812   0x0000001e   Code   RO        11407    i.checkBlank        splceprom.o
    0x08015830   0x08015830   0x0000009c   Code   RO         6395    i.check_fs          ff.o
    0x080158cc   0x080158cc   0x00000014   Code   RO         6396    i.chk_chr           ff.o
    0x080158e0   0x080158e0   0x0000007c   Code   RO         6397    i.chk_lock          ff.o
    0x0801595c   0x0801595c   0x00000120   Code   RO        11408    i.clearEprom        splceprom.o
    0x08015a7c   0x08015a7c   0x00000020   Code   RO        11605    i.clearReleaseTimeEnergy  dchmiapp.o
    0x08015a9c   0x08015a9c   0x00000028   Code   RO         6398    i.clear_lock        ff.o
    0x08015ac4   0x08015ac4   0x00000062   Code   RO         6399    i.clmt_clust        ff.o
    0x08015b26   0x08015b26   0x0000001a   Code   RO         6400    i.clust2sect        ff.o
    0x08015b40   0x08015b40   0x00000098   Code   RO         6401    i.cmp_lfn           ff.o
    0x08015bd8   0x08015bd8   0x00000368   Code   RO        11606    i.confirmBootloadUpdate  dchmiapp.o
    0x08015f40   0x08015f40   0x0000003c   Code   RO        12614    i.crc32Calculate    libcrc.o
    0x08015f7c   0x08015f7c   0x0000002c   Code   RO        12615    i.crc32CalculateAdd  libcrc.o
    0x08015fa8   0x08015fa8   0x00000010   Code   RO        12616    i.crc32Clear        libcrc.o
    0x08015fb8   0x08015fb8   0x00000188   Code   RO         6402    i.create_chain      ff.o
    0x08016140   0x08016140   0x00000230   Code   RO         6403    i.create_name       ff.o
    0x08016370   0x08016370   0x00000092   Code   RO         6404    i.create_xdir       ff.o
    0x08016402   0x08016402   0x00000002   PAD
    0x08016404   0x08016404   0x00000034   Code   RO        11059    i.dac8568_Init      splcdac.o
    0x08016438   0x08016438   0x00000080   Code   RO        11061    i.dac8568_Send32BitData  splcdac.o
    0x080164b8   0x080164b8   0x00000014   Code   RO        11063    i.dac8568_SoftReset  splcdac.o
    0x080164cc   0x080164cc   0x000024dc   Code   RO        11607    i.dcHmiLoop         dchmiapp.o
    0x080189a8   0x080189a8   0x0000017c   Code   RO        11608    i.dcHmiLoopInit     dchmiapp.o
    0x08018b24   0x08018b24   0x0000004c   Code   RO        12139    i.decAcousticEnergy  mainapplib.o
    0x08018b70   0x08018b70   0x0000004c   Code   RO        12140    i.decAcousticTime   mainapplib.o
    0x08018bbc   0x08018bbc   0x00000044   Code   RO         6405    i.dec_lock          ff.o
    0x08018c00   0x08018c00   0x0000007c   Code   RO         6406    i.dir_alloc         ff.o
    0x08018c7c   0x08018c7c   0x000001a8   Code   RO         6407    i.dir_find          ff.o
    0x08018e24   0x08018e24   0x00000120   Code   RO         6408    i.dir_next          ff.o
    0x08018f44   0x08018f44   0x00000102   Code   RO         6409    i.dir_read          ff.o
    0x08019046   0x08019046   0x0000021c   Code   RO         6410    i.dir_register      ff.o
    0x08019262   0x08019262   0x000000aa   Code   RO         6412    i.dir_sdi           ff.o
    0x0801930c   0x0801930c   0x00000030   Code   RO         6339    i.disk_initialize   diskio.o
    0x0801933c   0x0801933c   0x00000028   Code   RO         6340    i.disk_ioctl        diskio.o
    0x08019364   0x08019364   0x00000030   Code   RO         6341    i.disk_read         diskio.o
    0x08019394   0x08019394   0x0000001c   Code   RO         6342    i.disk_status       diskio.o
    0x080193b0   0x080193b0   0x00000030   Code   RO         6343    i.disk_write        diskio.o
    0x080193e0   0x080193e0   0x00000028   Code   RO         6413    i.enq_lock          ff.o
    0x08019408   0x08019408   0x00000108   Code   RO        11410    i.epromRead         splceprom.o
    0x08019510   0x08019510   0x00000108   Code   RO        11413    i.epromReadDword    splceprom.o
    0x08019618   0x08019618   0x00000114   Code   RO        11416    i.epromWrite        splceprom.o
    0x0801972c   0x0801972c   0x00000100   Code   RO        11417    i.epromWriteByte    splceprom.o
    0x0801982c   0x0801982c   0x00000108   Code   RO        11418    i.epromWriteDword   splceprom.o
    0x08019934   0x08019934   0x00000088   Code   RO        11419    i.epromWriteEnable  splceprom.o
    0x080199bc   0x080199bc   0x00000070   Code   RO        11609    i.exitBootloadUpdate  dchmiapp.o
    0x08019a2c   0x08019a2c   0x00000034   Code   RO         6415    i.f_close           ff.o
    0x08019a60   0x08019a60   0x000004f6   Code   RO         6424    i.f_lseek           ff.o
    0x08019f56   0x08019f56   0x00000002   PAD
    0x08019f58   0x08019f58   0x00000084   Code   RO         6427    i.f_mount           ff.o
    0x08019fdc   0x08019fdc   0x000003d8   Code   RO         6428    i.f_open            ff.o
    0x0801a3b4   0x0801a3b4   0x0000027c   Code   RO         6433    i.f_read            ff.o
    0x0801a630   0x0801a630   0x000001c0   Code   RO         6438    i.f_sync            ff.o
    0x0801a7f0   0x0801a7f0   0x0000025c   Code   RO        11610    i.faultLoop         dchmiapp.o
    0x0801aa4c   0x0801aa4c   0x0000004c   Code   RO         7028    i.ff_convert        ccsbcs.o
    0x0801aa98   0x0801aa98   0x0000001e   Code   RO         6968    i.ff_cre_syncobj    syscall.o
    0x0801aab6   0x0801aab6   0x0000000e   Code   RO         6969    i.ff_del_syncobj    syscall.o
    0x0801aac4   0x0801aac4   0x0000000c   Code   RO         6970    i.ff_memalloc       syscall.o
    0x0801aad0   0x0801aad0   0x0000000c   Code   RO         6971    i.ff_memfree        syscall.o
    0x0801aadc   0x0801aadc   0x0000000c   Code   RO         6972    i.ff_rel_grant      syscall.o
    0x0801aae8   0x0801aae8   0x00000018   Code   RO         6973    i.ff_req_grant      syscall.o
    0x0801ab00   0x0801ab00   0x000000a4   Code   RO         7029    i.ff_wtoupper       ccsbcs.o
    0x0801aba4   0x0801aba4   0x00000036   Code   RO         6443    i.fill_first_frag   ff.o
    0x0801abda   0x0801abda   0x00000044   Code   RO         6444    i.fill_last_frag    ff.o
    0x0801ac1e   0x0801ac1e   0x000000a4   Code   RO         6445    i.find_bitmap       ff.o
    0x0801acc2   0x0801acc2   0x00000002   PAD
    0x0801acc4   0x0801acc4   0x0000047c   Code   RO         6446    i.find_volume       ff.o
    0x0801b140   0x0801b140   0x000006a8   Code   RO        12141    i.fitLaserToCode    mainapplib.o
    0x0801b7e8   0x0801b7e8   0x000000e4   Code   RO         6447    i.follow_path       ff.o
    0x0801b8cc   0x0801b8cc   0x00000020   Code   RO        12683    i.fputc             libdbg.o
    0x0801b8ec   0x0801b8ec   0x00000004   PAD
    0x0801b8f0   0x0801b8f0   0x0000008c   Code   RO        14151    i.frexp             m_wm.l(frexp.o)
    0x0801b97c   0x0801b97c   0x000000b4   Code   RO         6448    i.gen_numname       ff.o
    0x0801ba30   0x0801ba30   0x00000026   Code   RO        12143    i.getLcdDuty        mainapplib.o
    0x0801ba56   0x0801ba56   0x00000002   PAD
    0x0801ba58   0x0801ba58   0x00000028   Code   RO        12522    i.getOriginAppCrc   libcpu.o
    0x0801ba80   0x0801ba80   0x00000028   Code   RO        12523    i.getOriginBootloadCrc  libcpu.o
    0x0801baa8   0x0801baa8   0x00000186   Code   RO         6450    i.get_fat           ff.o
    0x0801bc2e   0x0801bc2e   0x00000004   Code   RO         1211    i.get_fattime       fatfs.o
    0x0801bc32   0x0801bc32   0x00000048   Code   RO         6452    i.get_ldnumber      ff.o
    0x0801bc7a   0x0801bc7a   0x00000002   PAD
    0x0801bc7c   0x0801bc7c   0x00000018   Code   RO        12293    i.goLastScheme      preschemedual_450.o
    0x0801bc94   0x0801bc94   0x00000018   Code   RO        12294    i.goNextScheme      preschemedual_450.o
    0x0801bcac   0x0801bcac   0x00000020   Code   RO        13603    i.hmiUartErrorReset  hmiuseruart.o
    0x0801bccc   0x0801bccc   0x0000008c   Code   RO        13604    i.hmiUartInit       hmiuseruart.o
    0x0801bd58   0x0801bd58   0x0000006c   Code   RO        13605    i.hmiUartSendChar   hmiuseruart.o
    0x0801bdc4   0x0801bdc4   0x000000bc   Code   RO         6454    i.inc_lock          ff.o
    0x0801be80   0x0801be80   0x0000003c   Code   RO        11611    i.isLegalUsbDev     dchmiapp.o
    0x0801bebc   0x0801bebc   0x0000004a   Code   RO        12144    i.keyRuleAdd        mainapplib.o
    0x0801bf06   0x0801bf06   0x0000004a   Code   RO        12145    i.keyRuleDec        mainapplib.o
    0x0801bf50   0x0801bf50   0x0000006c   Code   RO        11230    i.laserStart        splclaser.o
    0x0801bfbc   0x0801bfbc   0x00000058   Code   RO        11231    i.laserStop         splclaser.o
    0x0801c014   0x0801c014   0x00000026   Code   RO         6455    i.ld_clust          ff.o
    0x0801c03a   0x0801c03a   0x00000018   Code   RO         6456    i.ld_dword          ff.o
    0x0801c052   0x0801c052   0x00000062   Code   RO         6457    i.ld_qword          ff.o
    0x0801c0b4   0x0801c0b4   0x0000000c   Code   RO         6458    i.ld_word           ff.o
    0x0801c0c0   0x0801c0c0   0x000001f4   Code   RO        11421    i.listEpromTable    splceprom.o
    0x0801c2b4   0x0801c2b4   0x00000144   Code   RO        11301    i.loadDeviceConfig  splcmisc.o
    0x0801c3f8   0x0801c3f8   0x000002bc   Code   RO        12295    i.loadSelectScheme  preschemedual_450.o
    0x0801c6b4   0x0801c6b4   0x0000003c   Code   RO         6459    i.load_obj_dir      ff.o
    0x0801c6f0   0x0801c6f0   0x00000102   Code   RO         6460    i.load_xdir         ff.o
    0x0801c7f2   0x0801c7f2   0x00000016   Code   RO         6461    i.lock_fs           ff.o
    0x0801c808   0x0801c808   0x00000074   Code   RO           16    i.main              main.o
    0x0801c87c   0x0801c87c   0x00000024   Code   RO         6462    i.mem_cmp           ff.o
    0x0801c8a0   0x0801c8a0   0x0000001a   Code   RO         6463    i.mem_cpy           ff.o
    0x0801c8ba   0x0801c8ba   0x00000012   Code   RO         6464    i.mem_set           ff.o
    0x0801c8cc   0x0801c8cc   0x00000034   Code   RO         6465    i.move_window       ff.o
    0x0801c900   0x0801c900   0x0000001e   Code   RO         8231    i.osDelay           cmsis_os2.o
    0x0801c91e   0x0801c91e   0x00000002   PAD
    0x0801c920   0x0801c920   0x0000002c   Code   RO         8245    i.osKernelInitialize  cmsis_os2.o
    0x0801c94c   0x0801c94c   0x00000060   Code   RO         8248    i.osKernelStart     cmsis_os2.o
    0x0801c9ac   0x0801c9ac   0x00000080   Code   RO         8260    i.osMessageQueueGet  cmsis_os2.o
    0x0801ca2c   0x0801ca2c   0x0000004a   Code   RO         8264    i.osMessageQueueGetSpace  cmsis_os2.o
    0x0801ca76   0x0801ca76   0x0000009a   Code   RO         8265    i.osMessageQueueNew  cmsis_os2.o
    0x0801cb10   0x0801cb10   0x00000084   Code   RO         8266    i.osMessageQueuePut  cmsis_os2.o
    0x0801cb94   0x0801cb94   0x00000062   Code   RO         8268    i.osMutexAcquire    cmsis_os2.o
    0x0801cbf6   0x0801cbf6   0x0000002e   Code   RO         8269    i.osMutexDelete     cmsis_os2.o
    0x0801cc24   0x0801cc24   0x000000b2   Code   RO         8271    i.osMutexNew        cmsis_os2.o
    0x0801ccd6   0x0801ccd6   0x0000004e   Code   RO         8272    i.osMutexRelease    cmsis_os2.o
    0x0801cd24   0x0801cd24   0x000000b8   Code   RO         8290    i.osThreadNew       cmsis_os2.o
    0x0801cddc   0x0801cddc   0x00000088   Code   RO         6467    i.pick_lfn          ff.o
    0x0801ce64   0x0801ce64   0x00000204   Code   RO        11615    i.powerDown         dchmiapp.o
    0x0801d068   0x0801d068   0x0000007c   Code   RO        11616    i.powerUp           dchmiapp.o
    0x0801d0e4   0x0801d0e4   0x0000007c   Code   RO         7641    i.prvAddCurrentTaskToDelayedList  tasks.o
    0x0801d160   0x0801d160   0x000000b8   Code   RO         7642    i.prvAddNewTaskToReadyList  tasks.o
    0x0801d218   0x0801d218   0x00000074   Code   RO         8041    i.prvCheckForValidListAndQueue  timers.o
    0x0801d28c   0x0801d28c   0x00000048   Code   RO         7643    i.prvCheckTasksWaitingTermination  tasks.o
    0x0801d2d4   0x0801d2d4   0x0000002a   Code   RO         7228    i.prvCopyDataFromQueue  queue.o
    0x0801d2fe   0x0801d2fe   0x0000007e   Code   RO         7229    i.prvCopyDataToQueue  queue.o
    0x0801d37c   0x0801d37c   0x00000050   Code   RO         7644    i.prvDeleteTCB      tasks.o
    0x0801d3cc   0x0801d3cc   0x00000014   Code   RO         7230    i.prvGetDisinheritPriorityAfterTimeout  queue.o
    0x0801d3e0   0x0801d3e0   0x00000028   Code   RO         8042    i.prvGetNextExpireTime  timers.o
    0x0801d408   0x0801d408   0x0000007c   Code   RO         8758    i.prvHeapInit       heap_4.o
    0x0801d484   0x0801d484   0x00000028   Code   RO         7645    i.prvIdleTask       tasks.o
    0x0801d4ac   0x0801d4ac   0x0000001e   Code   RO         7231    i.prvInitialiseMutex  queue.o
    0x0801d4ca   0x0801d4ca   0x0000002a   Code   RO         7232    i.prvInitialiseNewQueue  queue.o
    0x0801d4f4   0x0801d4f4   0x000000c0   Code   RO         7646    i.prvInitialiseNewTask  tasks.o
    0x0801d5b4   0x0801d5b4   0x00000068   Code   RO         7647    i.prvInitialiseTaskLists  tasks.o
    0x0801d61c   0x0801d61c   0x00000068   Code   RO         8759    i.prvInsertBlockIntoFreeList  heap_4.o
    0x0801d684   0x0801d684   0x00000058   Code   RO         8044    i.prvInsertTimerInActiveList  timers.o
    0x0801d6dc   0x0801d6dc   0x0000001a   Code   RO         7233    i.prvIsQueueEmpty   queue.o
    0x0801d6f6   0x0801d6f6   0x0000001e   Code   RO         7234    i.prvIsQueueFull    queue.o
    0x0801d714   0x0801d714   0x00000074   Code   RO         8045    i.prvProcessExpiredTimer  timers.o
    0x0801d788   0x0801d788   0x00000164   Code   RO         8046    i.prvProcessReceivedCommands  timers.o
    0x0801d8ec   0x0801d8ec   0x00000074   Code   RO         8047    i.prvProcessTimerOrBlockTask  timers.o
    0x0801d960   0x0801d960   0x00000034   Code   RO         7649    i.prvResetNextTaskUnblockTime  tasks.o
    0x0801d994   0x0801d994   0x0000002c   Code   RO         8048    i.prvSampleTimeNow  timers.o
    0x0801d9c0   0x0801d9c0   0x000000a4   Code   RO         8049    i.prvSwitchTimerLists  timers.o
    0x0801da64   0x0801da64   0x00000040   Code   RO         8814    i.prvTaskExitError  port.o
    0x0801daa4   0x0801daa4   0x0000001a   Code   RO         8050    i.prvTimerTask      timers.o
    0x0801dabe   0x0801dabe   0x0000007e   Code   RO         7235    i.prvUnlockQueue    queue.o
    0x0801db3c   0x0801db3c   0x00000144   Code   RO         6468    i.put_fat           ff.o
    0x0801dc80   0x0801dc80   0x00000080   Code   RO         6469    i.put_lfn           ff.o
    0x0801dd00   0x0801dd00   0x0000014c   Code   RO         8760    i.pvPortMalloc      heap_4.o
    0x0801de4c   0x0801de4c   0x00000020   Code   RO         7652    i.pvTaskIncrementMutexHeldCount  tasks.o
    0x0801de6c   0x0801de6c   0x0000002c   Code   RO         8815    i.pxPortInitialiseStack  port.o
    0x0801de98   0x0801de98   0x00000084   Code   RO        12777    i.queue_find_cmd    hmicmdqueue.o
    0x0801df1c   0x0801df1c   0x00000034   Code   RO        12778    i.queue_pop         hmicmdqueue.o
    0x0801df50   0x0801df50   0x00000030   Code   RO        12779    i.queue_push        hmicmdqueue.o
    0x0801df80   0x0801df80   0x00000020   Code   RO        12780    i.queue_reset       hmicmdqueue.o
    0x0801dfa0   0x0801dfa0   0x00000024   Code   RO        12781    i.queue_size        hmicmdqueue.o
    0x0801dfc4   0x0801dfc4   0x00000024   Code   RO        12525    i.readStm32UniqueID  libcpu.o
    0x0801dfe8   0x0801dfe8   0x00000010   Code   RO        11618    i.readyKeyValue     dchmiapp.o
    0x0801dff8   0x0801dff8   0x0000002e   Code   RO        11619    i.readyPageTouchEnable  dchmiapp.o
    0x0801e026   0x0801e026   0x0000010e   Code   RO         6473    i.remove_chain      ff.o
    0x0801e134   0x0801e134   0x00000040   Code   RO        12961    i.resetGddcHmi      hmidriver.o
    0x0801e174   0x0801e174   0x0000005c   Code   RO        12147    i.restoreDefault    mainapplib.o
    0x0801e1d0   0x0801e1d0   0x000000c0   Code   RO        11004    i.sPlcAdcInit       splcadc.o
    0x0801e290   0x0801e290   0x00000280   Code   RO        11005    i.sPlcAdcProcessBufferA  splcadc.o
    0x0801e510   0x0801e510   0x00000184   Code   RO        11006    i.sPlcAdcProcessBufferB  splcadc.o
    0x0801e694   0x0801e694   0x0000000e   Code   RO        10434    i.sPlcAssertCoilAddress  splc.o
    0x0801e6a2   0x0801e6a2   0x0000000c   Code   RO        10435    i.sPlcAssertRegisterAddress  splc.o
    0x0801e6ae   0x0801e6ae   0x0000000c   Code   RO        11065    i.sPlcDacInit       splcdac.o
    0x0801e6ba   0x0801e6ba   0x00000002   PAD
    0x0801e6bc   0x0801e6bc   0x0000005c   Code   RO        10436    i.sPlcDeviceConfigClear  splc.o
    0x0801e718   0x0801e718   0x00000068   Code   RO        10439    i.sPlcFdramClear    splc.o
    0x0801e780   0x0801e780   0x00000098   Code   RO        10440    i.sPlcFdramLoad     splc.o
    0x0801e818   0x0801e818   0x00000094   Code   RO        10441    i.sPlcFdramSave     splc.o
    0x0801e8ac   0x0801e8ac   0x0000012c   Code   RO        10442    i.sPlcInit          splc.o
    0x0801e9d8   0x0801e9d8   0x00000058   Code   RO        11163    i.sPlcInputInit     splcioin.o
    0x0801ea30   0x0801ea30   0x00000204   Code   RO        11164    i.sPlcInputRefresh  splcioin.o
    0x0801ec34   0x0801ec34   0x00000002   Code   RO        10443    i.sPlcIsrDisable    splc.o
    0x0801ec36   0x0801ec36   0x00000002   Code   RO        10444    i.sPlcIsrEnable     splc.o
    0x0801ec38   0x0801ec38   0x000000d0   Code   RO        11232    i.sPlcLaserInit     splclaser.o
    0x0801ed08   0x0801ed08   0x000000a8   Code   RO        11233    i.sPlcLaserTimerIsr  splclaser.o
    0x0801edb0   0x0801edb0   0x00000074   Code   RO        10445    i.sPlcNvramClear    splc.o
    0x0801ee24   0x0801ee24   0x0000017c   Code   RO        10446    i.sPlcNvramLoad     splc.o
    0x0801efa0   0x0801efa0   0x000000bc   Code   RO        10447    i.sPlcNvramSave     splc.o
    0x0801f05c   0x0801f05c   0x00000160   Code   RO        10448    i.sPlcNvramUpdate   splc.o
    0x0801f1bc   0x0801f1bc   0x00000090   Code   RO        11197    i.sPlcOutputInit    splcioout.o
    0x0801f24c   0x0801f24c   0x00000138   Code   RO        11198    i.sPlcOutputRefresh  splcioout.o
    0x0801f384   0x0801f384   0x00000026   Code   RO        10449    i.sPlcProcessEnd    splc.o
    0x0801f3aa   0x0801f3aa   0x00000002   PAD
    0x0801f3ac   0x0801f3ac   0x000000d4   Code   RO        10450    i.sPlcProcessStart  splc.o
    0x0801f480   0x0801f480   0x00000030   Code   RO        11345    i.sPlcSpeakerDisable  splcspeaker.o
    0x0801f4b0   0x0801f4b0   0x00000034   Code   RO        11346    i.sPlcSpeakerEnable  splcspeaker.o
    0x0801f4e4   0x0801f4e4   0x00000020   Code   RO        11387    i.sPlcSpeakerFreq   splcspeaker.o
    0x0801f504   0x0801f504   0x00000034   Code   RO        11347    i.sPlcSpeakerInit   splcspeaker.o
    0x0801f538   0x0801f538   0x0000006c   Code   RO        11393    i.sPlcSpeakerVolume  splcspeaker.o
    0x0801f5a4   0x0801f5a4   0x00000280   Code   RO        10451    i.sPlcSpwmLoop      splc.o
    0x0801f824   0x0801f824   0x000000bc   Code   RO        10951    i.sPlcTimerInit     splctimer.o
    0x0801f8e0   0x0801f8e0   0x000001e0   Code   RO        10952    i.sPlcTimerIsr      splctimer.o
    0x0801fac0   0x0801fac0   0x000000a0   Code   RO        11302    i.saveDeviceConfig  splcmisc.o
    0x0801fb60   0x0801fb60   0x000005f8   Code   RO        12296    i.schemeInit        preschemedual_450.o
    0x08020158   0x08020158   0x00000030   Code   RO        11623    i.seletcSchemeNum   dchmiapp.o
    0x08020188   0x08020188   0x000000c4   Code   RO        11303    i.setFanSpeed       splcmisc.o
    0x0802024c   0x0802024c   0x0000008c   Code   RO        11235    i.setRedLaserPwm    splclaser.o
    0x080202d8   0x080202d8   0x000000e0   Code   RO        11348    i.setSpeakerFreq    splcspeaker.o
    0x080203b8   0x080203b8   0x0000002a   Code   RO        12527    i.softDelayMs       libcpu.o
    0x080203e2   0x080203e2   0x00000026   Code   RO        12528    i.softDelayUs       libcpu.o
    0x08020408   0x08020408   0x000000f4   Code   RO        11066    i.softSpiWrite      splcdac.o
    0x080204fc   0x080204fc   0x00000490   Code   RO        11624    i.speakerLoop       dchmiapp.o
    0x0802098c   0x0802098c   0x00000024   Code   RO         6474    i.st_clust          ff.o
    0x080209b0   0x080209b0   0x00000018   Code   RO         6475    i.st_dword          ff.o
    0x080209c8   0x080209c8   0x0000005c   Code   RO         6476    i.st_qword          ff.o
    0x08020a24   0x08020a24   0x0000000c   Code   RO         6477    i.st_word           ff.o
    0x08020a30   0x08020a30   0x0000001a   Code   RO        11625    i.standbyDebugInfoVisiable  dchmiapp.o
    0x08020a4a   0x08020a4a   0x00000002   PAD
    0x08020a4c   0x08020a4c   0x00000024   Code   RO        11626    i.standbyKeyTouchEnable  dchmiapp.o
    0x08020a70   0x08020a70   0x00000010   Code   RO        11627    i.standbyKeyValue   dchmiapp.o
    0x08020a80   0x08020a80   0x00000072   Code   RO         6478    i.store_xdir        ff.o
    0x08020af2   0x08020af2   0x00000020   Code   RO         6479    i.sum_sfn           ff.o
    0x08020b12   0x08020b12   0x00000002   PAD
    0x08020b14   0x08020b14   0x00000090   Code   RO         6480    i.sync_fs           ff.o
    0x08020ba4   0x08020ba4   0x00000052   Code   RO         6481    i.sync_window       ff.o
    0x08020bf6   0x08020bf6   0x00000002   PAD
    0x08020bf8   0x08020bf8   0x000001f0   Code   RO        11629    i.temperatureLoop   dchmiapp.o
    0x08020de8   0x08020de8   0x0000001c   Code   RO         6482    i.unlock_fs         ff.o
    0x08020e04   0x08020e04   0x0000008e   Code   RO        11630    i.unselectSchemeAll  dchmiapp.o
    0x08020e92   0x08020e92   0x0000001c   Code   RO        11631    i.unselectSchemeNum  dchmiapp.o
    0x08020eae   0x08020eae   0x00000002   PAD
    0x08020eb0   0x08020eb0   0x00000228   Code   RO        11632    i.updateAcousticDisplay  dchmiapp.o
    0x080210d8   0x080210d8   0x00000398   Code   RO        11633    i.updateBootloadReq  dchmiapp.o
    0x08021470   0x08021470   0x00000020   Code   RO        12149    i.updateCustomScheme  mainapplib.o
    0x08021490   0x08021490   0x00000088   Code   RO        11634    i.updateDebugInfo   dchmiapp.o
    0x08021518   0x08021518   0x000001d4   Code   RO        11635    i.updateDiognosisInfo  dchmiapp.o
    0x080216ec   0x080216ec   0x000009e0   Code   RO        11636    i.updateDiognosisInfoRaw  dchmiapp.o
    0x080220cc   0x080220cc   0x000001f0   Code   RO        11637    i.updateDiognosisTextBox  dchmiapp.o
    0x080222bc   0x080222bc   0x000002e0   Code   RO        11638    i.updateExtralDisplay  dchmiapp.o
    0x0802259c   0x0802259c   0x000001a8   Code   RO        11639    i.updateInformationDisplay  dchmiapp.o
    0x08022744   0x08022744   0x0000005c   Code   RO        11640    i.updateNegWidthDisplay  dchmiapp.o
    0x080227a0   0x080227a0   0x00000090   Code   RO        11641    i.updateOptionDisplay  dchmiapp.o
    0x08022830   0x08022830   0x0000005c   Code   RO        11642    i.updatePosWidthDisplay  dchmiapp.o
    0x0802288c   0x0802288c   0x0000020c   Code   RO        11643    i.updateReadyDisplay  dchmiapp.o
    0x08022a98   0x08022a98   0x00000168   Code   RO        11644    i.updateReleaseTimeEnergy  dchmiapp.o
    0x08022c00   0x08022c00   0x0000115c   Code   RO        11645    i.updateSchemeDetail  dchmiapp.o
    0x08023d5c   0x08023d5c   0x00000294   Code   RO        11646    i.updateSchemeInfo  dchmiapp.o
    0x08023ff0   0x08023ff0   0x0000048c   Code   RO        11647    i.updateStandbyDisplay  dchmiapp.o
    0x0802447c   0x0802447c   0x000000e0   Code   RO        11648    i.updateWarnMsgDisplay  dchmiapp.o
    0x0802455c   0x0802455c   0x00000028   Code   RO         7188    i.uxListRemove      list.o
    0x08024584   0x08024584   0x00000030   Code   RO         7240    i.uxQueueSpacesAvailable  queue.o
    0x080245b4   0x080245b4   0x00000018   Code   RO         8302    i.vApplicationGetIdleTaskMemory  cmsis_os2.o
    0x080245cc   0x080245cc   0x00000018   Code   RO         8303    i.vApplicationGetTimerTaskMemory  cmsis_os2.o
    0x080245e4   0x080245e4   0x0000001a   Code   RO         7189    i.vListInitialise   list.o
    0x080245fe   0x080245fe   0x00000006   Code   RO         7190    i.vListInitialiseItem  list.o
    0x08024604   0x08024604   0x00000034   Code   RO         7191    i.vListInsert       list.o
    0x08024638   0x08024638   0x00000018   Code   RO         7192    i.vListInsertEnd    list.o
    0x08024650   0x08024650   0x00000054   Code   RO         8817    i.vPortEnterCritical  port.o
    0x080246a4   0x080246a4   0x0000003c   Code   RO         8818    i.vPortExitCritical  port.o
    0x080246e0   0x080246e0   0x000000a4   Code   RO         8761    i.vPortFree         heap_4.o
    0x08024784   0x08024784   0x00000028   Code   RO         8819    i.vPortSetupTimerInterrupt  port.o
    0x080247ac   0x080247ac   0x00000078   Code   RO         8820    i.vPortValidateInterruptPriority  port.o
    0x08024824   0x08024824   0x0000002c   Code   RO         7241    i.vQueueAddToRegistry  queue.o
    0x08024850   0x08024850   0x00000032   Code   RO         7242    i.vQueueDelete      queue.o
    0x08024882   0x08024882   0x00000002   PAD
    0x08024884   0x08024884   0x00000030   Code   RO         7244    i.vQueueUnregisterQueue  queue.o
    0x080248b4   0x080248b4   0x0000004a   Code   RO         7245    i.vQueueWaitForMessageRestricted  queue.o
    0x080248fe   0x080248fe   0x00000002   PAD
    0x08024900   0x08024900   0x0000005c   Code   RO         7662    i.vTaskDelay        tasks.o
    0x0802495c   0x0802495c   0x00000018   Code   RO         7667    i.vTaskInternalSetTimeOutState  tasks.o
    0x08024974   0x08024974   0x0000000c   Code   RO         7668    i.vTaskMissedYield  tasks.o
    0x08024980   0x08024980   0x00000038   Code   RO         7670    i.vTaskPlaceOnEventList  tasks.o
    0x080249b8   0x080249b8   0x00000040   Code   RO         7671    i.vTaskPlaceOnEventListRestricted  tasks.o
    0x080249f8   0x080249f8   0x000000d0   Code   RO         7673    i.vTaskPriorityDisinheritAfterTimeout  tasks.o
    0x08024ac8   0x08024ac8   0x000000b8   Code   RO         7680    i.vTaskStartScheduler  tasks.o
    0x08024b80   0x08024b80   0x00000010   Code   RO         7682    i.vTaskSuspendAll   tasks.o
    0x08024b90   0x08024b90   0x00000090   Code   RO         7683    i.vTaskSwitchContext  tasks.o
    0x08024c20   0x08024c20   0x00000052   Code   RO         6483    i.validate          ff.o
    0x08024c72   0x08024c72   0x00000002   PAD
    0x08024c74   0x08024c74   0x0000017c   Code   RO        11649    i.wfswLoop          dchmiapp.o
    0x08024df0   0x08024df0   0x0000021c   Code   RO        11349    i.writeMcp41010     splcspeaker.o
    0x0802500c   0x0802500c   0x00000168   Code   RO         8821    i.xPortStartScheduler  port.o
    0x08025174   0x08025174   0x00000034   Code   RO         8822    i.xPortSysTickHandler  port.o
    0x080251a8   0x080251a8   0x00000022   Code   RO         7248    i.xQueueCreateMutex  queue.o
    0x080251ca   0x080251ca   0x0000002a   Code   RO         7249    i.xQueueCreateMutexStatic  queue.o
    0x080251f4   0x080251f4   0x0000005a   Code   RO         7250    i.xQueueGenericCreate  queue.o
    0x0802524e   0x0802524e   0x000000e0   Code   RO         7251    i.xQueueGenericCreateStatic  queue.o
    0x0802532e   0x0802532e   0x00000002   PAD
    0x08025330   0x08025330   0x00000098   Code   RO         7252    i.xQueueGenericReset  queue.o
    0x080253c8   0x080253c8   0x000001a8   Code   RO         7253    i.xQueueGenericSend  queue.o
    0x08025570   0x08025570   0x000000fc   Code   RO         7254    i.xQueueGenericSendFromISR  queue.o
    0x0802566c   0x0802566c   0x00000048   Code   RO         7258    i.xQueueGiveMutexRecursive  queue.o
    0x080256b4   0x080256b4   0x00000168   Code   RO         7263    i.xQueueReceive     queue.o
    0x0802581c   0x0802581c   0x000000ca   Code   RO         7264    i.xQueueReceiveFromISR  queue.o
    0x080258e6   0x080258e6   0x00000002   PAD
    0x080258e8   0x080258e8   0x000001b8   Code   RO         7265    i.xQueueSemaphoreTake  queue.o
    0x08025aa0   0x08025aa0   0x0000004e   Code   RO         7266    i.xQueueTakeMutexRecursive  queue.o
    0x08025aee   0x08025aee   0x00000002   PAD
    0x08025af0   0x08025af0   0x0000008c   Code   RO         7686    i.xTaskCheckForTimeOut  tasks.o
    0x08025b7c   0x08025b7c   0x00000064   Code   RO         7687    i.xTaskCreate       tasks.o
    0x08025be0   0x08025be0   0x000000ba   Code   RO         7688    i.xTaskCreateStatic  tasks.o
    0x08025c9a   0x08025c9a   0x00000002   PAD
    0x08025c9c   0x08025c9c   0x0000000c   Code   RO         7693    i.xTaskGetCurrentTaskHandle  tasks.o
    0x08025ca8   0x08025ca8   0x00000020   Code   RO         7694    i.xTaskGetSchedulerState  tasks.o
    0x08025cc8   0x08025cc8   0x0000000c   Code   RO         7695    i.xTaskGetTickCount  tasks.o
    0x08025cd4   0x08025cd4   0x00000144   Code   RO         7697    i.xTaskIncrementTick  tasks.o
    0x08025e18   0x08025e18   0x000000a4   Code   RO         7700    i.xTaskPriorityDisinherit  tasks.o
    0x08025ebc   0x08025ebc   0x000000a4   Code   RO         7701    i.xTaskPriorityInherit  tasks.o
    0x08025f60   0x08025f60   0x00000098   Code   RO         7702    i.xTaskRemoveFromEventList  tasks.o
    0x08025ff8   0x08025ff8   0x00000104   Code   RO         7703    i.xTaskResumeAll    tasks.o
    0x080260fc   0x080260fc   0x00000078   Code   RO         8059    i.xTimerCreateTimerTask  timers.o
    0x08026174   0x08026174   0x00000084   Code   RO         8060    i.xTimerGenericCommand  timers.o
    0x080261f8   0x080261f8   0x0000003a   Code   RO         6484    i.xdir_sum          ff.o
    0x08026232   0x08026232   0x0000004c   Code   RO         6485    i.xname_sum         ff.o
    0x0802627e   0x0802627e   0x00000002   PAD
    0x08026280   0x08026280   0x0000002c   Code   RO        14079    locale$$code        c_w.l(lc_numeric_c.o)
    0x080262ac   0x080262ac   0x0000002c   Code   RO        14164    locale$$code        c_w.l(lc_ctype_c.o)
    0x080262d8   0x080262d8   0x00000018   Code   RO        13967    x$fpl$basic         fz_wm.l(basic.o)
    0x080262f0   0x080262f0   0x00000062   Code   RO        13817    x$fpl$d2f           fz_wm.l(d2f.o)
    0x08026352   0x08026352   0x00000002   PAD
    0x08026354   0x08026354   0x00000150   Code   RO        13819    x$fpl$dadd          fz_wm.l(daddsub_clz.o)
    0x080264a4   0x080264a4   0x00000010   Code   RO        14232    x$fpl$dcheck1       fz_wm.l(dcheck1.o)
    0x080264b4   0x080264b4   0x00000018   Code   RO        13969    x$fpl$dcmpinf       fz_wm.l(dcmpi.o)
    0x080264cc   0x080264cc   0x000002b0   Code   RO        13826    x$fpl$ddiv          fz_wm.l(ddiv.o)
    0x0802677c   0x0802677c   0x00000078   Code   RO        13971    x$fpl$deqf          fz_wm.l(deqf.o)
    0x080267f4   0x080267f4   0x0000005a   Code   RO        13829    x$fpl$dfixu         fz_wm.l(dfixu.o)
    0x0802684e   0x0802684e   0x0000002e   Code   RO        13834    x$fpl$dflt          fz_wm.l(dflt_clz.o)
    0x0802687c   0x0802687c   0x00000026   Code   RO        13833    x$fpl$dfltu         fz_wm.l(dflt_clz.o)
    0x080268a2   0x080268a2   0x00000002   PAD
    0x080268a4   0x080268a4   0x00000078   Code   RO        13839    x$fpl$dleqf         fz_wm.l(dleqf.o)
    0x0802691c   0x0802691c   0x00000154   Code   RO        13841    x$fpl$dmul          fz_wm.l(dmul.o)
    0x08026a70   0x08026a70   0x0000009c   Code   RO        13973    x$fpl$dnaninf       fz_wm.l(dnaninf.o)
    0x08026b0c   0x08026b0c   0x0000000c   Code   RO        13975    x$fpl$dretinf       fz_wm.l(dretinf.o)
    0x08026b18   0x08026b18   0x0000006c   Code   RO        13843    x$fpl$drleqf        fz_wm.l(drleqf.o)
    0x08026b84   0x08026b84   0x00000016   Code   RO        13820    x$fpl$drsb          fz_wm.l(daddsub_clz.o)
    0x08026b9a   0x08026b9a   0x00000002   PAD
    0x08026b9c   0x08026b9c   0x000001d4   Code   RO        13821    x$fpl$dsub          fz_wm.l(daddsub_clz.o)
    0x08026d70   0x08026d70   0x00000056   Code   RO        13845    x$fpl$f2d           fz_wm.l(f2d.o)
    0x08026dc6   0x08026dc6   0x0000008c   Code   RO        13977    x$fpl$fnaninf       fz_wm.l(fnaninf.o)
    0x08026e52   0x08026e52   0x0000000a   Code   RO        14094    x$fpl$fpinit        fz_wm.l(fpinit.o)
    0x08026e5c   0x08026e5c   0x0000000a   Code   RO        13979    x$fpl$fretinf       fz_wm.l(fretinf.o)
    0x08026e66   0x08026e66   0x00000006   Code   RO        14096    x$fpl$ieeestatus    fz_wm.l(istatus.o)
    0x08026e6c   0x08026e6c   0x00000004   Code   RO        13847    x$fpl$printf1       fz_wm.l(printf1.o)
    0x08026e70   0x08026e70   0x00000064   Code   RO        14234    x$fpl$retnan        fz_wm.l(retnan.o)
    0x08026ed4   0x08026ed4   0x0000005c   Code   RO        14213    x$fpl$scalbn        fz_wm.l(scalbn.o)
    0x08026f30   0x08026f30   0x00000004   Code   RO        13849    x$fpl$scanf1        fz_wm.l(scanf1.o)
    0x08026f34   0x08026f34   0x00000008   Code   RO        14098    x$fpl$scanf2        fz_wm.l(scanf2.o)
    0x08026f3c   0x08026f3c   0x00000030   Code   RO        14236    x$fpl$trapveneer    fz_wm.l(trapv.o)
    0x08026f6c   0x08026f6c   0x00000000   Code   RO        13981    x$fpl$usenofp       fz_wm.l(usenofp.o)
    0x08026f6c   0x08026f6c   0x00000048   Data   RO          482    .constdata          freertos.o
    0x08026fb4   0x08026fb4   0x00000014   Data   RO         1160    .constdata          usbh_diskio.o
    0x08026fc8   0x08026fc8   0x00000008   Data   RO         3520    .constdata          stm32f4xx_hal_dma.o
    0x08026fd0   0x08026fd0   0x00000018   Data   RO         6304    .constdata          system_stm32f4xx.o
    0x08026fe8   0x08026fe8   0x000000ba   Data   RO         6488    .constdata          ff.o
    0x080270a2   0x080270a2   0x000003ae   Data   RO         7030    .constdata          ccsbcs.o
    0x08027450   0x08027450   0x00000310   Data   RO         9769    .constdata          usbh_hid_keybd.o
    0x08027760   0x08027760   0x00000098   Data   RO        10453    .constdata          splc.o
    0x080277f8   0x080277f8   0x0000000a   Data   RO        10638    .constdata          splcfun.o
    0x08027802   0x08027802   0x0000000e   Data   RO        10953    .constdata          splctimer.o
    0x08027810   0x08027810   0x0000000c   Data   RO        11008    .constdata          splcadc.o
    0x0802781c   0x0802781c   0x0000000e   Data   RO        11166    .constdata          splcioin.o
    0x0802782a   0x0802782a   0x0000000f   Data   RO        11199    .constdata          splcioout.o
    0x08027839   0x08027839   0x0000003a   Data   RO        11236    .constdata          splclaser.o
    0x08027873   0x08027873   0x0000002e   Data   RO        11304    .constdata          splcmisc.o
    0x080278a1   0x080278a1   0x0000008f   Data   RO        11424    .constdata          splceprom.o
    0x08027930   0x08027930   0x0000003b   Data   RO        11652    .constdata          dchmiapp.o
    0x0802796b   0x0802796b   0x000001f3   Data   RO        11988    .constdata          dchmilanguage.o
    0x08027b5e   0x08027b5e   0x0000000f   Data   RO        12150    .constdata          mainapplib.o
    0x08027b6d   0x08027b6d   0x00000011   Data   RO        12298    .constdata          preschemedual_450.o
    0x08027b7e   0x08027b7e   0x00000002   PAD
    0x08027b80   0x08027b80   0x00000600   Data   RO        12618    .constdata          libcrc.o
    0x08028180   0x08028180   0x0000001c   Data   RO        13606    .constdata          hmiuseruart.o
    0x0802819c   0x0802819c   0x00000028   Data   RO        13743    .constdata          c_w.l(_printf_hex_int.o)
    0x080281c4   0x080281c4   0x00000011   Data   RO        13773    .constdata          c_w.l(__printf_flags_wp.o)
    0x080281d5   0x080281d5   0x00000003   PAD
    0x080281d8   0x080281d8   0x00000038   Data   RO        13854    .constdata          m_wm.l(log.o)
    0x08028210   0x08028210   0x00000008   Data   RO        13998    .constdata          m_wm.l(qnan.o)
    0x08028218   0x08028218   0x00000094   Data   RO        14050    .constdata          c_w.l(bigflt0.o)
    0x080282ac   0x080282ac   0x00000018   Data   RO          483    .conststring        freertos.o
    0x080282c4   0x080282c4   0x00000006   Data   RO         9324    .conststring        usbh_audio.o
    0x080282ca   0x080282ca   0x00000002   PAD
    0x080282cc   0x080282cc   0x00000004   Data   RO         9525    .conststring        usbh_cdc.o
    0x080282d0   0x080282d0   0x00000004   Data   RO         9649    .conststring        usbh_hid.o
    0x080282d4   0x080282d4   0x00000004   Data   RO         9891    .conststring        usbh_msc.o
    0x080282d8   0x080282d8   0x00000004   Data   RO        10102    .conststring        usbh_mtp.o
    0x080282dc   0x080282dc   0x000004b7   Data   RO        11653    .conststring        dchmiapp.o
    0x08028793   0x08028793   0x00000001   PAD
    0x08028794   0x08028794   0x00000040   Data   RO        14238    Region$$Table       anon$$obj.o
    0x080287d4   0x080287d4   0x00000008   Data   RO        14090    c$$dinf             fz_wm.l(fpconst.o)
    0x080287dc   0x080287dc   0x00000008   Data   RO        14093    c$$dmax             fz_wm.l(fpconst.o)
    0x080287e4   0x080287e4   0x0000001c   Data   RO        14078    locale$$data        c_w.l(lc_numeric_c.o)
    0x08028800   0x08028800   0x00000110   Data   RO        14163    locale$$data        c_w.l(lc_ctype_c.o)


    Execution Region RW_IRAM1 (Exec base: 0x20000000, Load base: 0x08028910, Size: 0x000184c0, Max: 0x0001c000, ABSOLUTE, COMPRESSED[0x0000006c])

    Exec Addr    Load Addr    Size         Type   Attr      Idx    E Section Name        Object

    0x20000000   COMPRESSED   0x00000008   Data   RW          623    .data               crc.o
    0x20000008   COMPRESSED   0x00000005   Data   RW         1213    .data               fatfs.o
    0x2000000d   COMPRESSED   0x00000003   PAD
    0x20000010   COMPRESSED   0x00000020   Data   RW         3174    .data               stm32f4xx_hal_flash.o
    0x20000030   COMPRESSED   0x00000009   Data   RW         3970    .data               stm32f4xx_hal.o
    0x20000039   COMPRESSED   0x00000003   PAD
    0x2000003c   COMPRESSED   0x00000004   Data   RW         6305    .data               system_stm32f4xx.o
    0x20000040   COMPRESSED   0x0000003c   Data   RW         7706    .data               tasks.o
    0x2000007c   COMPRESSED   0x0000000c   Data   RW         8823    .data               port.o
    0x20000088   COMPRESSED   0x00000020   Data   RW         9325    .data               usbh_audio.o
    0x200000a8   COMPRESSED   0x00000020   Data   RW         9650    .data               usbh_hid.o
    0x200000c8   COMPRESSED   0x00000020   Data   RW        10103    .data               usbh_mtp.o
    0x200000e8   COMPRESSED   0x00000004   Data   RW        10954    .data               splctimer.o
    0x200000ec   COMPRESSED   0x00000017   Data   RW        11237    .data               splclaser.o
    0x20000103   COMPRESSED   0x00000001   PAD
    0x20000104   COMPRESSED   0x00000002   Data   RW        11305    .data               splcmisc.o
    0x20000106   COMPRESSED   0x00000002   Data   RW        11350    .data               splcspeaker.o
    0x20000108   COMPRESSED   0x00000026   Data   RW        11654    .data               dchmiapp.o
    0x2000012e   COMPRESSED   0x00000002   PAD
    0x20000130   COMPRESSED   0x00000010   Data   RW        12406    .data               flash_if.o
    0x20000140   COMPRESSED   0x00000008   Data   RW        12684    .data               libdbg.o
    0x20000148   COMPRESSED   0x00000001   Data   RW        13607    .data               hmiuseruart.o
    0x20000149   COMPRESSED   0x00000003   PAD
    0x2000014c        -       0x00000050   Zero   RW          575    .bss                can.o
    0x2000019c        -       0x00000014   Zero   RW          665    .bss                dac.o
    0x200001b0        -       0x00000010   Zero   RW          773    .bss                rng.o
    0x200001c0        -       0x000001b0   Zero   RW          869    .bss                tim.o
    0x20000370        -       0x00000120   Zero   RW          944    .bss                usart.o
    0x20000490        -       0x00000048   Zero   RW         1119    .bss                stm32f4xx_hal_timebase_tim.o
    0x200004d8        -       0x000005b4   Zero   RW         1249    .bss                usb_host.o
    0x20000a8c        -       0x000003e0   Zero   RW         1320    .bss                usbh_conf.o
    0x20000e6c        -       0x00000ff0   Zero   RW         6487    .bss                ff.o
    0x20001e5c        -       0x0000000c   Zero   RW         6922    .bss                ff_gen_drv.o
    0x20001e68        -       0x000004c4   Zero   RW         7705    .bss                tasks.o
    0x2000232c        -       0x00000118   Zero   RW         8067    .bss                timers.o
    0x20002444        -       0x000006c0   Zero   RW         8304    .bss                cmsis_os2.o
    0x20002b04        -       0x0000c000   Zero   RW         8766    .bss                heap_4.o
    0x2000eb04        -       0x00003774   Zero   RW        10452    .bss                splc.o
    0x20012278        -       0x00000190   Zero   RW        11007    .bss                splcadc.o
    0x20012408        -       0x000005d0   Zero   RW        11651    .bss                dchmiapp.o
    0x200129d8        -       0x00001680   Zero   RW        12297    .bss                preschemedual_450.o
    0x20014058        -       0x00000404   Zero   RW        12782    .bss                hmicmdqueue.o
    0x2001445c        -       0x00000060   Zero   RW        14002    .bss                c_w.l(libspace.o)
    0x200144bc   COMPRESSED   0x00000004   PAD
    0x200144c0        -       0x00002000   Zero   RW            2    HEAP                startup_stm32f407xx.o
    0x200164c0        -       0x00002000   Zero   RW            1    STACK               startup_stm32f407xx.o


    Execution Region RW_IRAM2 (Exec base: 0x2001c000, Load base: 0x0802897c, Size: 0x000004bc, Max: 0x00004000, ABSOLUTE, COMPRESSED[0x00000060])

    Exec Addr    Load Addr    Size         Type   Attr      Idx    E Section Name        Object

    0x2001c000   COMPRESSED   0x00000008   Data   RW          484    .data               freertos.o
    0x2001c008   COMPRESSED   0x00000004   Data   RW          576    .data               can.o
    0x2001c00c   COMPRESSED   0x00000001   Data   RW         1250    .data               usb_host.o
    0x2001c00d   COMPRESSED   0x00000003   PAD
    0x2001c010   COMPRESSED   0x00000006   Data   RW         6489    .data               ff.o
    0x2001c016   COMPRESSED   0x00000002   PAD
    0x2001c018   COMPRESSED   0x00000014   Data   RW         8068    .data               timers.o
    0x2001c02c   COMPRESSED   0x00000004   Data   RW         8305    .data               cmsis_os2.o
    0x2001c030   COMPRESSED   0x00000020   Data   RW         8767    .data               heap_4.o
    0x2001c050   COMPRESSED   0x00000020   Data   RW         9526    .data               usbh_cdc.o
    0x2001c070   COMPRESSED   0x00000010   Data   RW         9770    .data               usbh_hid_keybd.o
    0x2001c080   COMPRESSED   0x00000015   Data   RW         9814    .data               usbh_hid_mouse.o
    0x2001c095   COMPRESSED   0x00000003   PAD
    0x2001c098   COMPRESSED   0x00000020   Data   RW         9892    .data               usbh_msc.o
    0x2001c0b8   COMPRESSED   0x0000001a   Data   RW        10454    .data               splc.o
    0x2001c0d2   COMPRESSED   0x00000004   Data   RW        11009    .data               splcadc.o
    0x2001c0d6   COMPRESSED   0x00000002   PAD
    0x2001c0d8   COMPRESSED   0x00000050   Data   RW        12347    .data               fan_controller.o
    0x2001c128   COMPRESSED   0x00000008   Data   RW        12619    .data               libcrc.o
    0x2001c130   COMPRESSED   0x00000006   Data   RW        12783    .data               hmicmdqueue.o
    0x2001c136   COMPRESSED   0x00000002   PAD
    0x2001c138        -       0x00000150   Zero   RW          527    .bss                adc.o
    0x2001c288        -       0x00000054   Zero   RW          731    .bss                i2c.o
    0x2001c2dc        -       0x000000b0   Zero   RW          816    .bss                spi.o
    0x2001c38c        -       0x00000040   Zero   RW         7267    .bss                queue.o
    0x2001c3cc        -       0x00000024   Zero   RW         8917    .bss                usbh_core.o
    0x2001c3f0        -       0x0000000f   Zero   RW         9768    .bss                usbh_hid_keybd.o
    0x2001c3ff        -       0x00000080   Zero   RW        11165    .bss                splcioin.o
    0x2001c47f   COMPRESSED   0x00000001   PAD
    0x2001c480        -       0x00000030   Zero   RW        12405    .bss                flash_if.o
    0x2001c4b0        -       0x0000000c   Zero   RW        12529    .bss                libcpu.o



  Load Region LR$$.ARM.__AT_0x10000000 (Base: 0x10000000, Size: 0x00000000, Max: 0x00010000, ABSOLUTE)

    Execution Region ER$$.ARM.__AT_0x10000000 (Exec base: 0x10000000, Load base: 0x10000000, Size: 0x00010000, Max: 0x00010000, ABSOLUTE, UNINIT)

    Exec Addr    Load Addr    Size         Type   Attr      Idx    E Section Name        Object

    0x10000000        -       0x0000ffff   Zero   RW        11650    .ARM.__AT_0x10000000  dchmiapp.o


==============================================================================

Image component sizes


      Code (inc. data)   RO Data    RW Data    ZI Data      Debug   Object Name

       776         60          0          0        336       2966   adc.o
       432         36          0          4         80       2602   can.o
       240         24        942          0          0       2335   ccsbcs.o
      1318         46          0          4       1728      73319   cmsis_os2.o
        84         18          0          8          0       1655   crc.o
       204         24          0          0         20       1843   dac.o
     28904       3908       1266         38      67023      49810   dchmiapp.o
         0          0        499          0          0       2212   dchmilanguage.o
      9124        274          0          0          0       5515   dchminotifybutton.o
       768         24          0          0          0       1181   dchminotifyprogress.o
         8          0          0          0          0        788   dchminotifyreadrtc.o
      1352         76          0          0          0       1649   dchminotifytext.o
       212         26          0          0          0       4129   diskio.o
        72          4          0          0          0        854   dma.o
         0          0          0          0          0      19632   event_groups.o
       472          6          0         80          0       3885   fan_controller.o
        32         12          0          5          0       1696   fatfs.o
     12060        126        186          6       4080      64343   ff.o
       102          6          0          0         12       1799   ff_gen_drv.o
       364         72          0         16         48       2442   flash_if.o
        70         24         96          8          0       2014   freertos.o
      1044         42          0          0          0       1731   gpio.o
       724         74          0         32      49152       5111   heap_4.o
       300         38          0          6       1028       4016   hmicmdqueue.o
      1098          0          0          0          0      11769   hmidriver.o
       360        182         28          1          0       3557   hmiuseruart.o
       260         30          0          0         84       1885   i2c.o
       196         24          0          0         12       3500   libcpu.o
       120         22       1536          8          0       2378   libcrc.o
        40          4          0          8          0       3449   libdbg.o
       148          0          0          0          0       3806   list.o
       358         24          0          0          0     800796   main.o
        38          0          0          0          0        587   mainapp.o
      2318        458         15          0          0       7082   mainapplib.o
       212          0          0          0          0       2473   pid_temp_control.o
      1014         92          0         12          0      12169   port.o
      2276        576         17          0       5760       4457   preschemedual_450.o
      3076         30          0          0         64      29395   queue.o
        84         18          0          0         16       1655   rng.o
       460         42          0          0        176       2602   spi.o
      2752        986        152         26      14196      14103   splc.o
      1268        174         12          4        400       3855   splcadc.o
       680         72          0          0          0       8214   splcdac.o
      2278        708        143          0          0      12153   splceprom.o
      2252        264         10          0          0      49021   splcfun.o
       604         88         14          0        128       1933   splcioin.o
       456         90         15          0          0       1301   splcioout.o
      1060        398         58         23          0       5662   splclaser.o
       680        348         46          2          0       2248   splcmisc.o
      1056        130          0          2          0       5365   splcspeaker.o
       668        172         14          4          0       1674   splctimer.o
        64         26        392          0      16384        884   startup_stm32f407xx.o
       136         24          0          9          0       9010   stm32f4xx_hal.o
      1594         66          0          0          0       8053   stm32f4xx_hal_adc.o
       372          0          0          0          0       1475   stm32f4xx_hal_can.o
       304         28          0          0          0      34568   stm32f4xx_hal_cortex.o
        84          0          0          0          0       1959   stm32f4xx_hal_crc.o
       150          0          0          0          0       2119   stm32f4xx_hal_dac.o
      1436         16          8          0          0       7390   stm32f4xx_hal_dma.o
       632         64          0         32          0       6358   stm32f4xx_hal_flash.o
       432         28          0          0          0       3458   stm32f4xx_hal_flash_ex.o
       528         46          0          0          0       2943   stm32f4xx_hal_gpio.o
      6596          0          0          0          0      14877   stm32f4xx_hal_hcd.o
       464         18          0          0          0       2227   stm32f4xx_hal_i2c.o
        84          6          0          0          0        942   stm32f4xx_hal_msp.o
      1888         94          0          0          0       6613   stm32f4xx_hal_rcc.o
        52          0          0          0          0       1159   stm32f4xx_hal_rng.o
      2116         12          0          0          0       8138   stm32f4xx_hal_spi.o
      2708        150          0          0          0      19680   stm32f4xx_hal_tim.o
       300         30          0          0          0       3553   stm32f4xx_hal_tim_ex.o
       180         20          0          0         72       1592   stm32f4xx_hal_timebase_tim.o
      2398         14          0          0          0      12575   stm32f4xx_hal_uart.o
       134         40          0          0          0       6344   stm32f4xx_it.o
      3340         44          0          0          0      20534   stm32f4xx_ll_usb.o
         0          0          0          0          0        392   stream_buffer.o
       104          0          0          0          0       5007   syscall.o
        20          6         24          4          0       1247   system_stm32f4xx.o
      3226        386          0         60       1220      31927   tasks.o
      1660        152          0          0        432       7270   tim.o
      1318        124          0         20        280      33607   timers.o
       764         74          0          0        288       4019   usart.o
       188         36          0          1       1460      25164   usb_host.o
      5558         34          6         32          0      36005   usbh_audio.o
      1318          6          4         32          0      13796   usbh_cdc.o
       862         14          0          0        992      15917   usbh_conf.o
      2446         44          0          0         36      15807   usbh_core.o
      2160         12          0          0          0      15462   usbh_ctlreq.o
       390         20         20          0          0       4529   usbh_diskio.o
      1630         22          4         32          0      17039   usbh_hid.o
       384         76        784         16         15       4612   usbh_hid_keybd.o
        92         12          0         21          0       1840   usbh_hid_mouse.o
       200          0          0          0          0       1595   usbh_hid_parser.o
       314          0          0          0          0       6468   usbh_ioreq.o
      2862         10          4         32          0      11389   usbh_msc.o
      1002         26          0          0          0       5633   usbh_msc_bot.o
      1074          0          0          0          0       6211   usbh_msc_scsi.o
      1984         22          4         32          0      11122   usbh_mtp.o
      2894         10          0          0          0      13532   usbh_mtp_ptp.o
       172          0          0          0          0       4258   usbh_pipes.o
        32          6          0          0          0        630   usbh_platform.o

    ----------------------------------------------------------------------
    143212      11674       6368        644     165524    1725545   Object Totals
         0          0         64          0          0          0   (incl. Generated)
        92          4          5         24          2          0   (incl. Padding)

    ----------------------------------------------------------------------

      Code (inc. data)   RO Data    RW Data    ZI Data      Debug   Library Member Name

        60          8          0          0          0         84   __0sscanf.o
        90          0          0          0          0          0   __dczerorl2.o
         8          0          0          0          0         68   __main.o
       312          4         17          0          0         92   __printf_flags_wp.o
        14          0          0          0          0         68   __printf_wp.o
         0          0          0          0          0          0   __rtentry.o
        12          0          0          0          0          0   __rtentry2.o
         6          0          0          0          0          0   __rtentry4.o
        52          8          0          0          0          0   __scatter.o
        28          0          0          0          0          0   __scatter_zi.o
        28          0          0          0          0         68   _chval.o
         6          0          0          0          0          0   _printf_c.o
        44          0          0          0          0        108   _printf_char.o
        48          6          0          0          0         96   _printf_char_common.o
        36          4          0          0          0         80   _printf_char_file.o
         6          0          0          0          0          0   _printf_d.o
       120         16          0          0          0         92   _printf_dec.o
         6          0          0          0          0          0   _printf_f.o
      1054          0          0          0          0        216   _printf_fp_dec.o
       128         16          0          0          0         84   _printf_fp_infnan.o
        88          4         40          0          0         88   _printf_hex_int.o
       178          0          0          0          0         88   _printf_intcommon.o
        78          0          0          0          0        108   _printf_pad.o
         0          0          0          0          0          0   _printf_percent.o
         4          0          0          0          0          0   _printf_percent_end.o
         6          0          0          0          0          0   _printf_s.o
        82          0          0          0          0         80   _printf_str.o
         6          0          0          0          0          0   _printf_x.o
        22          0          0          0          0        100   _rserrno.o
       884          6          0          0          0        100   _scanf.o
       332          0          0          0          0         96   _scanf_int.o
        64          0          0          0          0         84   _sgetc.o
        10          0          0          0          0         68   _sputc.o
        16          0          0          0          0         68   aeabi_memset.o
       228          4        148          0          0         96   bigflt0.o
      2152        136          0          0          0        960   btod.o
        10          0          0          0          0         68   defsig_exit.o
        50          0          0          0          0         88   defsig_general.o
        80         58          0          0          0         76   defsig_rtmem_inner.o
        14          0          0          0          0         80   defsig_rtmem_outer.o
        18          0          0          0          0         80   exit.o
         8          0          0          0          0         68   ferror.o
        94          0          0          0          0         80   h1_alloc.o
        52          0          0          0          0         68   h1_extend.o
        78          0          0          0          0         80   h1_free.o
        14          0          0          0          0         84   h1_init.o
         6          0          0          0          0        152   heapauxi.o
         4          0          0          0          0        136   hguard.o
       138          0          0          0          0        168   init_alloc.o
        18          0          0          0          0         76   isspace.o
        44         10        272          0          0         76   lc_ctype_c.o
        44         10         28          0          0         76   lc_numeric_c.o
         2          0          0          0          0          0   libinit.o
        42          0          0          0          0          0   libinit2.o
         2          0          0          0          0          0   libshutdown.o
         2          0          0          0          0          0   libshutdown2.o
         8          4          0          0         96         68   libspace.o
        38          0          0          0          0         68   llshl.o
       138          0          0          0          0         80   lludiv10.o
       238          0          0          0          0        100   lludivv7m.o
         0          0          0          0          0          0   maybetermalloc1.o
        24          4          0          0          0         84   noretval__2printf.o
        40          6          0          0          0         84   noretval__2sprintf.o
        16          4          0          0          0         76   rt_ctype_table.o
         8          4          0          0          0         68   rt_errno_addr_intlibspace.o
         8          4          0          0          0         68   rt_heap_descriptor_intlibspace.o
         8          4          0          0          0         68   rt_locale_intlibspace.o
        68          0          0          0          0         68   rt_memclr.o
        78          0          0          0          0         80   rt_memclr_w.o
       138          0          0          0          0         68   rt_memcpy_v6.o
       100          0          0          0          0         80   rt_memcpy_w.o
         2          0          0          0          0          0   rtexit.o
        10          0          0          0          0          0   rtexit2.o
        44          8          0          0          0         84   scanf_char.o
      1272         16          0          0          0        168   scanf_fp.o
       800         14          0          0          0        100   scanf_hexfp.o
       308         16          0          0          0        100   scanf_infnan.o
       128          0          0          0          0         68   strcmpv7m.o
        72          0          0          0          0         80   strcpy.o
        62          0          0          0          0         76   strlen.o
        86          0          0          0          0         76   strncpy.o
        74          0          0          0          0         80   sys_stackheap_outer.o
         2          0          0          0          0         68   use_no_semi.o
        24          0          0          0          0        164   basic.o
        98          4          0          0          0        140   d2f.o
       826         16          0          0          0        492   daddsub_clz.o
        16          4          0          0          0        116   dcheck1.o
        24          0          0          0          0        116   dcmpi.o
       688        140          0          0          0        256   ddiv.o
       120          4          0          0          0        140   deqf.o
        90          4          0          0          0        140   dfixu.o
        84          0          0          0          0        232   dflt_clz.o
       120          4          0          0          0        140   dleqf.o
       340         12          0          0          0        152   dmul.o
       156          4          0          0          0        140   dnaninf.o
        12          0          0          0          0        116   dretinf.o
       108          0          0          0          0        128   drleqf.o
        86          4          0          0          0        132   f2d.o
       140          4          0          0          0        132   fnaninf.o
         0          0         16          0          0          0   fpconst.o
        10          0          0          0          0        116   fpinit.o
        10          0          0          0          0        116   fretinf.o
         6          0          0          0          0        116   istatus.o
         4          0          0          0          0        116   printf1.o
       100          0          0          0          0        116   retnan.o
        92          0          0          0          0        116   scalbn.o
         4          0          0          0          0        116   scanf1.o
         8          0          0          0          0        132   scanf2.o
        48          0          0          0          0        116   trapv.o
         0          0          0          0          0          0   usenofp.o
       164         44          0          0          0        620   dunder.o
        48          0          0          0          0        124   fpclassify.o
       140         22          0          0          0        132   frexp.o
       228          8          0          0          0        308   ldexp.o
       964         92         56          0          0        316   log.o
       266         16          0          0          0        308   narrow.o
       248          0          0          0          0        152   poly.o
         0          0          8          0          0          0   qnan.o

    ----------------------------------------------------------------------
     15992        756        588          0        100      12164   Library Totals
        22          0          3          0          4          0   (incl. Padding)

    ----------------------------------------------------------------------

      Code (inc. data)   RO Data    RW Data    ZI Data      Debug   Library Name

     10698        374        505          0         96       6408   c_w.l
      3214        200         16          0          0       3796   fz_wm.l
      2058        182         64          0          0       1960   m_wm.l

    ----------------------------------------------------------------------
     15992        756        588          0        100      12164   Library Totals

    ----------------------------------------------------------------------

==============================================================================


      Code (inc. data)   RO Data    RW Data    ZI Data      Debug   

    159204      12430       6956        644     165624    1654517   Grand Totals
    159204      12430       6956        204     165624    1654517   ELF Image Totals (compressed)
    159204      12430       6956        204          0          0   ROM Totals

==============================================================================

    Total RO  Size (Code + RO Data)               166160 ( 162.27kB)
    Total RW  Size (RW Data + ZI Data)            166268 ( 162.37kB)
    Total ROM Size (Code + RO Data + RW Data)     166364 ( 162.46kB)

==============================================================================

