<html>
<body>
<pre>
<h1>µVision Build Log</h1>
<h2>Tool Versions:</h2>
IDE-Version: ¦ÌVision V5.42.0.0
Copyright (C) 2025 ARM Ltd and ARM Germany GmbH. All rights reserved.
License Information: 1 1, 1, LIC=PE7DL-0SZMZ-016P1-C81TA-QL62A-TMCDT
 
Tool Versions:
Toolchain:       MDK-ARM Plus  Version: 5.42.0.0
Toolchain Path:  C:\Keil_v5\ARM\ARMCC\Bin
C Compiler:      Armcc.exe V5.06 update 6 (build 750)
Assembler:       Armasm.exe V5.06 update 6 (build 750)
Linker/Locator:  ArmLink.exe V5.06 update 6 (build 750)
Library Manager: ArmAr.exe V5.06 update 6 (build 750)
Hex Converter:   FromElf.exe V5.06 update 6 (build 750)
CPU DLL:         SARMCM3.DLL V5.42.0.0
Dialog DLL:      DCM.DLL V1.17.5.0
Target DLL:      STLink\ST-LINKIII-KEIL_SWO.dll V3.3.0.0
Dialog DLL:      TCM.DLL V1.56.6.0
 
<h2>Project:</h2>
D:\GitHub\dwLaser_Application\MCU_Application\targetBoard_M12_A1\MDK-ARM\targetBoard_M12_A1.uvprojx
Project File Date:  06/09/2025

<h2>Output:</h2>
*** Using Compiler 'V5.06 update 6 (build 750)', folder: 'C:\Keil_v5\ARM\ARMCC\Bin'
Build target 'targetBoard_M12_A1'
compiling dcHmiApp.c...
linking...
Program Size: Code=220536 RO-data=6988 RW-data=508 ZI-data=167708  
FromELF: creating hex file...
After Build - User command #1: D:\GitHub\dwLaser_Application\MCU_Application\targetBoard_M12_A1\MDK-ARM\convert.bat
D:\GitHub\dwLaser_Application\MCU_Application\targetBoard_M12_A1\MDK-ARM>del ld_mcu.bin 
D:\GitHub\dwLaser_Application\MCU_Application\targetBoard_M12_A1\MDK-ARM>C:\Keil_v5\ARM\ARMCC\bin\fromelf   --bin --output   .\ld_mcu.bin   .\targetBoard_M12_A1\MCU_Application.axf 
".\targetBoard_M12_A1\MCU_Application.axf" - 0 Error(s), 0 Warning(s).

<h2>Software Packages used:</h2>

Package Vendor: Keil
                https://www.keil.com/pack/Keil.STM32F4xx_DFP.3.0.0.pack
                Keil::STM32F4xx_DFP@3.0.0
                STMicroelectronics STM32F4 Series Device Support

<h2>Collection of Component include folders:</h2>

<h2>Collection of Component Files used:</h2>
Build Time Elapsed:  00:00:03
</pre>
</body>
</html>
