<html>
<body>
<pre>
<h1>µVision Build Log</h1>
<h2>Tool Versions:</h2>
IDE-Version: ¦ÌVision V5.42.0.0
Copyright (C) 2025 ARM Ltd and ARM Germany GmbH. All rights reserved.
License Information: 1 1, 1, LIC=PE7DL-0SZMZ-016P1-C81TA-QL62A-TMCDT
 
Tool Versions:
Toolchain:       MDK-ARM Plus  Version: 5.42.0.0
Toolchain Path:  C:\Keil_v5\ARM\ARMCC\Bin
C Compiler:      Armcc.exe V5.06 update 6 (build 750)
Assembler:       Armasm.exe V5.06 update 6 (build 750)
Linker/Locator:  ArmLink.exe V5.06 update 6 (build 750)
Library Manager: ArmAr.exe V5.06 update 6 (build 750)
Hex Converter:   FromElf.exe V5.06 update 6 (build 750)
CPU DLL:         SARMCM3.DLL V5.42.0.0
Dialog DLL:      DCM.DLL V1.17.5.0
Target DLL:      STLink\ST-LINKIII-KEIL_SWO.dll V3.3.0.0
Dialog DLL:      TCM.DLL V1.56.6.0
 
<h2>Project:</h2>
D:\GitHub\dwLaser_Application\MCU_Application\targetBoard_G5_TRI_A1\MDK-ARM\targetBoard_G5_TRI_A1.uvprojx
Project File Date:  09/16/2025

<h2>Output:</h2>
*** Using Compiler 'V5.06 update 6 (build 750)', folder: 'C:\Keil_v5\ARM\ARMCC\Bin'
Build target 'targetBoard_G5_TRI_A1'
compiling sPlcMisc.c...
compiling hmiUserUart.c...
compiling dcHmiNotifyReadRTC.c...
compiling sPlcLaser.c...
compiling dcHmiLanguage.c...
compiling hmiCmdQueue.c...
compiling sPlcSpeaker.c...
compiling freertos.c...
compiling hmiDriver.c...
compiling dcHmiNotifyProgress.c...
compiling dcHmiNotifyText.c...
compiling MainAppLib.c...
compiling MainApp.c...
compiling preSchemeDual_1470.c...
compiling preSchemeDual_1940.c...
compiling dcHmiNotifyButton.c...
compiling preSchemeTrip.c...
compiling dcHmiApp.c...
..\..\MainApp\dcHmiApp.c(2443): warning:  #177-D: variable "pidOutPut"  was declared but never referenced
  	float pidOutPut;
..\..\MainApp\dcHmiApp.c: 1 warning, 0 errors
linking...
Program Size: Code=168852 RO-data=6160 RW-data=552 ZI-data=170000  
FromELF: creating hex file...
After Build - User command #1: D:\GitHub\dwLaser_Application\MCU_Application\targetBoard_G5_TRI_A1\MDK-ARM\convert.bat
D:\GitHub\dwLaser_Application\MCU_Application\targetBoard_G5_TRI_A1\MDK-ARM>del ld_mcu.bin 
D:\GitHub\dwLaser_Application\MCU_Application\targetBoard_G5_TRI_A1\MDK-ARM>C:\Keil_v5\ARM\ARMCC\bin\fromelf   --bin --output   .\ld_mcu.bin   .\targetBoard_G5_TRI_A1\targetBoard_G5_TRI_A1.axf 
".\targetBoard_G5_TRI_A1\targetBoard_G5_TRI_A1.axf" - 0 Error(s), 1 Warning(s).

<h2>Software Packages used:</h2>

Package Vendor: ARM
                https://www.keil.com/pack/ARM.CMSIS.6.2.0.pack
                ARM::CMSIS@6.2.0
                CMSIS (Common Microcontroller Software Interface Standard)
   * Component: CORE Version: 6.1.1

Package Vendor: Keil
                https://www.keil.com/pack/Keil.STM32F4xx_DFP.3.0.0.pack
                Keil::STM32F4xx_DFP@3.0.0
                STMicroelectronics STM32F4 Series Device Support

<h2>Collection of Component include folders:</h2>
  ./RTE/_targetBoard_G5_TRI_A1
  C:/Users/linqi/AppData/Local/Arm/Packs/ARM/CMSIS/6.2.0/CMSIS/Core/Include

<h2>Collection of Component Files used:</h2>

   * Component: ARM::CMSIS:CORE@6.1.1
      Include file:  CMSIS/Core/Include/tz_context.h
Build Time Elapsed:  00:00:04
</pre>
</body>
</html>
