<html>
<body>
<pre>
<h1>礦ision Build Log</h1>
<h2>Tool Versions:</h2>
IDE-Version: μVision V5.42.0.0
Copyright (C) 2025 ARM Ltd and ARM Germany GmbH. All rights reserved.
License Information: 1 1, 1, LIC=PE7DL-0SZMZ-016P1-C81TA-QL62A-TMCDT
 
Tool Versions:
Toolchain:       MDK-ARM Plus  Version: 5.42.0.0
Toolchain Path:  C:\Keil_v5\ARM\ARMCC\Bin
C Compiler:      Armcc.exe V5.06 update 6 (build 750)
Assembler:       Armasm.exe V5.06 update 6 (build 750)
Linker/Locator:  ArmLink.exe V5.06 update 6 (build 750)
Library Manager: ArmAr.exe V5.06 update 6 (build 750)
Hex Converter:   FromElf.exe V5.06 update 6 (build 750)
CPU DLL:         SARMCM3.DLL V5.42.0.0
Dialog DLL:      DCM.DLL V1.17.5.0
Target DLL:      STLink\ST-LINKIII-KEIL_SWO.dll V3.3.0.0
Dialog DLL:      TCM.DLL V1.56.6.0
 
<h2>Project:</h2>
D:\GitHub\dwLaser_Application\MCU_Bootloader\targetBoard_M12_A1\MDK-ARM\targetBoard_M12_A1.uvprojx
Project File Date:  05/19/2025

<h2>Output:</h2>
*** Using Compiler 'V5.06 update 6 (build 750)', folder: 'C:\Keil_v5\ARM\ARMCC\Bin'
Build target 'targetBoard_M12_A1'
compiling bootLoader.c...
..\..\Bootloader\bootLoader.c(1230): warning:  #177-D: function "dp_display_text"  was declared but never referenced
  static void dp_display_text(uint8_t *text){
..\..\Bootloader\bootLoader.c(1238): warning:  #177-D: function "dp_display_value"  was declared but never referenced
  static void dp_display_value(uint32_t value, int descriptive){
..\..\Bootloader\bootLoader.c(1254): warning:  #177-D: function "dp_display_array"  was declared but never referenced
  static void dp_display_array(uint8_t *value, int bytes, int descriptive){
..\..\Bootloader\bootLoader.c(1382): warning:  #177-D: function "epromReadByte"  was declared but never referenced
  static HAL_StatusTypeDef epromReadByte(uint16_t ReadAddr, uint8_t *rdat){//在指定地址读出8位数据
..\..\Bootloader\bootLoader.c(1403): warning:  #177-D: function "epromReadHword"  was declared but never referenced
  static HAL_StatusTypeDef epromReadHword(uint16_t ReadAddr, uint16_t *rdat){//在指定地址开始读出16位数
..\..\Bootloader\bootLoader.c(1468): warning:  #177-D: function "epromWriteHword"  was declared but never referenced
  static HAL_StatusTypeDef epromWriteHword(uint16_t WriteAddr, uint16_t *wdat){//在的指定地址开始写入16位数
..\..\Bootloader\bootLoader.c: 6 warnings, 0 errors
linking...
Program Size: Code=60648 RO-data=4380 RW-data=224 ZI-data=46872  
FromELF: creating hex file...
"targetBoard_M12_A1\targetBoard_M12_A1.axf" - 0 Error(s), 6 Warning(s).

<h2>Software Packages used:</h2>

Package Vendor: ARM
                https://www.keil.com/pack/ARM.CMSIS.6.1.0.pack
                ARM::CMSIS@6.1.0
                CMSIS (Common Microcontroller Software Interface Standard)
   * Component: CORE Version: 6.1.0

Package Vendor: Keil
                https://www.keil.com/pack/Keil.STM32F4xx_DFP.3.0.0.pack
                Keil::STM32F4xx_DFP@3.0.0
                STMicroelectronics STM32F4 Series Device Support

<h2>Collection of Component include folders:</h2>
  ./RTE/_targetBoard_M12_A1
  C:/Users/linqi/AppData/Local/Arm/Packs/ARM/CMSIS/6.1.0/CMSIS/Core/Include

<h2>Collection of Component Files used:</h2>

   * Component: ARM::CMSIS:CORE@6.1.0
      Include file:  CMSIS/Core/Include/tz_context.h
Build Time Elapsed:  00:00:01
</pre>
</body>
</html>
