<html>
<body>
<pre>
<h1>µVision Build Log</h1>
<h2>Tool Versions:</h2>
IDE-Version: ¦ÌVision V5.43.1.0
Copyright (C) 2025 ARM Ltd and ARM Germany GmbH. All rights reserved.
License Information: 1 1, 11, LIC=TIVNB-2QE7Y-RA4DM-XSTJG-DBAK3-5AEMH
 
Tool Versions:
Toolchain:       MDK-ARM Plus  Version: 5.43.0.0
Toolchain Path:  C:\Keil_v5\ARM\ARMCC\Bin
C Compiler:      Armcc.exe V5.06 update 7 (build 960)
Assembler:       Armasm.exe V5.06 update 7 (build 960)
Linker/Locator:  ArmLink.exe V5.06 update 7 (build 960)
Library Manager: ArmAr.exe V5.06 update 7 (build 960)
Hex Converter:   FromElf.exe V5.06 update 7 (build 960)
CPU DLL:         SARMCM3.DLL V5.43.0.0
Dialog DLL:      DCM.DLL V1.17.5.0
Target DLL:      STLink\ST-LINKIII-KEIL_SWO.dll V3.3.1.0
Dialog DLL:      TCM.DLL V1.56.6.0
 
<h2>Project:</h2>
D:\GitHub\dwLaser_Application\MCU_Bootloader\targetBoard_M450_RASPI_20260106\MDK-ARM\targetBoard_M450_RASPI_20260106.uvprojx
Project File Date:  04/22/2026

<h2>Output:</h2>
*** Using Compiler 'V5.06 update 7 (build 960)', folder: 'C:\Keil_v5\ARM\ARMCC\Bin'
Build target 'targetBoard_M450_RASPI_20260106'
compiling tim.c...
compiling gpio.c...
compiling rng.c...
compiling dma.c...
compiling stm32f4xx_hal_hcd.c...
compiling spi.c...
compiling usb_host.c...
compiling dac.c...
compiling fatfs.c...
compiling stm32f4xx_hal_timebase_tim.c...
compiling usbh_conf.c...
compiling i2c.c...
compiling stm32f4xx_it.c...
compiling usbh_diskio.c...
compiling stm32f4xx_hal_msp.c...
compiling adc.c...
compiling can.c...
compiling usbh_platform.c...
compiling crc.c...
compiling usart.c...
compiling stm32f4xx_hal_tim_ex.c...
compiling main.c...
../Core/Src/main.c(138): warning:  #223-D: function "bootLoadProcess" declared implicitly
  		bootLoadProcess();
../Core/Src/main.c: 1 warning, 0 errors
compiling stm32f4xx_ll_usb.c...
compiling stm32f4xx_hal_tim.c...
compiling stm32f4xx_hal_flash_ex.c...
compiling stm32f4xx_hal_rcc_ex.c...
compiling stm32f4xx_hal_rcc.c...
compiling stm32f4xx_hal_flash.c...
compiling stm32f4xx_hal_flash_ramfunc.c...
compiling stm32f4xx_hal_cortex.c...
compiling stm32f4xx_hal_pwr.c...
compiling stm32f4xx_hal_dma_ex.c...
compiling stm32f4xx_hal_gpio.c...
compiling stm32f4xx_hal_pwr_ex.c...
compiling stm32f4xx_hal_dac.c...
compiling stm32f4xx_hal_dma.c...
compiling stm32f4xx_hal_crc.c...
compiling stm32f4xx_hal_exti.c...
compiling stm32f4xx_hal_i2c_ex.c...
compiling stm32f4xx_hal_dac_ex.c...
compiling stm32f4xx_hal_rng.c...
compiling stm32f4xx_hal_can.c...
compiling stm32f4xx_hal.c...
compiling stm32f4xx_hal_adc.c...
compiling stm32f4xx_hal_adc_ex.c...
compiling stm32f4xx_hal_spi.c...
compiling stm32f4xx_hal_uart.c...
compiling stm32f4xx_hal_i2c.c...
compiling system_stm32f4xx.c...
compiling ff_gen_drv.c...
compiling flash_if.c...
compiling usbh_pipes.c...
compiling usbh_ioreq.c...
compiling libcrc.c...
compiling diskio.c...
compiling ccsbcs.c...
compiling usbh_msc_bot.c...
compiling usbh_msc_scsi.c...
compiling usbh_core.c...
compiling syscall.c...
compiling usbh_msc.c...
compiling usbh_ctlreq.c...
compiling libdbg.c...
compiling ff.c...
compiling libcpu.c...
compiling bootLoader.c...
compiling sPlcEprom.c...
linking...
Program Size: Code=59144 RO-data=5884 RW-data=252 ZI-data=46212  
FromELF: creating hex file...
"targetBoard_M450_RASPI_20260106\targetBoard_M450_RASPI_20260106.axf" - 0 Error(s), 1 Warning(s).

<h2>Software Packages used:</h2>

Package Vendor: ARM
                https://www.keil.com/pack/ARM.CMSIS.6.2.0.pack
                ARM::CMSIS@6.2.0
                CMSIS (Common Microcontroller Software Interface Standard)
   * Component: CORE Version: 6.1.1

Package Vendor: Keil
                https://www.keil.com/pack/Keil.STM32F4xx_DFP.3.1.1.pack
                Keil::STM32F4xx_DFP@3.1.1
                STMicroelectronics STM32F4 Series Device Support

<h2>Collection of Component include folders:</h2>
  ./RTE/_targetBoard_M450_RASPI_20260106
  C:/Users/linqi/AppData/Local/Arm/Packs/ARM/CMSIS/6.2.0/CMSIS/Core/Include

<h2>Collection of Component Files used:</h2>

   * Component: ARM::CMSIS:CORE@6.1.1
      Include file:  CMSIS/Core/Include/tz_context.h
Build Time Elapsed:  00:00:11
</pre>
</body>
</html>
